Archive member included because of file (symbol)

./core.a(delay.c.o)           project/AlfoxMainV1.cpp.o (millis)
./core.a(Stream.cpp.o)        project/../../src/Bluetooth.cpp.o (Stream::readStringUntil(char))
./core.a(new.cpp.o)           project/AlfoxMainV1.cpp.o (operator new(unsigned int))
./core.a(hooks.c.o)           ./core.a(delay.c.o) (yield)
./core.a(abi.cpp.o)           libraries/I2S/src/I2S.cpp.o (__cxa_pure_virtual)
./core.a(cortex_handlers.c.o)
                              (Reset_Handler)
./core.a(wiring_analog.c.o)   project/../../src/LedTri.cpp.o (analogWrite)
./core.a(samd21_host.c.o)     libraries/USBHost/src/Usb.cpp.o (UHD_Init)
./core.a(PluggableUSB.cpp.o)  libraries/HID/HID.cpp.o (PluggableUSB_::plug(PluggableUSBModule*))
./core.a(USBCore.cpp.o)       libraries/Arduino_Low_Power/1.2.1/src/samd/ArduinoLowPower.cpp.o (USBDeviceClass::standby())
./core.a(CDC.cpp.o)           project/../../src/CarteSD.cpp.o (Serial_::write(unsigned char))
./core.a(wiring_digital.c.o)  project/../../src/Bluetooth.cpp.o (pinMode)
./core.a(wiring.c.o)          libraries/I2S/src/I2S.cpp.o (SystemCoreClock)
./core.a(Print.cpp.o)         libraries/I2S/src/I2S.cpp.o (Print::write(unsigned char const*, unsigned int))
./core.a(startup.c.o)         ./core.a(cortex_handlers.c.o) (SystemInit)
./core.a(main.cpp.o)          /home/snir2g2/.arduinocdt/packages/arduino/tools/arm-none-eabi-gcc/4.8.3-2014q1/bin/../lib/gcc/arm-none-eabi/4.8.3/../../../../arm-none-eabi/lib/armv6-m/crt0.o (main)
./core.a(WInterrupts.c.o)     libraries/Arduino_Low_Power/1.2.1/src/samd/ArduinoLowPower.cpp.o (attachInterrupt)
./core.a(SERCOM.cpp.o)        libraries/SPI/SPI.cpp.o (SERCOM::initSPIClock(SercomSpiClockMode, unsigned long))
./core.a(wiring_private.c.o)  project/../../src/Bluetooth.cpp.o (pinPeripheral)
./core.a(Uart.cpp.o)          project/../../src/Bluetooth.cpp.o (Uart::Uart(SERCOM*, unsigned char, unsigned char, SercomRXPad, SercomUartTXPad))
./core.a(WString.cpp.o)       project/../../src/Bluetooth.cpp.o (String::~String())
./core.a(Reset.cpp.o)         ./core.a(CDC.cpp.o) (initiateReset)
./core.a(variant.cpp.o)       project/../../src/GPS.cpp.o (Serial1)
./core.a(itoa.c.o)            ./core.a(WString.cpp.o) (ltoa)
./core.a(dtostrf.c.o)         ./core.a(WString.cpp.o) (dtostrf)
/home/snir2g2/.arduinocdt/packages/arduino/tools/arm-none-eabi-gcc/4.8.3-2014q1/bin/../lib/gcc/arm-none-eabi/4.8.3/../../../../arm-none-eabi/lib/armv6-m/libstdc++_s.a(atexit_arm.o)
                              libraries/I2S/src/utility/DMA.cpp.o (__aeabi_atexit)
/home/snir2g2/.arduinocdt/packages/arduino/tools/arm-none-eabi-gcc/4.8.3-2014q1/bin/../lib/gcc/arm-none-eabi/4.8.3/../../../../arm-none-eabi/lib/armv6-m/libm.a(lib_a-s_fpclassify.o)
                              ./core.a(Print.cpp.o) (__fpclassifyd)
/home/snir2g2/.arduinocdt/packages/arduino/tools/arm-none-eabi-gcc/4.8.3-2014q1/bin/../lib/gcc/arm-none-eabi/4.8.3/../../../../arm-none-eabi/lib/armv6-m/libm.a(lib_a-w_fmod.o)
                              libraries/Adafruit_GPS_Library/1.0.3/Adafruit_GPS.cpp.o (fmod)
/home/snir2g2/.arduinocdt/packages/arduino/tools/arm-none-eabi-gcc/4.8.3-2014q1/bin/../lib/gcc/arm-none-eabi/4.8.3/../../../../arm-none-eabi/lib/armv6-m/libm.a(lib_a-e_fmod.o)
                              /home/snir2g2/.arduinocdt/packages/arduino/tools/arm-none-eabi-gcc/4.8.3-2014q1/bin/../lib/gcc/arm-none-eabi/4.8.3/../../../../arm-none-eabi/lib/armv6-m/libm.a(lib_a-w_fmod.o) (__ieee754_fmod)
/home/snir2g2/.arduinocdt/packages/arduino/tools/arm-none-eabi-gcc/4.8.3-2014q1/bin/../lib/gcc/arm-none-eabi/4.8.3/../../../../arm-none-eabi/lib/armv6-m/libm.a(lib_a-s_lib_ver.o)
                              /home/snir2g2/.arduinocdt/packages/arduino/tools/arm-none-eabi-gcc/4.8.3-2014q1/bin/../lib/gcc/arm-none-eabi/4.8.3/../../../../arm-none-eabi/lib/armv6-m/libm.a(lib_a-w_fmod.o) (__fdlib_version)
/home/snir2g2/.arduinocdt/packages/arduino/tools/arm-none-eabi-gcc/4.8.3-2014q1/bin/../lib/gcc/arm-none-eabi/4.8.3/../../../../arm-none-eabi/lib/armv6-m/libm.a(lib_a-s_matherr.o)
                              /home/snir2g2/.arduinocdt/packages/arduino/tools/arm-none-eabi-gcc/4.8.3-2014q1/bin/../lib/gcc/arm-none-eabi/4.8.3/../../../../arm-none-eabi/lib/armv6-m/libm.a(lib_a-w_fmod.o) (matherr)
/home/snir2g2/.arduinocdt/packages/arduino/tools/arm-none-eabi-gcc/4.8.3-2014q1/bin/../lib/gcc/arm-none-eabi/4.8.3/armv6-m/libgcc.a(_thumb1_case_uqi.o)
                              project/../../src/LedTri.cpp.o (__gnu_thumb1_case_uqi)
/home/snir2g2/.arduinocdt/packages/arduino/tools/arm-none-eabi-gcc/4.8.3-2014q1/bin/../lib/gcc/arm-none-eabi/4.8.3/armv6-m/libgcc.a(_udivsi3.o)
                              project/../../src/OBD2.cpp.o (__aeabi_uidiv)
/home/snir2g2/.arduinocdt/packages/arduino/tools/arm-none-eabi-gcc/4.8.3-2014q1/bin/../lib/gcc/arm-none-eabi/4.8.3/armv6-m/libgcc.a(_divsi3.o)
                              project/../../src/DonneesTR.cpp.o (__aeabi_idiv)
[...]
Memory Configuration

Name             Origin             Length             Attributes
FLASH            0x0000000000002000 0x000000000003e000 xr
RAM              0x0000000020000000 0x0000000000008000 xrw
*default*        0x0000000000000000 0xffffffffffffffff

Linker script and memory map

LOAD /home/snir2g2/.arduinocdt/packages/arduino/tools/arm-none-eabi-gcc/4.8.3-2014q1/bin/../lib/gcc/arm-none-eabi/4.8.3/armv6-m/crti.o
LOAD /home/snir2g2/.arduinocdt/packages/arduino/tools/arm-none-eabi-gcc/4.8.3-2014q1/bin/../lib/gcc/arm-none-eabi/4.8.3/armv6-m/crtbegin.o
LOAD /home/snir2g2/.arduinocdt/packages/arduino/tools/arm-none-eabi-gcc/4.8.3-2014q1/bin/../lib/gcc/arm-none-eabi/4.8.3/../../../../arm-none-eabi/lib/armv6-m/crt0.o
LOAD project/AlfoxMainV1.cpp.o
LOAD project/../../src/Bluetooth.cpp.o
LOAD project/../../src/CarteSD.cpp.o
LOAD project/../../src/DonneesTR.cpp.o
LOAD project/../../src/GPS.cpp.o
LOAD project/../../src/HTR.cpp.o
LOAD project/../../src/LedTri.cpp.o
LOAD project/../../src/LiaisonSimulateur.cpp.o
LOAD project/../../src/Message.cpp.o
LOAD project/../../src/OBD2.cpp.o
LOAD project/../../src/SigfoxArduino.cpp.o
LOAD libraries/SPI/SPI.cpp.o
LOAD libraries/Time/1.5.0/Time.cpp.o
LOAD libraries/Time/1.5.0/DateStrings.cpp.o
LOAD libraries/I2S/src/utility/I2SDoubleBuffer.cpp.o
LOAD libraries/I2S/src/utility/DMA.cpp.o
LOAD libraries/I2S/src/I2S.cpp.o
LOAD libraries/SDU/src/SDU.cpp.o
LOAD libraries/HID/HID.cpp.o
LOAD libraries/SD/1.2.3/src/File.cpp.o
LOAD libraries/SD/1.2.3/src/SD.cpp.o
LOAD libraries/SD/1.2.3/src/utility/SdFile.cpp.o
LOAD libraries/SD/1.2.3/src/utility/Sd2Card.cpp.o
LOAD libraries/SD/1.2.3/src/utility/SdVolume.cpp.o
LOAD libraries/Wire/Wire.cpp.o
LOAD libraries/SAMD_AnalogCorrection/src/SAMD_AnalogCorrection.cpp.o
LOAD libraries/USBHost/src/parsetools.cpp.o
LOAD libraries/USBHost/src/message.cpp.o
LOAD libraries/USBHost/src/Usb.cpp.o
LOAD libraries/USBHost/src/KeyboardController.cpp.o
LOAD libraries/USBHost/src/hidboot.cpp.o
LOAD libraries/USBHost/src/hidescriptorparser.cpp.o
LOAD libraries/USBHost/src/usbhub.cpp.o
LOAD libraries/USBHost/src/MouseController.cpp.o
LOAD libraries/USBHost/src/adk.cpp.o
LOAD libraries/USBHost/src/hiduniversal.cpp.o
LOAD libraries/USBHost/src/hid.cpp.o
LOAD libraries/Arduino_Low_Power/1.2.1/src/nrf52/ArduinoLowPower.cpp.o
LOAD libraries/Arduino_Low_Power/1.2.1/src/samd/ArduinoLowPower.cpp.o
LOAD libraries/Adafruit_GPS_Library/1.0.3/Adafruit_GPS.cpp.o
LOAD libraries/Arduino_SigFox_for_MKRFox1200/1.0.4/src/SigFox.cpp.o
LOAD libraries/RTCZero/1.5.3/src/RTCZero.cpp.o
START GROUP
LOAD /home/snir2g2/.arduinocdt/packages/arduino/tools/CMSIS/4.5.0/CMSIS/Lib/GCC//libarm_cortexM0l_math.a
LOAD ./core.a
END GROUP
LOAD /home/snir2g2/.arduinocdt/packages/arduino/tools/arm-none-eabi-gcc/4.8.3-2014q1/bin/../lib/gcc/arm-none-eabi/4.8.3/../../../../arm-none-eabi/lib/armv6-m/libstdc++_s.a
LOAD /home/snir2g2/.arduinocdt/packages/arduino/tools/arm-none-eabi-gcc/4.8.3-2014q1/bin/../lib/gcc/arm-none-eabi/4.8.3/../../../../arm-none-eabi/lib/armv6-m/libm.a
START GROUP
LOAD /home/snir2g2/.arduinocdt/packages/arduino/tools/arm-none-eabi-gcc/4.8.3-2014q1/bin/../lib/gcc/arm-none-eabi/4.8.3/armv6-m/libgcc.a
LOAD /home/snir2g2/.arduinocdt/packages/arduino/tools/arm-none-eabi-gcc/4.8.3-2014q1/bin/../lib/gcc/arm-none-eabi/4.8.3/../../../../arm-none-eabi/lib/armv6-m/libc_s.a
END GROUP
START GROUP
LOAD /home/snir2g2/.arduinocdt/packages/arduino/tools/arm-none-eabi-gcc/4.8.3-2014q1/bin/../lib/gcc/arm-none-eabi/4.8.3/armv6-m/libgcc.a
LOAD /home/snir2g2/.arduinocdt/packages/arduino/tools/arm-none-eabi-gcc/4.8.3-2014q1/bin/../lib/gcc/arm-none-eabi/4.8.3/../../../../arm-none-eabi/lib/armv6-m/libc_s.a
LOAD /home/snir2g2/.arduinocdt/packages/arduino/tools/arm-none-eabi-gcc/4.8.3-2014q1/bin/../lib/gcc/arm-none-eabi/4.8.3/../../../../arm-none-eabi/lib/armv6-m/libnosys.a
END GROUP
START GROUP
LOAD /home/snir2g2/.arduinocdt/packages/arduino/tools/arm-none-eabi-gcc/4.8.3-2014q1/bin/../lib/gcc/arm-none-eabi/4.8.3/armv6-m/libgcc.a
LOAD /home/snir2g2/.arduinocdt/packages/arduino/tools/arm-none-eabi-gcc/4.8.3-2014q1/bin/../lib/gcc/arm-none-eabi/4.8.3/../../../../arm-none-eabi/lib/armv6-m/libc_s.a
LOAD /home/snir2g2/.arduinocdt/packages/arduino/tools/arm-none-eabi-gcc/4.8.3-2014q1/bin/../lib/gcc/arm-none-eabi/4.8.3/../../../../arm-none-eabi/lib/armv6-m/libnosys.a
END GROUP
LOAD /home/snir2g2/.arduinocdt/packages/arduino/tools/arm-none-eabi-gcc/4.8.3-2014q1/bin/../lib/gcc/arm-none-eabi/4.8.3/armv6-m/crtend.o
LOAD /home/snir2g2/.arduinocdt/packages/arduino/tools/arm-none-eabi-gcc/4.8.3-2014q1/bin/../lib/gcc/arm-none-eabi/4.8.3/armv6-m/crtn.o

.text           0x0000000000002000    0x12d80
                0x0000000000002000                __text_start__ = .
 *(.sketch_boot)
 .sketch_boot   0x0000000000002000     0x4000 libraries/SDU/src/SDU.cpp.o
                0x0000000000002000                sduBoot
                0x0000000000006000                . = ALIGN (0x2000)
 *(.isr_vector)
 .isr_vector    0x0000000000006000       0xb4 ./core.a(cortex_handlers.c.o)
                0x0000000000006000                exception_table
 *(.text*)
 .text          0x00000000000060b4       0x60 /home/snir2g2/.arduinocdt/packages/arduino/tools/arm-none-eabi-gcc/4.8.3-2014q1/bin/../lib/gcc/arm-none-eabi/4.8.3/armv6-m/crtbegin.o
 .text._Z9majDataTRv
                0x0000000000006114       0x8c project/AlfoxMainV1.cpp.o
                0x0000000000006114                majDataTR()
 .text._Z19sendMessageStandardv
                0x00000000000061a0       0x40 project/AlfoxMainV1.cpp.o
                0x00000000000061a0                sendMessageStandard()
 .text.loop     0x00000000000061e0       0xbc project/AlfoxMainV1.cpp.o
                0x00000000000061e0                loop
 .text.TC4_Handler
                0x000000000000629c       0x2c project/AlfoxMainV1.cpp.o
                0x000000000000629c                TC4_Handler
 .text._Z29configureInterrupt_timer4_1msv
                0x00000000000062c8       0x98 project/AlfoxMainV1.cpp.o
                0x00000000000062c8                configureInterrupt_timer4_1ms()
 .text.setup    0x0000000000006360       0xcc project/AlfoxMainV1.cpp.o
                0x0000000000006360                setup
 .text._ZN9BluetoothC2Eii
                0x000000000000642c       0x74 project/../../src/Bluetooth.cpp.o
                0x000000000000642c                Bluetooth::Bluetooth(int, int)
                0x000000000000642c                Bluetooth::Bluetooth(int, int)
 .text._ZN9Bluetooth11getInstanceEii
                0x00000000000064a0       0x28 project/../../src/Bluetooth.cpp.o
                0x00000000000064a0                Bluetooth::getInstance(int, int)
 .text._ZN5Print17availableForWriteEv
                0x00000000000064c8        0x4 project/../../src/CarteSD.cpp.o
                0x00000000000064c8                Print::availableForWrite()
 .text._ZN5Print5flushEv
                0x00000000000064cc        0x2 project/../../src/CarteSD.cpp.o
                0x00000000000064cc                Print::flush()
 .text._ZN5SDLib4FileaSEOS0_
                0x00000000000064ce       0x24 project/../../src/CarteSD.cpp.o
                0x00000000000064ce                SDLib::File::operator=(SDLib::File&&)
 *fill*         0x00000000000064f2        0x2 
 .text._ZN7CarteSDC2Ev
                0x00000000000064f4       0x88 project/../../src/CarteSD.cpp.o
                0x00000000000064f4                CarteSD::CarteSD()
                0x00000000000064f4                CarteSD::CarteSD()
 .text._ZN7CarteSD11getInstanceEv
                0x000000000000657c       0x20 project/../../src/CarteSD.cpp.o
                0x000000000000657c                CarteSD::getInstance()
 .text._ZN7CarteSD6ecrireEP9DonneesTR
                0x000000000000659c      0x1c0 project/../../src/CarteSD.cpp.o
                0x000000000000659c                CarteSD::ecrire(DonneesTR*)
 .text._ZN9DonneesTRD2Ev
                0x000000000000675c        0xc project/../../src/DonneesTR.cpp.o
                0x000000000000675c                DonneesTR::~DonneesTR()
                0x000000000000675c                DonneesTR::~DonneesTR()
 .text._ZN9DonneesTRD0Ev
                0x0000000000006768       0x18 project/../../src/DonneesTR.cpp.o
                0x0000000000006768                DonneesTR::~DonneesTR()
 .text._ZN9DonneesTRC2Ev
                0x0000000000006780       0x48 project/../../src/DonneesTR.cpp.o
                0x0000000000006780                DonneesTR::DonneesTR()
                0x0000000000006780                DonneesTR::DonneesTR()
 .text._ZN9DonneesTR15getConsoMoyenneEv
                0x00000000000067c8        0xa project/../../src/DonneesTR.cpp.o
                0x00000000000067c8                DonneesTR::getConsoMoyenne()
 .text._ZN9DonneesTR11getConsoMaxEv
                0x00000000000067d2        0xa project/../../src/DonneesTR.cpp.o
                0x00000000000067d2                DonneesTR::getConsoMax()
 .text._ZN9DonneesTR17getVitesseMoyenneEv
                0x00000000000067dc        0x4 project/../../src/DonneesTR.cpp.o
                0x00000000000067dc                DonneesTR::getVitesseMoyenne()
 .text._ZN9DonneesTR13getVitesseMaxEv
                0x00000000000067e0        0x4 project/../../src/DonneesTR.cpp.o
                0x00000000000067e0                DonneesTR::getVitesseMax()
 .text._ZN9DonneesTR14getRegimeMoyenEv
                0x00000000000067e4        0x4 project/../../src/DonneesTR.cpp.o
                0x00000000000067e4                DonneesTR::getRegimeMoyen()
 .text._ZN9DonneesTR12getRegimeMaxEv
                0x00000000000067e8        0x4 project/../../src/DonneesTR.cpp.o
                0x00000000000067e8                DonneesTR::getRegimeMax()
 .text._ZN9DonneesTR11getNbDefautEv
                0x00000000000067ec        0x4 project/../../src/DonneesTR.cpp.o
                0x00000000000067ec                DonneesTR::getNbDefaut()
 .text._ZN9DonneesTR10getDefautsEi
                0x00000000000067f0        0xa project/../../src/DonneesTR.cpp.o
                0x00000000000067f0                DonneesTR::getDefauts(int)
 .text._ZN9DonneesTR20getDistanceParcourueEv
                0x00000000000067fa        0x4 project/../../src/DonneesTR.cpp.o
                0x00000000000067fa                DonneesTR::getDistanceParcourue()
 .text._ZN9DonneesTR11setLatitudeEf
                0x00000000000067fe        0x4 project/../../src/DonneesTR.cpp.o
                0x00000000000067fe                DonneesTR::setLatitude(float)
 .text._ZN9DonneesTR12setLongitudeEf
                0x0000000000006802        0x4 project/../../src/DonneesTR.cpp.o
                0x0000000000006802                DonneesTR::setLongitude(float)
 .text._ZN9DonneesTR11getLatitudeEv
                0x0000000000006806        0x4 project/../../src/DonneesTR.cpp.o
                0x0000000000006806                DonneesTR::getLatitude()
 .text._ZN9DonneesTR12getLongitudeEv
                0x000000000000680a        0x4 project/../../src/DonneesTR.cpp.o
                0x000000000000680a                DonneesTR::getLongitude()
 .text._ZN9DonneesTR11setDatationE2tm
                0x000000000000680e        0xc project/../../src/DonneesTR.cpp.o
                0x000000000000680e                DonneesTR::setDatation(tm)
 .text._ZN9DonneesTR12getOBD2ActifEv
                0x000000000000681a        0x6 project/../../src/DonneesTR.cpp.o
                0x000000000000681a                DonneesTR::getOBD2Actif()
 .text._ZN9DonneesTR17getBluetoothActifEv
                0x0000000000006820        0x6 project/../../src/DonneesTR.cpp.o
                0x0000000000006820                DonneesTR::getBluetoothActif()
 *fill*         0x0000000000006826        0x2 
 .text._ZN3GPSC2Ev
                0x0000000000006828       0x64 project/../../src/GPS.cpp.o
                0x0000000000006828                GPS::GPS()
                0x0000000000006828                GPS::GPS()
 .text._ZN3GPS11getInstanceEv
                0x000000000000688c       0x20 project/../../src/GPS.cpp.o
                0x000000000000688c                GPS::getInstance()
 .text._ZN3GPS3majEv
                0x00000000000068ac       0x5a project/../../src/GPS.cpp.o
                0x00000000000068ac                GPS::maj()
 .text._ZN3GPS8readDATAEv
                0x0000000000006906        0xa project/../../src/GPS.cpp.o
                0x0000000000006906                GPS::readDATA()
 .text._ZN3GPS7isDispoEv
                0x0000000000006910       0x10 project/../../src/GPS.cpp.o
                0x0000000000006910                GPS::isDispo()
 .text._ZN3HTR11setDatationE2tm
                0x0000000000006920       0x24 project/../../src/HTR.cpp.o
                0x0000000000006920                HTR::setDatation(tm)
 .text._ZN3HTR11getDatationEv
                0x0000000000006944       0x12 project/../../src/HTR.cpp.o
                0x0000000000006944                HTR::getDatation()
 *fill*         0x0000000000006956        0x2 
 .text._ZN3HTR11majDatationEm
                0x0000000000006958       0xd4 project/../../src/HTR.cpp.o
                0x0000000000006958                HTR::majDatation(unsigned long)
 .text._ZN3HTR11getInstanceEv
                0x0000000000006a2c       0x1c project/../../src/HTR.cpp.o
                0x0000000000006a2c                HTR::getInstance()
 .text._ZN7Message6normalEP9DonneesTRPh
                0x0000000000006a48       0xf0 project/../../src/Message.cpp.o
                0x0000000000006a48                Message::normal(DonneesTR*, unsigned char*)
 .text._ZN7Message7degradeEP9DonneesTRPh
                0x0000000000006b38       0x7c project/../../src/Message.cpp.o
                0x0000000000006b38                Message::degrade(DonneesTR*, unsigned char*)
 *fill*         0x0000000000006bb4        0x4 
 .text._ZN7Message3gpsEP9DonneesTRPh
                0x0000000000006bb8      0x1a0 project/../../src/Message.cpp.o
                0x0000000000006bb8                Message::gps(DonneesTR*, unsigned char*)
 .text._ZN7Message6dmdGPSEP9DonneesTRPh
                0x0000000000006d58       0x18 project/../../src/Message.cpp.o
                0x0000000000006d58                Message::dmdGPS(DonneesTR*, unsigned char*)
 .text._ZN7Message6dormirEP9DonneesTRPh
                0x0000000000006d70       0x18 project/../../src/Message.cpp.o
                0x0000000000006d70                Message::dormir(DonneesTR*, unsigned char*)
 .text._ZN7Message4initEP9DonneesTRPh
                0x0000000000006d88       0x18 project/../../src/Message.cpp.o
                0x0000000000006d88                Message::init(DonneesTR*, unsigned char*)
 .text._ZN7Message7nouveauE4EtatP9DonneesTRPh
                0x0000000000006da0       0x50 project/../../src/Message.cpp.o
                0x0000000000006da0                Message::nouveau(Etat, DonneesTR*, unsigned char*)
 .text._ZN13SigfoxArduino11getInstanceEv
                0x0000000000006df0       0x1c project/../../src/SigfoxArduino.cpp.o
                0x0000000000006df0                SigfoxArduino::getInstance()
 .text._ZN13SigfoxArduino7envoyerEPh
                0x0000000000006e0c       0x38 project/../../src/SigfoxArduino.cpp.o
                0x0000000000006e0c                SigfoxArduino::envoyer(unsigned char*)
 .text._ZN8SPIClass4initEv
                0x0000000000006e44       0x12 libraries/SPI/SPI.cpp.o
                0x0000000000006e44                SPIClass::init()
 .text._ZN8SPIClass6configE11SPISettings
                0x0000000000006e56       0x36 libraries/SPI/SPI.cpp.o
                0x0000000000006e56                SPIClass::config(SPISettings)
 .text._ZN8SPIClass5beginEv
                0x0000000000006e8c       0x50 libraries/SPI/SPI.cpp.o
                0x0000000000006e8c                SPIClass::begin()
 .text._ZN8SPIClass16beginTransactionE11SPISettings
                0x0000000000006edc       0x38 libraries/SPI/SPI.cpp.o
                0x0000000000006edc                SPIClass::beginTransaction(SPISettings)
 .text._ZN8SPIClass14endTransactionEv
                0x0000000000006f14       0x24 libraries/SPI/SPI.cpp.o
                0x0000000000006f14                SPIClass::endTransaction()
 .text._ZN8SPIClass11setBitOrderE8BitOrder
                0x0000000000006f38       0x14 libraries/SPI/SPI.cpp.o
                0x0000000000006f38                SPIClass::setBitOrder(BitOrder)
 .text._ZN8SPIClass11setDataModeEh
                0x0000000000006f4c       0x30 libraries/SPI/SPI.cpp.o
                0x0000000000006f4c                SPIClass::setDataMode(unsigned char)
 .text._ZN8SPIClass8transferEh
                0x0000000000006f7c        0xa libraries/SPI/SPI.cpp.o
                0x0000000000006f7c                SPIClass::transfer(unsigned char)
 .text._ZN8SPIClass8transferEPvj
                0x0000000000006f86       0x1c libraries/SPI/SPI.cpp.o
                0x0000000000006f86                SPIClass::transfer(void*, unsigned int)
 *fill*         0x0000000000006fa2        0x2 
 .text.startup._GLOBAL__sub_I__ZN8SPIClassC2EP6SERCOMhhh14SercomSpiTXPad11SercomRXPad
                0x0000000000006fa4       0x58 libraries/SPI/SPI.cpp.o
 .text._ZN15I2SDoubleBufferD2Ev
                0x0000000000006ffc        0xc libraries/I2S/src/utility/I2SDoubleBuffer.cpp.o
                0x0000000000006ffc                I2SDoubleBuffer::~I2SDoubleBuffer()
                0x0000000000006ffc                I2SDoubleBuffer::~I2SDoubleBuffer()
 .text._ZN15I2SDoubleBufferD0Ev
                0x0000000000007008       0x18 libraries/I2S/src/utility/I2SDoubleBuffer.cpp.o
                0x0000000000007008                I2SDoubleBuffer::~I2SDoubleBuffer()
 .text._ZN15I2SDoubleBuffer5resetEv
                0x0000000000007020       0x28 libraries/I2S/src/utility/I2SDoubleBuffer.cpp.o
                0x0000000000007020                I2SDoubleBuffer::reset()
 .text._ZN15I2SDoubleBufferC2Ev
                0x0000000000007048       0x18 libraries/I2S/src/utility/I2SDoubleBuffer.cpp.o
                0x0000000000007048                I2SDoubleBuffer::I2SDoubleBuffer()
                0x0000000000007048                I2SDoubleBuffer::I2SDoubleBuffer()
 .text._ZN15I2SDoubleBuffer17availableForWriteEv
                0x0000000000007060       0x28 libraries/I2S/src/utility/I2SDoubleBuffer.cpp.o
                0x0000000000007060                I2SDoubleBuffer::availableForWrite()
 .text._ZN15I2SDoubleBuffer5writeEPKvj
                0x0000000000007088       0x54 libraries/I2S/src/utility/I2SDoubleBuffer.cpp.o
                0x0000000000007088                I2SDoubleBuffer::write(void const*, unsigned int)
 .text._ZN15I2SDoubleBuffer4readEPvj
                0x00000000000070dc       0x64 libraries/I2S/src/utility/I2SDoubleBuffer.cpp.o
                0x00000000000070dc                I2SDoubleBuffer::read(void*, unsigned int)
 .text._ZN15I2SDoubleBuffer4peekEPvj
                0x0000000000007140       0x54 libraries/I2S/src/utility/I2SDoubleBuffer.cpp.o
                0x0000000000007140                I2SDoubleBuffer::peek(void*, unsigned int)
 .text._ZN15I2SDoubleBuffer4dataEv
                0x0000000000007194       0x10 libraries/I2S/src/utility/I2SDoubleBuffer.cpp.o
                0x0000000000007194                I2SDoubleBuffer::data()
 .text._ZN15I2SDoubleBuffer9availableEv
                0x00000000000071a4       0x24 libraries/I2S/src/utility/I2SDoubleBuffer.cpp.o
                0x00000000000071a4                I2SDoubleBuffer::available()
 .text._ZN15I2SDoubleBuffer4swapEi
                0x00000000000071c8       0x30 libraries/I2S/src/utility/I2SDoubleBuffer.cpp.o
                0x00000000000071c8                I2SDoubleBuffer::swap(int)
 .text._ZN8DMAClassD2Ev
                0x00000000000071f8        0xc libraries/I2S/src/utility/DMA.cpp.o
                0x00000000000071f8                DMAClass::~DMAClass()
                0x00000000000071f8                DMAClass::~DMAClass()
 .text._ZN8DMAClassD0Ev
                0x0000000000007204       0x18 libraries/I2S/src/utility/DMA.cpp.o
                0x0000000000007204                DMAClass::~DMAClass()
 .text._ZN8DMAClassC2Ev
                0x000000000000721c       0x48 libraries/I2S/src/utility/DMA.cpp.o
                0x000000000000721c                DMAClass::DMAClass()
                0x000000000000721c                DMAClass::DMAClass()
 .text._ZN8DMAClass16setTriggerSourceEii
                0x0000000000007264       0x50 libraries/I2S/src/utility/DMA.cpp.o
                0x0000000000007264                DMAClass::setTriggerSource(int, int)
 .text._ZN8DMAClass16setTransferWidthEii
                0x00000000000072b4       0x30 libraries/I2S/src/utility/DMA.cpp.o
                0x00000000000072b4                DMAClass::setTransferWidth(int, int)
 .text._ZN8DMAClass6incSrcEi
                0x00000000000072e4       0x1a libraries/I2S/src/utility/DMA.cpp.o
                0x00000000000072e4                DMAClass::incSrc(int)
 *fill*         0x00000000000072fe        0x2 
 .text._ZN8DMAClass6incDstEi
                0x0000000000007300       0x1c libraries/I2S/src/utility/DMA.cpp.o
                0x0000000000007300                DMAClass::incDst(int)
 .text._ZN8DMAClass8transferEiPvS0_t
                0x000000000000731c       0xf4 libraries/I2S/src/utility/DMA.cpp.o
                0x000000000000731c                DMAClass::transfer(int, void*, void*, unsigned short)
 .text._ZN8DMAClass18onTransferCompleteEiPFviE
                0x0000000000007410        0x8 libraries/I2S/src/utility/DMA.cpp.o
                0x0000000000007410                DMAClass::onTransferComplete(int, void (*)(int))
 .text._ZN8DMAClass9onServiceEv
                0x0000000000007418       0x70 libraries/I2S/src/utility/DMA.cpp.o
                0x0000000000007418                DMAClass::onService()
 .text.DMAC_Handler
                0x0000000000007488       0x10 libraries/I2S/src/utility/DMA.cpp.o
                0x0000000000007488                DMAC_Handler
 .text.startup._GLOBAL__sub_I__ZN8DMAClass11_beginCountE
                0x0000000000007498       0x24 libraries/I2S/src/utility/DMA.cpp.o
 .text._ZN8I2SClass5flushEv
                0x00000000000074bc        0x2 libraries/I2S/src/I2S.cpp.o
                0x00000000000074bc                I2SClass::flush()
 .text._ZN8I2SClass4peekEv
                0x00000000000074be       0x46 libraries/I2S/src/I2S.cpp.o
                0x00000000000074be                I2SClass::peek()
 .text._ZN20I2SDevice_SAMD21G18x15enableClockUnitEi
                0x0000000000007504       0x22 libraries/I2S/src/I2S.cpp.o
                0x0000000000007504                I2SDevice_SAMD21G18x::enableClockUnit(int)
 .text._ZN20I2SDevice_SAMD21G18x16enableSerializerEi
                0x0000000000007526       0x22 libraries/I2S/src/I2S.cpp.o
                0x0000000000007526                I2SDevice_SAMD21G18x::enableSerializer(int)
 .text._ZN8I2SClassC2Ehhhhh
                0x0000000000007548       0x54 libraries/I2S/src/I2S.cpp.o
                0x0000000000007548                I2SClass::I2SClass(unsigned char, unsigned char, unsigned char, unsigned char, unsigned char)
                0x0000000000007548                I2SClass::I2SClass(unsigned char, unsigned char, unsigned char, unsigned char, unsigned char)
 .text._ZN8I2SClass17enableTransmitterEv
                0x000000000000759c       0x80 libraries/I2S/src/I2S.cpp.o
                0x000000000000759c                I2SClass::enableTransmitter()
 .text._ZN8I2SClass17availableForWriteEv
                0x000000000000761c       0x24 libraries/I2S/src/I2S.cpp.o
                0x000000000000761c                I2SClass::availableForWrite()
 .text._ZN8I2SClass5writeEl
                0x0000000000007640       0x60 libraries/I2S/src/I2S.cpp.o
                0x0000000000007640                I2SClass::write(long)
 .text._ZN8I2SClass5writeEh
                0x00000000000076a0        0x8 libraries/I2S/src/I2S.cpp.o
                0x00000000000076a0                I2SClass::write(unsigned char)
 .text._ZN8I2SClass5writeEPKvj
                0x00000000000076a8       0x98 libraries/I2S/src/I2S.cpp.o
                0x00000000000076a8                I2SClass::write(void const*, unsigned int)
 .text._ZN8I2SClass5writeEPKhj
                0x0000000000007740        0x8 libraries/I2S/src/I2S.cpp.o
                0x0000000000007740                I2SClass::write(unsigned char const*, unsigned int)
 .text._ZN8I2SClass14enableReceiverEv
                0x0000000000007748       0x7c libraries/I2S/src/I2S.cpp.o
                0x0000000000007748                I2SClass::enableReceiver()
 .text._ZN8I2SClass9availableEv
                0x00000000000077c4       0x90 libraries/I2S/src/I2S.cpp.o
                0x00000000000077c4                I2SClass::available()
 .text._ZN8I2SClass4readEPvj
                0x0000000000007854       0x98 libraries/I2S/src/I2S.cpp.o
                0x0000000000007854                I2SClass::read(void*, unsigned int)
 .text._ZN8I2SClass4readEv
                0x00000000000078ec       0x38 libraries/I2S/src/I2S.cpp.o
                0x00000000000078ec                I2SClass::read()
 .text._ZN8I2SClass18onTransferCompleteEv
                0x0000000000007924       0xc4 libraries/I2S/src/I2S.cpp.o
                0x0000000000007924                I2SClass::onTransferComplete()
 .text._ZN8I2SClass21onDmaTransferCompleteEi
                0x00000000000079e8       0x18 libraries/I2S/src/I2S.cpp.o
                0x00000000000079e8                I2SClass::onDmaTransferComplete(int)
 .text.startup._GLOBAL__sub_I__ZN8I2SClass11_beginCountE
                0x0000000000007a00       0x3c libraries/I2S/src/I2S.cpp.o
 .text._ZN8I2SClassD2Ev
                0x0000000000007a3c       0x18 libraries/I2S/src/I2S.cpp.o
                0x0000000000007a3c                I2SClass::~I2SClass()
                0x0000000000007a3c                I2SClass::~I2SClass()
 .text._ZN5SDLib4File5writeEh
                0x0000000000007a54       0x14 libraries/SD/1.2.3/src/File.cpp.o
                0x0000000000007a54                SDLib::File::write(unsigned char)
 .text._ZN5SDLib4File5writeEPKhj
                0x0000000000007a68       0x2a libraries/SD/1.2.3/src/File.cpp.o
                0x0000000000007a68                SDLib::File::write(unsigned char const*, unsigned int)
 .text._ZN5SDLib4File5flushEv
                0x0000000000007a92        0xe libraries/SD/1.2.3/src/File.cpp.o
                0x0000000000007a92                SDLib::File::flush()
 .text._ZN6SdFile4readEv
                0x0000000000007aa0       0x20 libraries/SD/1.2.3/src/File.cpp.o
                0x0000000000007aa0                SdFile::read()
 .text._ZN5SDLib4File4readEv
                0x0000000000007ac0       0x14 libraries/SD/1.2.3/src/File.cpp.o
                0x0000000000007ac0                SDLib::File::read()
 .text._ZN5SDLib4File4peekEv
                0x0000000000007ad4       0x22 libraries/SD/1.2.3/src/File.cpp.o
                0x0000000000007ad4                SDLib::File::peek()
 *fill*         0x0000000000007af6        0x2 
 .text._ZN5SDLib4FileC2E6SdFilePKc
                0x0000000000007af8       0x44 libraries/SD/1.2.3/src/File.cpp.o
                0x0000000000007af8                SDLib::File::File(SdFile, char const*)
                0x0000000000007af8                SDLib::File::File(SdFile, char const*)
 .text._ZN5SDLib4FileC2Ev
                0x0000000000007b3c       0x1c libraries/SD/1.2.3/src/File.cpp.o
                0x0000000000007b3c                SDLib::File::File()
                0x0000000000007b3c                SDLib::File::File()
 .text._ZN5SDLib4File8positionEv
                0x0000000000007b58       0x10 libraries/SD/1.2.3/src/File.cpp.o
                0x0000000000007b58                SDLib::File::position()
 .text._ZN5SDLib4File4sizeEv
                0x0000000000007b68        0xa libraries/SD/1.2.3/src/File.cpp.o
                0x0000000000007b68                SDLib::File::size()
 *fill*         0x0000000000007b72        0x2 
 .text._ZN5SDLib4File9availableEv
                0x0000000000007b74       0x28 libraries/SD/1.2.3/src/File.cpp.o
                0x0000000000007b74                SDLib::File::available()
 .text._ZN5SDLib4File5closeEv
                0x0000000000007b9c       0x1a libraries/SD/1.2.3/src/File.cpp.o
                0x0000000000007b9c                SDLib::File::close()
 .text._ZN5SDLib4FilecvbEv
                0x0000000000007bb6       0x10 libraries/SD/1.2.3/src/File.cpp.o
                0x0000000000007bb6                SDLib::File::operator bool()
 .text._ZN8SdVolume4initEP7Sd2Card
                0x0000000000007bc6       0x1e libraries/SD/1.2.3/src/SD.cpp.o
                0x0000000000007bc6                SdVolume::init(Sd2Card*)
 .text._ZN5SDLib7SDClass5beginEh
                0x0000000000007be4       0x4a libraries/SD/1.2.3/src/SD.cpp.o
                0x0000000000007be4                SDLib::SDClass::begin(unsigned char)
 *fill*         0x0000000000007c2e        0x2 
 .text._ZN6SdFileC2ERKS_
                0x0000000000007c30       0x34 libraries/SD/1.2.3/src/SD.cpp.o
                0x0000000000007c30                SdFile::SdFile(SdFile const&)
                0x0000000000007c30                SdFile::SdFile(SdFile const&)
 .text._ZN5SDLib7SDClass12getParentDirEPKcPi
                0x0000000000007c64       0xac libraries/SD/1.2.3/src/SD.cpp.o
                0x0000000000007c64                SDLib::SDClass::getParentDir(char const*, int*)
 .text._ZN5SDLib7SDClass4openEPKch
                0x0000000000007d10       0x90 libraries/SD/1.2.3/src/SD.cpp.o
                0x0000000000007d10                SDLib::SDClass::open(char const*, unsigned char)
 .text.startup._GLOBAL__sub_I__ZN5SDLib20getNextPathComponentEPKcPjPc
                0x0000000000007da0       0x2c libraries/SD/1.2.3/src/SD.cpp.o
 .text._ZN6SdFile10addClusterEv
                0x0000000000007dcc       0x2c libraries/SD/1.2.3/src/utility/SdFile.cpp.o
                0x0000000000007dcc                SdFile::addCluster()
 .text._ZN6SdFile13addDirClusterEv
                0x0000000000007df8       0x4a libraries/SD/1.2.3/src/utility/SdFile.cpp.o
                0x0000000000007df8                SdFile::addDirCluster()
 *fill*         0x0000000000007e42        0x2 
 .text._ZN6SdFile13cacheDirEntryEh
                0x0000000000007e44       0x1c libraries/SD/1.2.3/src/utility/SdFile.cpp.o
                0x0000000000007e44                SdFile::cacheDirEntry(unsigned char)
 .text._ZN6SdFile10make83NameEPKcPh
                0x0000000000007e60       0x8c libraries/SD/1.2.3/src/utility/SdFile.cpp.o
                0x0000000000007e60                SdFile::make83Name(char const*, unsigned char*)
 .text._ZN6SdFile8openRootEP8SdVolume
                0x0000000000007eec       0x52 libraries/SD/1.2.3/src/utility/SdFile.cpp.o
                0x0000000000007eec                SdFile::openRoot(SdVolume*)
 *fill*         0x0000000000007f3e        0x2 
 .text._ZN6SdFile4readEPvt
                0x0000000000007f40      0x10c libraries/SD/1.2.3/src/utility/SdFile.cpp.o
                0x0000000000007f40                SdFile::read(void*, unsigned short)
 .text._ZN6SdFile12readDirCacheEv
                0x000000000000804c       0x48 libraries/SD/1.2.3/src/utility/SdFile.cpp.o
                0x000000000000804c                SdFile::readDirCache()
 .text._ZN6SdFile7seekSetEm
                0x0000000000008094       0x64 libraries/SD/1.2.3/src/utility/SdFile.cpp.o
                0x0000000000008094                SdFile::seekSet(unsigned long)
 .text._ZN6SdFile4syncEv
                0x00000000000080f8       0x78 libraries/SD/1.2.3/src/utility/SdFile.cpp.o
                0x00000000000080f8                SdFile::sync()
 .text._ZN6SdFile5closeEv
                0x0000000000008170       0x14 libraries/SD/1.2.3/src/utility/SdFile.cpp.o
                0x0000000000008170                SdFile::close()
 .text._ZN6SdFile8truncateEm
                0x0000000000008184       0xb4 libraries/SD/1.2.3/src/utility/SdFile.cpp.o
                0x0000000000008184                SdFile::truncate(unsigned long)
 .text._ZN6SdFile15openCachedEntryEhh
                0x0000000000008238       0x98 libraries/SD/1.2.3/src/utility/SdFile.cpp.o
                0x0000000000008238                SdFile::openCachedEntry(unsigned char, unsigned char)
 .text._ZN6SdFile4openEPS_PKch
                0x00000000000082d0      0x134 libraries/SD/1.2.3/src/utility/SdFile.cpp.o
                0x00000000000082d0                SdFile::open(SdFile*, char const*, unsigned char)
 .text._ZN6SdFile5writeEPKvt
                0x0000000000008404      0x1ac libraries/SD/1.2.3/src/utility/SdFile.cpp.o
                0x0000000000008404                SdFile::write(void const*, unsigned short)
 .text._ZN6SdFile5writeEh
                0x00000000000085b0       0x12 libraries/SD/1.2.3/src/utility/SdFile.cpp.o
                0x00000000000085b0                SdFile::write(unsigned char)
 *fill*         0x00000000000085c2        0x2 
 .text._ZL7spiSendh
                0x00000000000085c4       0x10 libraries/SD/1.2.3/src/utility/Sd2Card.cpp.o
 .text._ZL6spiRecv
                0x00000000000085d4       0x10 libraries/SD/1.2.3/src/utility/Sd2Card.cpp.o
 .text._ZN7Sd2Card14chipSelectHighEv
                0x00000000000085e4       0x28 libraries/SD/1.2.3/src/utility/Sd2Card.cpp.o
                0x00000000000085e4                Sd2Card::chipSelectHigh()
 .text._ZN7Sd2Card13chipSelectLowEv
                0x000000000000860c       0x30 libraries/SD/1.2.3/src/utility/Sd2Card.cpp.o
                0x000000000000860c                Sd2Card::chipSelectLow()
 .text._ZN7Sd2Card7readEndEv
                0x000000000000863c       0x2c libraries/SD/1.2.3/src/utility/Sd2Card.cpp.o
                0x000000000000863c                Sd2Card::readEnd()
 .text._ZN7Sd2Card10setSckRateEh
                0x0000000000008668       0x6c libraries/SD/1.2.3/src/utility/Sd2Card.cpp.o
                0x0000000000008668                Sd2Card::setSckRate(unsigned char)
 .text._ZN7Sd2Card11waitNotBusyEj
                0x00000000000086d4       0x24 libraries/SD/1.2.3/src/utility/Sd2Card.cpp.o
                0x00000000000086d4                Sd2Card::waitNotBusy(unsigned int)
 .text._ZN7Sd2Card11cardCommandEhm
                0x00000000000086f8       0x64 libraries/SD/1.2.3/src/utility/Sd2Card.cpp.o
                0x00000000000086f8                Sd2Card::cardCommand(unsigned char, unsigned long)
 .text._ZN7Sd2Card4initEhh
                0x000000000000875c      0x140 libraries/SD/1.2.3/src/utility/Sd2Card.cpp.o
                0x000000000000875c                Sd2Card::init(unsigned char, unsigned char)
 .text._ZN7Sd2Card14waitStartBlockEv
                0x000000000000889c       0x3c libraries/SD/1.2.3/src/utility/Sd2Card.cpp.o
                0x000000000000889c                Sd2Card::waitStartBlock()
 .text._ZN7Sd2Card8readDataEmttPh
                0x00000000000088d8       0xac libraries/SD/1.2.3/src/utility/Sd2Card.cpp.o
                0x00000000000088d8                Sd2Card::readData(unsigned long, unsigned short, unsigned short, unsigned char*)
 .text._ZN7Sd2Card9readBlockEmPh
                0x0000000000008984       0x10 libraries/SD/1.2.3/src/utility/Sd2Card.cpp.o
                0x0000000000008984                Sd2Card::readBlock(unsigned long, unsigned char*)
 .text._ZN7Sd2Card9writeDataEhPKh
                0x0000000000008994       0x48 libraries/SD/1.2.3/src/utility/Sd2Card.cpp.o
                0x0000000000008994                Sd2Card::writeData(unsigned char, unsigned char const*)
 .text._ZN7Sd2Card10writeBlockEmPKh
                0x00000000000089dc       0x78 libraries/SD/1.2.3/src/utility/Sd2Card.cpp.o
                0x00000000000089dc                Sd2Card::writeBlock(unsigned long, unsigned char const*)
 .text.startup._GLOBAL__sub_I__ZN7Sd2Card11cardCommandEhm
                0x0000000000008a54       0x18 libraries/SD/1.2.3/src/utility/Sd2Card.cpp.o
 .text._ZN8SdVolume10cacheFlushEv
                0x0000000000008a6c       0x54 libraries/SD/1.2.3/src/utility/SdVolume.cpp.o
                0x0000000000008a6c                SdVolume::cacheFlush()
 .text._ZN8SdVolume13cacheRawBlockEmh
                0x0000000000008ac0       0x48 libraries/SD/1.2.3/src/utility/SdVolume.cpp.o
                0x0000000000008ac0                SdVolume::cacheRawBlock(unsigned long, unsigned char)
 .text._ZN8SdVolume14cacheZeroBlockEm
                0x0000000000008b08       0x3c libraries/SD/1.2.3/src/utility/SdVolume.cpp.o
                0x0000000000008b08                SdVolume::cacheZeroBlock(unsigned long)
 .text._ZNK8SdVolume6fatGetEmPm
                0x0000000000008b44       0x60 libraries/SD/1.2.3/src/utility/SdVolume.cpp.o
                0x0000000000008b44                SdVolume::fatGet(unsigned long, unsigned long*) const
 .text._ZNK8SdVolume9chainSizeEmPm
                0x0000000000008ba4       0x44 libraries/SD/1.2.3/src/utility/SdVolume.cpp.o
                0x0000000000008ba4                SdVolume::chainSize(unsigned long, unsigned long*) const
 .text._ZN8SdVolume6fatPutEmm
                0x0000000000008be8       0x88 libraries/SD/1.2.3/src/utility/SdVolume.cpp.o
                0x0000000000008be8                SdVolume::fatPut(unsigned long, unsigned long)
 .text._ZN8SdVolume15allocContiguousEmPm
                0x0000000000008c70       0xc8 libraries/SD/1.2.3/src/utility/SdVolume.cpp.o
                0x0000000000008c70                SdVolume::allocContiguous(unsigned long, unsigned long*)
 .text._ZN8SdVolume9freeChainEm
                0x0000000000008d38       0x4c libraries/SD/1.2.3/src/utility/SdVolume.cpp.o
                0x0000000000008d38                SdVolume::freeChain(unsigned long)
 .text._ZN8SdVolume4initEP7Sd2Cardh
                0x0000000000008d84      0x128 libraries/SD/1.2.3/src/utility/SdVolume.cpp.o
                0x0000000000008d84                SdVolume::init(Sd2Card*, unsigned char)
 .text._ZN7TwoWire5writeEPKhj
                0x0000000000008eac       0x24 libraries/Wire/Wire.cpp.o
                0x0000000000008eac                TwoWire::write(unsigned char const*, unsigned int)
 .text._ZN7TwoWire5flushEv
                0x0000000000008ed0        0x2 libraries/Wire/Wire.cpp.o
                0x0000000000008ed0                TwoWire::flush()
 .text._ZN7TwoWire4peekEv
                0x0000000000008ed2       0x1a libraries/Wire/Wire.cpp.o
                0x0000000000008ed2                TwoWire::peek()
 .text._ZN7TwoWire9availableEv
                0x0000000000008eec       0x12 libraries/Wire/Wire.cpp.o
                0x0000000000008eec                TwoWire::available()
 *fill*         0x0000000000008efe        0x2 
 .text._ZN7TwoWireC2EP6SERCOMhh
                0x0000000000008f00       0x5c libraries/Wire/Wire.cpp.o
                0x0000000000008f00                TwoWire::TwoWire(SERCOM*, unsigned char, unsigned char)
                0x0000000000008f00                TwoWire::TwoWire(SERCOM*, unsigned char, unsigned char)
 .text._ZN11RingBufferNILi256EE10store_charEh
                0x0000000000008f5c       0x1a libraries/Wire/Wire.cpp.o
                0x0000000000008f5c                RingBufferN<256>::store_char(unsigned char)
 .text._ZN7TwoWire5writeEh
                0x0000000000008f76       0x2a libraries/Wire/Wire.cpp.o
                0x0000000000008f76                TwoWire::write(unsigned char)
 .text._ZN11RingBufferNILi256EE9read_charEv
                0x0000000000008fa0       0x20 libraries/Wire/Wire.cpp.o
                0x0000000000008fa0                RingBufferN<256>::read_char()
 .text._ZN7TwoWire4readEv
                0x0000000000008fc0        0xa libraries/Wire/Wire.cpp.o
                0x0000000000008fc0                TwoWire::read()
 .text._ZN7TwoWire9onServiceEv
                0x0000000000008fca      0x11c libraries/Wire/Wire.cpp.o
                0x0000000000008fca                TwoWire::onService()
 *fill*         0x00000000000090e6        0x2 
 .text.SERCOM0_Handler
                0x00000000000090e8       0x10 libraries/Wire/Wire.cpp.o
                0x00000000000090e8                SERCOM0_Handler
 .text.startup._GLOBAL__sub_I__ZN7TwoWireC2EP6SERCOMhh
                0x00000000000090f8       0x18 libraries/Wire/Wire.cpp.o
 .text._ZN20ArduinoLowPowerClass5sleepEv
                0x0000000000009110       0x48 libraries/Arduino_Low_Power/1.2.1/src/samd/ArduinoLowPower.cpp.o
                0x0000000000009110                ArduinoLowPowerClass::sleep()
 .text._ZN20ArduinoLowPowerClass21attachInterruptWakeupEmPFvvEm
                0x0000000000009158       0xb4 libraries/Arduino_Low_Power/1.2.1/src/samd/ArduinoLowPower.cpp.o
                0x0000000000009158                ArduinoLowPowerClass::attachInterruptWakeup(unsigned long, void (*)(), unsigned long)
 .text._ZN20ArduinoLowPowerClass10setAlarmInEm
                0x000000000000920c       0x38 libraries/Arduino_Low_Power/1.2.1/src/samd/ArduinoLowPower.cpp.o
                0x000000000000920c                ArduinoLowPowerClass::setAlarmIn(unsigned long)
 .text._ZN20ArduinoLowPowerClass5sleepEm
                0x0000000000009244       0x10 libraries/Arduino_Low_Power/1.2.1/src/samd/ArduinoLowPower.cpp.o
                0x0000000000009244                ArduinoLowPowerClass::sleep(unsigned long)
 .text.startup._GLOBAL__sub_I__ZN20ArduinoLowPowerClass4idleEv
                0x0000000000009254       0x10 libraries/Arduino_Low_Power/1.2.1/src/samd/ArduinoLowPower.cpp.o
 .text._ZN12Adafruit_GPS4readEv
                0x0000000000009264       0x8c libraries/Adafruit_GPS_Library/1.0.3/Adafruit_GPS.cpp.o
                0x0000000000009264                Adafruit_GPS::read()
 .text._ZN12Adafruit_GPS11common_initEv
                0x00000000000092f0       0x70 libraries/Adafruit_GPS_Library/1.0.3/Adafruit_GPS.cpp.o
                0x00000000000092f0                Adafruit_GPS::common_init()
 .text._ZN12Adafruit_GPSC2EP14HardwareSerial
                0x0000000000009360       0x10 libraries/Adafruit_GPS_Library/1.0.3/Adafruit_GPS.cpp.o
                0x0000000000009360                Adafruit_GPS::Adafruit_GPS(HardwareSerial*)
                0x0000000000009360                Adafruit_GPS::Adafruit_GPS(HardwareSerial*)
 .text._ZN12Adafruit_GPS11sendCommandEPKc
                0x0000000000009370        0xa libraries/Adafruit_GPS_Library/1.0.3/Adafruit_GPS.cpp.o
                0x0000000000009370                Adafruit_GPS::sendCommand(char const*)
 *fill*         0x000000000000937a        0x2 
 .text._ZN12Adafruit_GPS15newNMEAreceivedEv
                0x000000000000937c        0xc libraries/Adafruit_GPS_Library/1.0.3/Adafruit_GPS.cpp.o
                0x000000000000937c                Adafruit_GPS::newNMEAreceived()
 .text._ZN12Adafruit_GPS8lastNMEAEv
                0x0000000000009388       0x14 libraries/Adafruit_GPS_Library/1.0.3/Adafruit_GPS.cpp.o
                0x0000000000009388                Adafruit_GPS::lastNMEA()
 .text._ZN12Adafruit_GPS8parseHexEc
                0x000000000000939c       0x1c libraries/Adafruit_GPS_Library/1.0.3/Adafruit_GPS.cpp.o
                0x000000000000939c                Adafruit_GPS::parseHex(char)
 .text._ZN12Adafruit_GPS5parseEPc
                0x00000000000093b8      0x690 libraries/Adafruit_GPS_Library/1.0.3/Adafruit_GPS.cpp.o
                0x00000000000093b8                Adafruit_GPS::parse(char*)
 .text._ZN11SIGFOXClass5flushEv
                0x0000000000009a48        0x2 libraries/Arduino_SigFox_for_MKRFox1200/1.0.4/src/SigFox.cpp.o
                0x0000000000009a48                SIGFOXClass::flush()
 .text._ZN11SIGFOXClass5writeEh
                0x0000000000009a4a       0x18 libraries/Arduino_SigFox_for_MKRFox1200/1.0.4/src/SigFox.cpp.o
                0x0000000000009a4a                SIGFOXClass::write(unsigned char)
 .text._ZN11SIGFOXClass9availableEv
                0x0000000000009a62        0x6 libraries/Arduino_SigFox_for_MKRFox1200/1.0.4/src/SigFox.cpp.o
                0x0000000000009a62                SIGFOXClass::available()
 .text._ZN11SIGFOXClass4readEv
                0x0000000000009a68       0x2c libraries/Arduino_SigFox_for_MKRFox1200/1.0.4/src/SigFox.cpp.o
                0x0000000000009a68                SIGFOXClass::read()
 .text._ZN11SIGFOXClass4peekEv
                0x0000000000009a94        0x6 libraries/Arduino_SigFox_for_MKRFox1200/1.0.4/src/SigFox.cpp.o
                0x0000000000009a94                SIGFOXClass::peek()
 .text._ZN11SIGFOXClass5writeEPKhj
                0x0000000000009a9a       0x32 libraries/Arduino_SigFox_for_MKRFox1200/1.0.4/src/SigFox.cpp.o
                0x0000000000009a9a                SIGFOXClass::write(unsigned char const*, unsigned int)
 .text._ZN11SIGFOXClass11beginPacketEv
                0x0000000000009acc        0xe libraries/Arduino_SigFox_for_MKRFox1200/1.0.4/src/SigFox.cpp.o
                0x0000000000009acc                SIGFOXClass::beginPacket()
 *fill*         0x0000000000009ada        0x2 
 .text._ZN11SIGFOXClass6statusEv
                0x0000000000009adc       0x78 libraries/Arduino_SigFox_for_MKRFox1200/1.0.4/src/SigFox.cpp.o
                0x0000000000009adc                SIGFOXClass::status()
 .text._ZN11SIGFOXClass7sendBitEb
                0x0000000000009b54       0xd0 libraries/Arduino_SigFox_for_MKRFox1200/1.0.4/src/SigFox.cpp.o
                0x0000000000009b54                SIGFOXClass::sendBit(bool)
 .text._ZN11SIGFOXClass16calibrateCrystalEv
                0x0000000000009c24       0x9c libraries/Arduino_SigFox_for_MKRFox1200/1.0.4/src/SigFox.cpp.o
                0x0000000000009c24                SIGFOXClass::calibrateCrystal()
 .text._ZN11SIGFOXClass4sendEPhib
                0x0000000000009cc0      0x1f0 libraries/Arduino_SigFox_for_MKRFox1200/1.0.4/src/SigFox.cpp.o
                0x0000000000009cc0                SIGFOXClass::send(unsigned char*, int, bool)
 .text._ZN11SIGFOXClass9endPacketEb
                0x0000000000009eb0       0x18 libraries/Arduino_SigFox_for_MKRFox1200/1.0.4/src/SigFox.cpp.o
                0x0000000000009eb0                SIGFOXClass::endPacket(bool)
 .text._ZN11SIGFOXClass10SigVersionEv
                0x0000000000009ec8       0x88 libraries/Arduino_SigFox_for_MKRFox1200/1.0.4/src/SigFox.cpp.o
                0x0000000000009ec8                SIGFOXClass::SigVersion()
 .text._ZN11SIGFOXClass5beginEv
                0x0000000000009f50       0xcc libraries/Arduino_SigFox_for_MKRFox1200/1.0.4/src/SigFox.cpp.o
                0x0000000000009f50                SIGFOXClass::begin()
 .text._ZN11SIGFOXClass3endEv
                0x000000000000a01c       0x64 libraries/Arduino_SigFox_for_MKRFox1200/1.0.4/src/SigFox.cpp.o
                0x000000000000a01c                SIGFOXClass::end()
 .text.startup._GLOBAL__sub_I_sigstr
                0x000000000000a080       0x30 libraries/Arduino_SigFox_for_MKRFox1200/1.0.4/src/SigFox.cpp.o
 .text._ZN7RTCZeroC2Ev
                0x000000000000a0b0        0x6 libraries/RTCZero/1.5.3/src/RTCZero.cpp.o
                0x000000000000a0b0                RTCZero::RTCZero()
                0x000000000000a0b0                RTCZero::RTCZero()
 *fill*         0x000000000000a0b6        0x2 
 .text.RTC_Handler
                0x000000000000a0b8       0x1c libraries/RTCZero/1.5.3/src/RTCZero.cpp.o
                0x000000000000a0b8                RTC_Handler
 .text._ZN7RTCZero11enableAlarmENS_11Alarm_MatchE
                0x000000000000a0d4       0x24 libraries/RTCZero/1.5.3/src/RTCZero.cpp.o
                0x000000000000a0d4                RTCZero::enableAlarm(RTCZero::Alarm_Match)
 .text._ZN7RTCZero15attachInterruptEPFvvE
                0x000000000000a0f8        0xc libraries/RTCZero/1.5.3/src/RTCZero.cpp.o
                0x000000000000a0f8                RTCZero::attachInterrupt(void (*)())
 .text._ZN7RTCZero15setAlarmSecondsEh
                0x000000000000a104       0x24 libraries/RTCZero/1.5.3/src/RTCZero.cpp.o
                0x000000000000a104                RTCZero::setAlarmSeconds(unsigned char)
 .text._ZN7RTCZero15setAlarmMinutesEh
                0x000000000000a128       0x28 libraries/RTCZero/1.5.3/src/RTCZero.cpp.o
                0x000000000000a128                RTCZero::setAlarmMinutes(unsigned char)
 .text._ZN7RTCZero13setAlarmHoursEh
                0x000000000000a150       0x28 libraries/RTCZero/1.5.3/src/RTCZero.cpp.o
                0x000000000000a150                RTCZero::setAlarmHours(unsigned char)
 .text._ZN7RTCZero12setAlarmTimeEhhh
                0x000000000000a178       0x26 libraries/RTCZero/1.5.3/src/RTCZero.cpp.o
                0x000000000000a178                RTCZero::setAlarmTime(unsigned char, unsigned char, unsigned char)
 *fill*         0x000000000000a19e        0x2 
 .text._ZN7RTCZero11setAlarmDayEh
                0x000000000000a1a0       0x28 libraries/RTCZero/1.5.3/src/RTCZero.cpp.o
                0x000000000000a1a0                RTCZero::setAlarmDay(unsigned char)
 .text._ZN7RTCZero13setAlarmMonthEh
                0x000000000000a1c8       0x28 libraries/RTCZero/1.5.3/src/RTCZero.cpp.o
                0x000000000000a1c8                RTCZero::setAlarmMonth(unsigned char)
 .text._ZN7RTCZero12setAlarmYearEh
                0x000000000000a1f0       0x20 libraries/RTCZero/1.5.3/src/RTCZero.cpp.o
                0x000000000000a1f0                RTCZero::setAlarmYear(unsigned char)
 .text._ZN7RTCZero12setAlarmDateEhhh
                0x000000000000a210       0x24 libraries/RTCZero/1.5.3/src/RTCZero.cpp.o
                0x000000000000a210                RTCZero::setAlarmDate(unsigned char, unsigned char, unsigned char)
 .text._ZN7RTCZero13setAlarmEpochEm
                0x000000000000a234       0x48 libraries/RTCZero/1.5.3/src/RTCZero.cpp.o
                0x000000000000a234                RTCZero::setAlarmEpoch(unsigned long)
 .text._ZN7RTCZero14configureClockEv
                0x000000000000a27c       0x3c libraries/RTCZero/1.5.3/src/RTCZero.cpp.o
                0x000000000000a27c                RTCZero::configureClock()
 .text._ZN7RTCZero14RTCreadRequestEv
                0x000000000000a2b8       0x1c libraries/RTCZero/1.5.3/src/RTCZero.cpp.o
                0x000000000000a2b8                RTCZero::RTCreadRequest()
 .text._ZN7RTCZero8getEpochEv
                0x000000000000a2d4       0x4c libraries/RTCZero/1.5.3/src/RTCZero.cpp.o
                0x000000000000a2d4                RTCZero::getEpoch()
 .text._ZN7RTCZero10RTCdisableEv
                0x000000000000a320       0x18 libraries/RTCZero/1.5.3/src/RTCZero.cpp.o
                0x000000000000a320                RTCZero::RTCdisable()
 .text._ZN7RTCZero9RTCenableEv
                0x000000000000a338       0x18 libraries/RTCZero/1.5.3/src/RTCZero.cpp.o
                0x000000000000a338                RTCZero::RTCenable()
 .text._ZN7RTCZero8RTCresetEv
                0x000000000000a350       0x18 libraries/RTCZero/1.5.3/src/RTCZero.cpp.o
                0x000000000000a350                RTCZero::RTCreset()
 .text._ZN7RTCZero14RTCresetRemoveEv
                0x000000000000a368       0x18 libraries/RTCZero/1.5.3/src/RTCZero.cpp.o
                0x000000000000a368                RTCZero::RTCresetRemove()
 .text._ZN7RTCZero5beginEb
                0x000000000000a380       0xdc libraries/RTCZero/1.5.3/src/RTCZero.cpp.o
                0x000000000000a380                RTCZero::begin(bool)
 .text.millis   0x000000000000a45c        0xc ./core.a(delay.c.o)
                0x000000000000a45c                millis
 .text.delay    0x000000000000a468       0x20 ./core.a(delay.c.o)
                0x000000000000a468                delay
 .text.SysTick_DefaultHandler
                0x000000000000a488       0x14 ./core.a(delay.c.o)
                0x000000000000a488                SysTick_DefaultHandler
 .text._Znwj    0x000000000000a49c        0x8 ./core.a(new.cpp.o)
                0x000000000000a49c                operator new(unsigned int)
 .text._ZdlPv   0x000000000000a4a4        0x8 ./core.a(new.cpp.o)
                0x000000000000a4a4                operator delete(void*)
 .text.__empty  0x000000000000a4ac        0x2 ./core.a(hooks.c.o)
                0x000000000000a4ac                yield
 .text.__false  0x000000000000a4ae        0x4 ./core.a(hooks.c.o)
                0x000000000000a4ae                sysTickHook
 .text.Dummy_Handler
                0x000000000000a4b2        0x2 ./core.a(cortex_handlers.c.o)
                0x000000000000a4b2                HardFault_Handler
                0x000000000000a4b2                AC_Handler
                0x000000000000a4b2                PendSV_Handler
                0x000000000000a4b2                NMI_Handler
                0x000000000000a4b2                TC7_Handler
                0x000000000000a4b2                SERCOM1_Handler
                0x000000000000a4b2                ADC_Handler
                0x000000000000a4b2                TCC1_Handler
                0x000000000000a4b2                SERCOM2_Handler
                0x000000000000a4b2                TCC0_Handler
                0x000000000000a4b2                TC6_Handler
                0x000000000000a4b2                WDT_Handler
                0x000000000000a4b2                TC3_Handler
                0x000000000000a4b2                Dummy_Handler
                0x000000000000a4b2                PM_Handler
                0x000000000000a4b2                SVC_Handler
                0x000000000000a4b2                TCC2_Handler
                0x000000000000a4b2                EVSYS_Handler
                0x000000000000a4b2                SERCOM3_Handler
                0x000000000000a4b2                SERCOM4_Handler
                0x000000000000a4b2                I2S_Handler
                0x000000000000a4b2                NVMCTRL_Handler
                0x000000000000a4b2                DAC_Handler
                0x000000000000a4b2                PTC_Handler
                0x000000000000a4b2                SYSCTRL_Handler
 .text.USB_Handler
                0x000000000000a4b4       0x14 ./core.a(cortex_handlers.c.o)
                0x000000000000a4b4                USB_Handler
 .text.Reset_Handler
                0x000000000000a4c8       0x54 ./core.a(cortex_handlers.c.o)
                0x000000000000a4c8                Reset_Handler
 .text.SysTick_Handler
                0x000000000000a51c       0x10 ./core.a(cortex_handlers.c.o)
                0x000000000000a51c                SysTick_Handler
 .text.USB_SetHandler
                0x000000000000a52c        0xc ./core.a(cortex_handlers.c.o)
                0x000000000000a52c                USB_SetHandler
 .text.analogReference
                0x000000000000a538       0x5c ./core.a(wiring_analog.c.o)
                0x000000000000a538                analogReference
 .text._ZN13PluggableUSB_12getInterfaceEPh
                0x000000000000a594       0x2a ./core.a(PluggableUSB.cpp.o)
                0x000000000000a594                PluggableUSB_::getInterface(unsigned char*)
 .text._ZN13PluggableUSB_13getDescriptorER8USBSetup
                0x000000000000a5be       0x20 ./core.a(PluggableUSB.cpp.o)
                0x000000000000a5be                PluggableUSB_::getDescriptor(USBSetup&)
 .text._ZN13PluggableUSB_12getShortNameEPc
                0x000000000000a5de       0x1e ./core.a(PluggableUSB.cpp.o)
                0x000000000000a5de                PluggableUSB_::getShortName(char*)
 .text._ZN13PluggableUSB_5setupER8USBSetup
                0x000000000000a5fc       0x24 ./core.a(PluggableUSB.cpp.o)
                0x000000000000a5fc                PluggableUSB_::setup(USBSetup&)
 .text._Z12PluggableUSBv
                0x000000000000a620       0x24 ./core.a(PluggableUSB.cpp.o)
                0x000000000000a620                PluggableUSB()
 .text._ZL5utox8mPc
                0x000000000000a644       0x1c ./core.a(USBCore.cpp.o)
 .text._ZN26DoubleBufferedEPOutHandlerD2Ev
                0x000000000000a660       0x1c ./core.a(USBCore.cpp.o)
                0x000000000000a660                DoubleBufferedEPOutHandler::~DoubleBufferedEPOutHandler()
                0x000000000000a660                DoubleBufferedEPOutHandler::~DoubleBufferedEPOutHandler()
 .text._ZN26DoubleBufferedEPOutHandlerD0Ev
                0x000000000000a67c       0x12 ./core.a(USBCore.cpp.o)
                0x000000000000a67c                DoubleBufferedEPOutHandler::~DoubleBufferedEPOutHandler()
 *fill*         0x000000000000a68e        0x2 
 .text._ZN14USBDeviceClass6initEPEmm.part.4
                0x000000000000a690       0xc8 ./core.a(USBCore.cpp.o)
 .text._ZN20USBDevice_SAMD21G18x5resetEv
                0x000000000000a758       0x28 ./core.a(USBCore.cpp.o)
                0x000000000000a758                USBDevice_SAMD21G18x::reset()
 .text._ZN20USBDevice_SAMD21G18x9calibrateEv
                0x000000000000a780       0x5c ./core.a(USBCore.cpp.o)
                0x000000000000a780                USBDevice_SAMD21G18x::calibrate()
 .text._ZN7__GuardC2Ev
                0x000000000000a7dc        0xe ./core.a(USBCore.cpp.o)
                0x000000000000a7dc                __Guard::__Guard()
                0x000000000000a7dc                __Guard::__Guard()
 .text._ZN7__GuardD2Ev
                0x000000000000a7ea        0xe ./core.a(USBCore.cpp.o)
                0x000000000000a7ea                __Guard::~__Guard()
                0x000000000000a7ea                __Guard::~__Guard()
 .text._ZNK26DoubleBufferedEPOutHandler9availableEv
                0x000000000000a7f8       0x5e ./core.a(USBCore.cpp.o)
                0x000000000000a7f8                DoubleBufferedEPOutHandler::available() const
 *fill*         0x000000000000a856        0x2 
 .text._ZN26DoubleBufferedEPOutHandler7releaseEv
                0x000000000000a858       0x58 ./core.a(USBCore.cpp.o)
                0x000000000000a858                DoubleBufferedEPOutHandler::release()
 .text._ZN26DoubleBufferedEPOutHandler4recvEPvm
                0x000000000000a8b0      0x11c ./core.a(USBCore.cpp.o)
                0x000000000000a8b0                DoubleBufferedEPOutHandler::recv(void*, unsigned long)
 .text._ZN26DoubleBufferedEPOutHandler14handleEndpointEv
                0x000000000000a9cc       0xc8 ./core.a(USBCore.cpp.o)
                0x000000000000a9cc                DoubleBufferedEPOutHandler::handleEndpoint()
 .text._ZN14USBDeviceClass14SendInterfacesEPm
                0x000000000000aa94       0x2c ./core.a(USBCore.cpp.o)
                0x000000000000aa94                USBDeviceClass::SendInterfaces(unsigned long*)
 .text._ZN14USBDeviceClass7standbyEv
                0x000000000000aac0       0x14 ./core.a(USBCore.cpp.o)
                0x000000000000aac0                USBDeviceClass::standby()
 .text._ZN14USBDeviceClass14handleEndpointEh
                0x000000000000aad4       0x40 ./core.a(USBCore.cpp.o)
                0x000000000000aad4                USBDeviceClass::handleEndpoint(unsigned char)
 .text._ZN14USBDeviceClass4initEv
                0x000000000000ab14       0xc0 ./core.a(USBCore.cpp.o)
                0x000000000000ab14                USBDeviceClass::init()
 .text._ZN14USBDeviceClass6attachEv
                0x000000000000abd4       0x34 ./core.a(USBCore.cpp.o)
                0x000000000000abd4                USBDeviceClass::attach()
 .text._ZN14USBDeviceClass10setAddressEm
                0x000000000000ac08       0x48 ./core.a(USBCore.cpp.o)
                0x000000000000ac08                USBDeviceClass::setAddress(unsigned long)
 .text._ZN14USBDeviceClass6detachEv
                0x000000000000ac50       0x18 ./core.a(USBCore.cpp.o)
                0x000000000000ac50                USBDeviceClass::detach()
 .text._ZN14USBDeviceClass25handleClassInterfaceSetupER8USBSetup
                0x000000000000ac68       0x40 ./core.a(USBCore.cpp.o)
                0x000000000000ac68                USBDeviceClass::handleClassInterfaceSetup(USBSetup&)
 .text._ZN14USBDeviceClass6initEPEmm
                0x000000000000aca8       0xf8 ./core.a(USBCore.cpp.o)
                0x000000000000aca8                USBDeviceClass::initEP(unsigned long, unsigned long)
 .text._ZN14USBDeviceClass13initEndpointsEv
                0x000000000000ada0       0x24 ./core.a(USBCore.cpp.o)
                0x000000000000ada0                USBDeviceClass::initEndpoints()
 .text._ZN14USBDeviceClass9availableEm
                0x000000000000adc4       0x2c ./core.a(USBCore.cpp.o)
                0x000000000000adc4                USBDeviceClass::available(unsigned long)
 .text._ZN14USBDeviceClass5flushEm
                0x000000000000adf0       0x2c ./core.a(USBCore.cpp.o)
                0x000000000000adf0                USBDeviceClass::flush(unsigned long)
 .text._ZN14USBDeviceClass14armRecvCtrlOUTEm
                0x000000000000ae1c       0x60 ./core.a(USBCore.cpp.o)
                0x000000000000ae1c                USBDeviceClass::armRecvCtrlOUT(unsigned long)
 .text._ZN14USBDeviceClass11recvControlEPvm
                0x000000000000ae7c       0x3c ./core.a(USBCore.cpp.o)
                0x000000000000ae7c                USBDeviceClass::recvControl(void*, unsigned long)
 .text._ZN14USBDeviceClass7armRecvEm
                0x000000000000aeb8       0x3c ./core.a(USBCore.cpp.o)
                0x000000000000aeb8                USBDeviceClass::armRecv(unsigned long)
 .text._ZN14USBDeviceClass4recvEmPvm
                0x000000000000aef4       0xc0 ./core.a(USBCore.cpp.o)
                0x000000000000aef4                USBDeviceClass::recv(unsigned long, void*, unsigned long)
 .text._ZN14USBDeviceClass4recvEm
                0x000000000000afb4       0x1c ./core.a(USBCore.cpp.o)
                0x000000000000afb4                USBDeviceClass::recv(unsigned long)
 .text._ZN14USBDeviceClass4sendEmPKvm
                0x000000000000afd0      0x10c ./core.a(USBCore.cpp.o)
                0x000000000000afd0                USBDeviceClass::send(unsigned long, void const*, unsigned long)
 .text._ZN14USBDeviceClass7armSendEmPKvm
                0x000000000000b0dc       0x48 ./core.a(USBCore.cpp.o)
                0x000000000000b0dc                USBDeviceClass::armSend(unsigned long, void const*, unsigned long)
 .text._ZN14USBDeviceClass11sendControlEPKvm
                0x000000000000b124       0x58 ./core.a(USBCore.cpp.o)
                0x000000000000b124                USBDeviceClass::sendControl(void const*, unsigned long)
 .text._ZN14USBDeviceClass20sendStringDescriptorEPKhh
                0x000000000000b17c       0x68 ./core.a(USBCore.cpp.o)
                0x000000000000b17c                USBDeviceClass::sendStringDescriptor(unsigned char const*, unsigned char)
 .text._ZN14USBDeviceClass12packMessagesEb.part.6
                0x000000000000b1e4       0x20 ./core.a(USBCore.cpp.o)
 .text._ZN14USBDeviceClass17sendConfigurationEm
                0x000000000000b204       0x90 ./core.a(USBCore.cpp.o)
                0x000000000000b204                USBDeviceClass::sendConfiguration(unsigned long)
 .text._ZN14USBDeviceClass14sendDescriptorER8USBSetup
                0x000000000000b294       0xec ./core.a(USBCore.cpp.o)
                0x000000000000b294                USBDeviceClass::sendDescriptor(USBSetup&)
 .text._ZN14USBDeviceClass19handleStandardSetupER8USBSetup
                0x000000000000b380      0x118 ./core.a(USBCore.cpp.o)
                0x000000000000b380                USBDeviceClass::handleStandardSetup(USBSetup&)
 .text._ZN14USBDeviceClass10ISRHandlerEv
                0x000000000000b498      0x108 ./core.a(USBCore.cpp.o)
                0x000000000000b498                USBDeviceClass::ISRHandler()
 .text.UDD_Handler
                0x000000000000b5a0       0x10 ./core.a(USBCore.cpp.o)
                0x000000000000b5a0                UDD_Handler
 .text.startup._GLOBAL__sub_I__ZN20USBDevice_SAMD21G18x5resetEv
                0x000000000000b5b0       0x10 ./core.a(USBCore.cpp.o)
 .text._ZN7Serial_17availableForWriteEv
                0x000000000000b5c0        0x4 ./core.a(CDC.cpp.o)
                0x000000000000b5c0                Serial_::availableForWrite()
 .text._ZN7Serial_5writeEh
                0x000000000000b5c4       0x14 ./core.a(CDC.cpp.o)
                0x000000000000b5c4                Serial_::write(unsigned char)
 .text._ZN7Serial_9availableEv
                0x000000000000b5d8        0xc ./core.a(CDC.cpp.o)
                0x000000000000b5d8                Serial_::available()
 .text._ZN7Serial_5flushEv
                0x000000000000b5e4        0xc ./core.a(CDC.cpp.o)
                0x000000000000b5e4                Serial_::flush()
 .text._ZN7Serial_5writeEPKhj
                0x000000000000b5f0       0x1c ./core.a(CDC.cpp.o)
                0x000000000000b5f0                Serial_::write(unsigned char const*, unsigned int)
 .text._ZN7Serial_4peekEv
                0x000000000000b60c       0x1c ./core.a(CDC.cpp.o)
                0x000000000000b60c                Serial_::peek()
 .text._ZN7Serial_4readEv
                0x000000000000b628       0x24 ./core.a(CDC.cpp.o)
                0x000000000000b628                Serial_::read()
 .text._Z16CDC_GetInterfacePh
                0x000000000000b64c       0x1c ./core.a(CDC.cpp.o)
                0x000000000000b64c                CDC_GetInterface(unsigned char*)
 .text._Z9CDC_SetupR8USBSetup
                0x000000000000b668       0x80 ./core.a(CDC.cpp.o)
                0x000000000000b668                CDC_Setup(USBSetup&)
 .text._ZN7Serial_5beginEm
                0x000000000000b6e8        0x2 ./core.a(CDC.cpp.o)
                0x000000000000b6e8                Serial_::begin(unsigned long)
 *fill*         0x000000000000b6ea        0x2 
 .text._ZN7Serial_cvbEv
                0x000000000000b6ec       0x28 ./core.a(CDC.cpp.o)
                0x000000000000b6ec                Serial_::operator bool()
 .text.startup._GLOBAL__sub_I__Z17_CDC_GetInterfacev
                0x000000000000b714       0x28 ./core.a(CDC.cpp.o)
 .text.pinMode  0x000000000000b73c       0xb4 ./core.a(wiring_digital.c.o)
                0x000000000000b73c                pinMode
 .text.digitalWrite
                0x000000000000b7f0       0x60 ./core.a(wiring_digital.c.o)
                0x000000000000b7f0                digitalWrite
 .text.digitalRead
                0x000000000000b850       0x30 ./core.a(wiring_digital.c.o)
                0x000000000000b850                digitalRead
 .text.init     0x000000000000b880       0xf0 ./core.a(wiring.c.o)
                0x000000000000b880                init
 .text._ZN5Print5writeEPKhj
                0x000000000000b970       0x28 ./core.a(Print.cpp.o)
                0x000000000000b970                Print::write(unsigned char const*, unsigned int)
 .text._ZN5Print5printEmi.part.3
                0x000000000000b998        0xc ./core.a(Print.cpp.o)
 .text._ZN5Print5writeEPKc
                0x000000000000b9a4       0x1c ./core.a(Print.cpp.o)
                0x000000000000b9a4                Print::write(char const*)
 .text._ZN5Print5printERK6String
                0x000000000000b9c0       0x10 ./core.a(Print.cpp.o)
                0x000000000000b9c0                Print::print(String const&)
 .text._ZN5Print5printEPKc
                0x000000000000b9d0        0x8 ./core.a(Print.cpp.o)
                0x000000000000b9d0                Print::print(char const*)
 .text._ZN5Print5printEc
                0x000000000000b9d8        0xa ./core.a(Print.cpp.o)
                0x000000000000b9d8                Print::print(char)
 *fill*         0x000000000000b9e2        0x2 
 .text._ZN5Print7printlnEv
                0x000000000000b9e4       0x10 ./core.a(Print.cpp.o)
                0x000000000000b9e4                Print::println()
 .text._ZN5Print7printlnEPK19__FlashStringHelper
                0x000000000000b9f4       0x14 ./core.a(Print.cpp.o)
                0x000000000000b9f4                Print::println(__FlashStringHelper const*)
 .text._ZN5Print7printlnERK6String
                0x000000000000ba08       0x14 ./core.a(Print.cpp.o)
                0x000000000000ba08                Print::println(String const&)
 .text._ZN5Print7printlnEPKc
                0x000000000000ba1c       0x14 ./core.a(Print.cpp.o)
                0x000000000000ba1c                Print::println(char const*)
 .text._ZN5Print11printNumberEmh
                0x000000000000ba30       0x4e ./core.a(Print.cpp.o)
                0x000000000000ba30                Print::printNumber(unsigned long, unsigned char)
 .text._ZN5Print5printEli
                0x000000000000ba7e       0x3c ./core.a(Print.cpp.o)
                0x000000000000ba7e                Print::print(long, int)
 .text._ZN5Print5printEii
                0x000000000000baba        0x8 ./core.a(Print.cpp.o)
                0x000000000000baba                Print::print(int, int)
 .text._ZN5Print7printlnEii
                0x000000000000bac2       0x14 ./core.a(Print.cpp.o)
                0x000000000000bac2                Print::println(int, int)
 .text._ZN5Print5printEmi
                0x000000000000bad6       0x14 ./core.a(Print.cpp.o)
                0x000000000000bad6                Print::print(unsigned long, int)
 .text._ZN5Print7printlnEmi
                0x000000000000baea       0x14 ./core.a(Print.cpp.o)
                0x000000000000baea                Print::println(unsigned long, int)
 *fill*         0x000000000000bafe        0x2 
 .text.SystemInit
                0x000000000000bb00      0x168 ./core.a(startup.c.o)
                0x000000000000bb00                SystemInit
 .text._Z11initVariantv
                0x000000000000bc68        0x2 ./core.a(main.cpp.o)
                0x000000000000bc68                initVariant()
 *fill*         0x000000000000bc6a        0x2 
 .text.startup.main
                0x000000000000bc6c       0x40 ./core.a(main.cpp.o)
                0x000000000000bc6c                main
 .text.attachInterrupt
                0x000000000000bcac      0x130 ./core.a(WInterrupts.c.o)
                0x000000000000bcac                attachInterrupt
 .text.EIC_Handler
                0x000000000000bddc       0x3c ./core.a(WInterrupts.c.o)
                0x000000000000bddc                EIC_Handler
 .text._ZN6SERCOMC2EP6Sercom
                0x000000000000be18        0x4 ./core.a(SERCOM.cpp.o)
                0x000000000000be18                SERCOM::SERCOM(Sercom*)
                0x000000000000be18                SERCOM::SERCOM(Sercom*)
 .text._ZN6SERCOM9initFrameE18SercomUartCharSize15SercomDataOrder16SercomParityMode19SercomNumberStopBit
                0x000000000000be1c       0x38 ./core.a(SERCOM.cpp.o)
                0x000000000000be1c                SERCOM::initFrame(SercomUartCharSize, SercomDataOrder, SercomParityMode, SercomNumberStopBit)
 .text._ZN6SERCOM8initPadsE15SercomUartTXPad11SercomRXPad
                0x000000000000be54       0x26 ./core.a(SERCOM.cpp.o)
                0x000000000000be54                SERCOM::initPads(SercomUartTXPad, SercomRXPad)
 .text._ZN6SERCOM9resetUARTEv
                0x000000000000be7a       0x1c ./core.a(SERCOM.cpp.o)
                0x000000000000be7a                SERCOM::resetUART()
 .text._ZN6SERCOM10enableUARTEv
                0x000000000000be96       0x14 ./core.a(SERCOM.cpp.o)
                0x000000000000be96                SERCOM::enableUART()
 .text._ZN6SERCOM9flushUARTEv
                0x000000000000beaa       0x10 ./core.a(SERCOM.cpp.o)
                0x000000000000beaa                SERCOM::flushUART()
 .text._ZN6SERCOM15clearStatusUARTEv
                0x000000000000beba        0x8 ./core.a(SERCOM.cpp.o)
                0x000000000000beba                SERCOM::clearStatusUART()
 .text._ZN6SERCOM17availableDataUARTEv
                0x000000000000bec2        0xa ./core.a(SERCOM.cpp.o)
                0x000000000000bec2                SERCOM::availableDataUART()
 .text._ZN6SERCOM11isUARTErrorEv
                0x000000000000becc        0x8 ./core.a(SERCOM.cpp.o)
                0x000000000000becc                SERCOM::isUARTError()
 .text._ZN6SERCOM20acknowledgeUARTErrorEv
                0x000000000000bed4        0xe ./core.a(SERCOM.cpp.o)
                0x000000000000bed4                SERCOM::acknowledgeUARTError()
 .text._ZN6SERCOM16isFrameErrorUARTEv
                0x000000000000bee2        0xa ./core.a(SERCOM.cpp.o)
                0x000000000000bee2                SERCOM::isFrameErrorUART()
 .text._ZN6SERCOM19clearFrameErrorUARTEv
                0x000000000000beec        0xc ./core.a(SERCOM.cpp.o)
                0x000000000000beec                SERCOM::clearFrameErrorUART()
 .text._ZN6SERCOM23isDataRegisterEmptyUARTEv
                0x000000000000bef8        0xa ./core.a(SERCOM.cpp.o)
                0x000000000000bef8                SERCOM::isDataRegisterEmptyUART()
 .text._ZN6SERCOM12readDataUARTEv
                0x000000000000bf02        0x8 ./core.a(SERCOM.cpp.o)
                0x000000000000bf02                SERCOM::readDataUART()
 .text._ZN6SERCOM13writeDataUARTEh
                0x000000000000bf0a        0xe ./core.a(SERCOM.cpp.o)
                0x000000000000bf0a                SERCOM::writeDataUART(unsigned char)
 .text._ZN6SERCOM36enableDataRegisterEmptyInterruptUARTEv
                0x000000000000bf18        0x8 ./core.a(SERCOM.cpp.o)
                0x000000000000bf18                SERCOM::enableDataRegisterEmptyInterruptUART()
 .text._ZN6SERCOM37disableDataRegisterEmptyInterruptUARTEv
                0x000000000000bf20        0x8 ./core.a(SERCOM.cpp.o)
                0x000000000000bf20                SERCOM::disableDataRegisterEmptyInterruptUART()
 .text._ZN6SERCOM12initSPIClockE18SercomSpiClockModem
                0x000000000000bf28       0x30 ./core.a(SERCOM.cpp.o)
                0x000000000000bf28                SERCOM::initSPIClock(SercomSpiClockMode, unsigned long)
 .text._ZN6SERCOM8resetSPIEv
                0x000000000000bf58       0x1c ./core.a(SERCOM.cpp.o)
                0x000000000000bf58                SERCOM::resetSPI()
 .text._ZN6SERCOM9enableSPIEv
                0x000000000000bf74       0x14 ./core.a(SERCOM.cpp.o)
                0x000000000000bf74                SERCOM::enableSPI()
 .text._ZN6SERCOM10disableSPIEv
                0x000000000000bf88       0x12 ./core.a(SERCOM.cpp.o)
                0x000000000000bf88                SERCOM::disableSPI()
 *fill*         0x000000000000bf9a        0x2 
 .text._ZN6SERCOM15setDataOrderSPIE15SercomDataOrder
                0x000000000000bf9c       0x28 ./core.a(SERCOM.cpp.o)
                0x000000000000bf9c                SERCOM::setDataOrderSPI(SercomDataOrder)
 .text._ZN6SERCOM15setClockModeSPIE18SercomSpiClockMode
                0x000000000000bfc4       0x3c ./core.a(SERCOM.cpp.o)
                0x000000000000bfc4                SERCOM::setClockModeSPI(SercomSpiClockMode)
 .text._ZN6SERCOM15transferDataSPIEh
                0x000000000000c000       0x1a ./core.a(SERCOM.cpp.o)
                0x000000000000c000                SERCOM::transferDataSPI(unsigned char)
 .text._ZN6SERCOM18prepareNackBitWIREEv
                0x000000000000c01a       0x10 ./core.a(SERCOM.cpp.o)
                0x000000000000c01a                SERCOM::prepareNackBitWIRE()
 *fill*         0x000000000000c02a        0x2 
 .text._ZN6SERCOM17prepareAckBitWIREEv
                0x000000000000c02c       0x14 ./core.a(SERCOM.cpp.o)
                0x000000000000c02c                SERCOM::prepareAckBitWIRE()
 .text._ZN6SERCOM22prepareCommandBitsWireEh
                0x000000000000c040       0x2c ./core.a(SERCOM.cpp.o)
                0x000000000000c040                SERCOM::prepareCommandBitsWire(unsigned char)
 .text._ZN6SERCOM17sendDataSlaveWIREEh
                0x000000000000c06c       0x1a ./core.a(SERCOM.cpp.o)
                0x000000000000c06c                SERCOM::sendDataSlaveWIRE(unsigned char)
 .text._ZN6SERCOM11isSlaveWIREEv
                0x000000000000c086       0x12 ./core.a(SERCOM.cpp.o)
                0x000000000000c086                SERCOM::isSlaveWIRE()
 .text._ZN6SERCOM15isDataReadyWIREEv
                0x000000000000c098        0xa ./core.a(SERCOM.cpp.o)
                0x000000000000c098                SERCOM::isDataReadyWIRE()
 .text._ZN6SERCOM18isStopDetectedWIREEv
                0x000000000000c0a2        0xa ./core.a(SERCOM.cpp.o)
                0x000000000000c0a2                SERCOM::isStopDetectedWIRE()
 .text._ZN6SERCOM21isRestartDetectedWIREEv
                0x000000000000c0ac        0xa ./core.a(SERCOM.cpp.o)
                0x000000000000c0ac                SERCOM::isRestartDetectedWIRE()
 .text._ZN6SERCOM14isAddressMatchEv
                0x000000000000c0b6        0xa ./core.a(SERCOM.cpp.o)
                0x000000000000c0b6                SERCOM::isAddressMatch()
 .text._ZN6SERCOM25isMasterReadOperationWIREEv
                0x000000000000c0c0        0xa ./core.a(SERCOM.cpp.o)
                0x000000000000c0c0                SERCOM::isMasterReadOperationWIRE()
 .text._ZN6SERCOM12readDataWIREEv
                0x000000000000c0ca       0x1a ./core.a(SERCOM.cpp.o)
                0x000000000000c0ca                SERCOM::readDataWIRE()
 .text._ZN6SERCOM13initClockNVICEv
                0x000000000000c0e4       0xac ./core.a(SERCOM.cpp.o)
                0x000000000000c0e4                SERCOM::initClockNVIC()
 .text._ZN6SERCOM8initUARTE14SercomUartMode20SercomUartSampleRatem
                0x000000000000c190       0x6c ./core.a(SERCOM.cpp.o)
                0x000000000000c190                SERCOM::initUART(SercomUartMode, SercomUartSampleRate, unsigned long)
 .text._ZN6SERCOM7initSPIE14SercomSpiTXPad11SercomRXPad17SercomSpiCharSize15SercomDataOrder
                0x000000000000c1fc       0x48 ./core.a(SERCOM.cpp.o)
                0x000000000000c1fc                SERCOM::initSPI(SercomSpiTXPad, SercomRXPad, SercomSpiCharSize, SercomDataOrder)
 .text.pinPeripheral
                0x000000000000c244       0xc4 ./core.a(wiring_private.c.o)
                0x000000000000c244                pinPeripheral
 .text._ZN4UartcvbEv
                0x000000000000c308        0x4 ./core.a(Uart.cpp.o)
                0x000000000000c308                Uart::operator bool()
 .text._ZN4Uart5beginEm
                0x000000000000c30c       0x10 ./core.a(Uart.cpp.o)
                0x000000000000c30c                Uart::begin(unsigned long)
 .text._ZN4Uart4peekEv
                0x000000000000c31c       0x1a ./core.a(Uart.cpp.o)
                0x000000000000c31c                Uart::peek()
 .text._ZN4Uart3endEv
                0x000000000000c336       0x20 ./core.a(Uart.cpp.o)
                0x000000000000c336                Uart::end()
 *fill*         0x000000000000c356        0x2 
 .text._ZN4UartC2EP6SERCOMhh11SercomRXPad15SercomUartTXPadhh
                0x000000000000c358       0xa4 ./core.a(Uart.cpp.o)
                0x000000000000c358                Uart::Uart(SERCOM*, unsigned char, unsigned char, SercomRXPad, SercomUartTXPad, unsigned char, unsigned char)
                0x000000000000c358                Uart::Uart(SERCOM*, unsigned char, unsigned char, SercomRXPad, SercomUartTXPad, unsigned char, unsigned char)
 .text._ZN4UartC2EP6SERCOMhh11SercomRXPad15SercomUartTXPad
                0x000000000000c3fc       0x24 ./core.a(Uart.cpp.o)
                0x000000000000c3fc                Uart::Uart(SERCOM*, unsigned char, unsigned char, SercomRXPad, SercomUartTXPad)
                0x000000000000c3fc                Uart::Uart(SERCOM*, unsigned char, unsigned char, SercomRXPad, SercomUartTXPad)
 .text._ZN4Uart16extractNbStopBitEt
                0x000000000000c420        0xe ./core.a(Uart.cpp.o)
                0x000000000000c420                Uart::extractNbStopBit(unsigned short)
 .text._ZN4Uart15extractCharSizeEt
                0x000000000000c42e       0x2c ./core.a(Uart.cpp.o)
                0x000000000000c42e                Uart::extractCharSize(unsigned short)
 .text._ZN4Uart13extractParityEt
                0x000000000000c45a       0x18 ./core.a(Uart.cpp.o)
                0x000000000000c45a                Uart::extractParity(unsigned short)
 *fill*         0x000000000000c472        0x2 
 .text._ZN4Uart5beginEmt
                0x000000000000c474       0xf8 ./core.a(Uart.cpp.o)
                0x000000000000c474                Uart::begin(unsigned long, unsigned short)
 .text._ZN11RingBufferNILi256EE9availableEv
                0x000000000000c56c       0x12 ./core.a(Uart.cpp.o)
                0x000000000000c56c                RingBufferN<256>::available()
 .text._ZN4Uart5flushEv
                0x000000000000c57e       0x1a ./core.a(Uart.cpp.o)
                0x000000000000c57e                Uart::flush()
 .text._ZN4Uart9availableEv
                0x000000000000c598        0xa ./core.a(Uart.cpp.o)
                0x000000000000c598                Uart::available()
 .text._ZN11RingBufferNILi256EE17availableForStoreEv
                0x000000000000c5a2       0x1e ./core.a(Uart.cpp.o)
                0x000000000000c5a2                RingBufferN<256>::availableForStore()
 .text._ZN4Uart17availableForWriteEv
                0x000000000000c5c0        0xc ./core.a(Uart.cpp.o)
                0x000000000000c5c0                Uart::availableForWrite()
 .text._ZN4Uart10IrqHandlerEv
                0x000000000000c5cc       0xc8 ./core.a(Uart.cpp.o)
                0x000000000000c5cc                Uart::IrqHandler()
 .text._ZN4Uart5writeEh
                0x000000000000c694       0xb4 ./core.a(Uart.cpp.o)
                0x000000000000c694                Uart::write(unsigned char)
 .text._ZN4Uart4readEv
                0x000000000000c748       0x4c ./core.a(Uart.cpp.o)
                0x000000000000c748                Uart::read()
 .text._ZN6StringD2Ev
                0x000000000000c794        0xe ./core.a(WString.cpp.o)
                0x000000000000c794                String::~String()
                0x000000000000c794                String::~String()
 .text._ZN6String10invalidateEv
                0x000000000000c7a2       0x18 ./core.a(WString.cpp.o)
                0x000000000000c7a2                String::invalidate()
 .text._ZN6String12changeBufferEj
                0x000000000000c7ba       0x18 ./core.a(WString.cpp.o)
                0x000000000000c7ba                String::changeBuffer(unsigned int)
 .text._ZN6String7reserveEj
                0x000000000000c7d2       0x28 ./core.a(WString.cpp.o)
                0x000000000000c7d2                String::reserve(unsigned int)
 .text._ZN6String4copyEPKcj
                0x000000000000c7fa       0x28 ./core.a(WString.cpp.o)
                0x000000000000c7fa                String::copy(char const*, unsigned int)
 .text._ZN6StringC2EPKc
                0x000000000000c822       0x26 ./core.a(WString.cpp.o)
                0x000000000000c822                String::String(char const*)
                0x000000000000c822                String::String(char const*)
 .text._ZN6StringaSERKS_
                0x000000000000c848       0x20 ./core.a(WString.cpp.o)
                0x000000000000c848                String::operator=(String const&)
 .text._ZN6StringC2ERKS_
                0x000000000000c868       0x14 ./core.a(WString.cpp.o)
                0x000000000000c868                String::String(String const&)
                0x000000000000c868                String::String(String const&)
 .text._ZN6StringaSEPKc
                0x000000000000c87c       0x22 ./core.a(WString.cpp.o)
                0x000000000000c87c                String::operator=(char const*)
 .text._ZN6StringC2Eih
                0x000000000000c89e       0x24 ./core.a(WString.cpp.o)
                0x000000000000c89e                String::String(int, unsigned char)
                0x000000000000c89e                String::String(int, unsigned char)
 .text._ZN6StringC2Efh
                0x000000000000c8c2       0x32 ./core.a(WString.cpp.o)
                0x000000000000c8c2                String::String(float, unsigned char)
                0x000000000000c8c2                String::String(float, unsigned char)
 .text._ZN6String6concatEPKcj
                0x000000000000c8f4       0x32 ./core.a(WString.cpp.o)
                0x000000000000c8f4                String::concat(char const*, unsigned int)
 .text._ZN6String6concatEc
                0x000000000000c926       0x14 ./core.a(WString.cpp.o)
                0x000000000000c926                String::concat(char)
 .text._ZplRK15StringSumHelperRK6String
                0x000000000000c93a       0x1c ./core.a(WString.cpp.o)
                0x000000000000c93a                operator+(StringSumHelper const&, String const&)
 .text._ZplRK15StringSumHelperPKc
                0x000000000000c956       0x26 ./core.a(WString.cpp.o)
                0x000000000000c956                operator+(StringSumHelper const&, char const*)
 .text._ZplRK15StringSumHelperc
                0x000000000000c97c       0x16 ./core.a(WString.cpp.o)
                0x000000000000c97c                operator+(StringSumHelper const&, char)
 .text._ZNK6String6equalsEPKc
                0x000000000000c992       0x2a ./core.a(WString.cpp.o)
                0x000000000000c992                String::equals(char const*) const
 .text.initiateReset
                0x000000000000c9bc        0xc ./core.a(Reset.cpp.o)
                0x000000000000c9bc                initiateReset
 .text.cancelReset
                0x000000000000c9c8       0x10 ./core.a(Reset.cpp.o)
                0x000000000000c9c8                cancelReset
 .text.tickReset
                0x000000000000c9d8       0x74 ./core.a(Reset.cpp.o)
                0x000000000000c9d8                tickReset
 .text.SERCOM5_Handler
                0x000000000000ca4c       0x10 ./core.a(variant.cpp.o)
                0x000000000000ca4c                SERCOM5_Handler
 .text.startup._GLOBAL__sub_I_g_APinDescription
                0x000000000000ca5c       0x80 ./core.a(variant.cpp.o)
 .text.ltoa     0x000000000000cadc       0x8a ./core.a(itoa.c.o)
                0x000000000000cadc                ltoa
 .text.itoa     0x000000000000cb66        0x8 ./core.a(itoa.c.o)
                0x000000000000cb66                itoa
 *fill*         0x000000000000cb6e        0x2 
 .text.dtostrf  0x000000000000cb70       0x28 ./core.a(dtostrf.c.o)
                0x000000000000cb70                dtostrf
 .text.__aeabi_atexit
                0x000000000000cb98        0xe /home/snir2g2/.arduinocdt/packages/arduino/tools/arm-none-eabi-gcc/4.8.3-2014q1/bin/../lib/gcc/arm-none-eabi/4.8.3/../../../../arm-none-eabi/lib/armv6-m/libstdc++_s.a(atexit_arm.o)
                0x000000000000cb98                __aeabi_atexit
 *fill*         0x000000000000cba6        0x2 
 .text.__fpclassifyd
                0x000000000000cba8       0x60 /home/snir2g2/.arduinocdt/packages/arduino/tools/arm-none-eabi-gcc/4.8.3-2014q1/bin/../lib/gcc/arm-none-eabi/4.8.3/../../../../arm-none-eabi/lib/armv6-m/libm.a(lib_a-s_fpclassify.o)
                0x000000000000cba8                __fpclassifyd
 .text.fmod     0x000000000000cc08       0xd0 /home/snir2g2/.arduinocdt/packages/arduino/tools/arm-none-eabi-gcc/4.8.3-2014q1/bin/../lib/gcc/arm-none-eabi/4.8.3/../../../../arm-none-eabi/lib/armv6-m/libm.a(lib_a-w_fmod.o)
                0x000000000000cc08                fmod
 .text.__ieee754_fmod
                0x000000000000ccd8      0x29c /home/snir2g2/.arduinocdt/packages/arduino/tools/arm-none-eabi-gcc/4.8.3-2014q1/bin/../lib/gcc/arm-none-eabi/4.8.3/../../../../arm-none-eabi/lib/armv6-m/libm.a(lib_a-e_fmod.o)
                0x000000000000ccd8                __ieee754_fmod
 .text.matherr  0x000000000000cf74        0x4 /home/snir2g2/.arduinocdt/packages/arduino/tools/arm-none-eabi-gcc/4.8.3-2014q1/bin/../lib/gcc/arm-none-eabi/4.8.3/../../../../arm-none-eabi/lib/armv6-m/libm.a(lib_a-s_matherr.o)
                0x000000000000cf74                matherr
 .text          0x000000000000cf78       0x14 /home/snir2g2/.arduinocdt/packages/arduino/tools/arm-none-eabi-gcc/4.8.3-2014q1/bin/../lib/gcc/arm-none-eabi/4.8.3/armv6-m/libgcc.a(_thumb1_case_uqi.o)
                0x000000000000cf78                __gnu_thumb1_case_uqi
 .text          0x000000000000cf8c       0x9c /home/snir2g2/.arduinocdt/packages/arduino/tools/arm-none-eabi-gcc/4.8.3-2014q1/bin/../lib/gcc/arm-none-eabi/4.8.3/armv6-m/libgcc.a(_udivsi3.o)
                0x000000000000cf8c                __udivsi3
                0x000000000000cf8c                __aeabi_uidiv
                0x000000000000d014                __aeabi_uidivmod
 .text          0x000000000000d028       0xc0 /home/snir2g2/.arduinocdt/packages/arduino/tools/arm-none-eabi-gcc/4.8.3-2014q1/bin/../lib/gcc/arm-none-eabi/4.8.3/armv6-m/libgcc.a(_divsi3.o)
                0x000000000000d028                __aeabi_idiv
                0x000000000000d028                __divsi3
                0x000000000000d0d4                __aeabi_idivmod
 .text          0x000000000000d0e8        0x4 /home/snir2g2/.arduinocdt/packages/arduino/tools/arm-none-eabi-gcc/4.8.3-2014q1/bin/../lib/gcc/arm-none-eabi/4.8.3/armv6-m/libgcc.a(_dvmd_tls.o)
                0x000000000000d0e8                __aeabi_ldiv0
                0x000000000000d0e8                __aeabi_idiv0
 .text          0x000000000000d0ec       0x7c /home/snir2g2/.arduinocdt/packages/arduino/tools/arm-none-eabi-gcc/4.8.3-2014q1/bin/../lib/gcc/arm-none-eabi/4.8.3/armv6-m/libgcc.a(_arm_cmpdf2.o)
                0x000000000000d0ec                __aeabi_cdrcmple
                0x000000000000d0fc                __aeabi_cdcmple
                0x000000000000d0fc                __aeabi_cdcmpeq
                0x000000000000d10c                __aeabi_dcmpeq
                0x000000000000d118                __aeabi_dcmplt
                0x000000000000d12c                __aeabi_dcmple
                0x000000000000d140                __aeabi_dcmpgt
                0x000000000000d154                __aeabi_dcmpge
 .text          0x000000000000d168       0x74 /home/snir2g2/.arduinocdt/packages/arduino/tools/arm-none-eabi-gcc/4.8.3-2014q1/bin/../lib/gcc/arm-none-eabi/4.8.3/armv6-m/libgcc.a(_arm_cmpsf2.o)
                0x000000000000d168                __aeabi_cfrcmple
                0x000000000000d170                __aeabi_cfcmple
                0x000000000000d170                __aeabi_cfcmpeq
                0x000000000000d180                __aeabi_fcmpeq
                0x000000000000d18c                __aeabi_fcmplt
                0x000000000000d1a0                __aeabi_fcmple
                0x000000000000d1b4                __aeabi_fcmpgt
                0x000000000000d1c8                __aeabi_fcmpge
 .text          0x000000000000d1dc       0x30 /home/snir2g2/.arduinocdt/packages/arduino/tools/arm-none-eabi-gcc/4.8.3-2014q1/bin/../lib/gcc/arm-none-eabi/4.8.3/armv6-m/libgcc.a(_fixunssfsi.o)
                0x000000000000d1dc                __aeabi_f2uiz
                0x000000000000d1dc                __fixunssfsi
 *fill*         0x000000000000d20c        0x4 
 .text          0x000000000000d210       0x40 /home/snir2g2/.arduinocdt/packages/arduino/tools/arm-none-eabi-gcc/4.8.3-2014q1/bin/../lib/gcc/arm-none-eabi/4.8.3/armv6-m/libgcc.a(_fixunsdfsi.o)
                0x000000000000d210                __fixunsdfsi
                0x000000000000d210                __aeabi_d2uiz
 .text          0x000000000000d250      0x2c8 /home/snir2g2/.arduinocdt/packages/arduino/tools/arm-none-eabi-gcc/4.8.3-2014q1/bin/../lib/gcc/arm-none-eabi/4.8.3/armv6-m/libgcc.a(addsf3.o)
                0x000000000000d250                __aeabi_fadd
 .text          0x000000000000d518      0x24c /home/snir2g2/.arduinocdt/packages/arduino/tools/arm-none-eabi-gcc/4.8.3-2014q1/bin/../lib/gcc/arm-none-eabi/4.8.3/armv6-m/libgcc.a(divsf3.o)
                0x000000000000d518                __aeabi_fdiv
 .text          0x000000000000d764       0x54 /home/snir2g2/.arduinocdt/packages/arduino/tools/arm-none-eabi-gcc/4.8.3-2014q1/bin/../lib/gcc/arm-none-eabi/4.8.3/armv6-m/libgcc.a(eqsf2.o)
                0x000000000000d764                __nesf2
                0x000000000000d764                __eqsf2
 .text          0x000000000000d7b8       0x90 /home/snir2g2/.arduinocdt/packages/arduino/tools/arm-none-eabi-gcc/4.8.3-2014q1/bin/../lib/gcc/arm-none-eabi/4.8.3/armv6-m/libgcc.a(gesf2.o)
                0x000000000000d7b8                __gtsf2
                0x000000000000d7b8                __gesf2
 .text          0x000000000000d848       0x98 /home/snir2g2/.arduinocdt/packages/arduino/tools/arm-none-eabi-gcc/4.8.3-2014q1/bin/../lib/gcc/arm-none-eabi/4.8.3/armv6-m/libgcc.a(lesf2.o)
                0x000000000000d848                __lesf2
                0x000000000000d848                __ltsf2
 .text          0x000000000000d8e0      0x254 /home/snir2g2/.arduinocdt/packages/arduino/tools/arm-none-eabi-gcc/4.8.3-2014q1/bin/../lib/gcc/arm-none-eabi/4.8.3/armv6-m/libgcc.a(mulsf3.o)
                0x000000000000d8e0                __aeabi_fmul
 .text          0x000000000000db34      0x2e0 /home/snir2g2/.arduinocdt/packages/arduino/tools/arm-none-eabi-gcc/4.8.3-2014q1/bin/../lib/gcc/arm-none-eabi/4.8.3/armv6-m/libgcc.a(subsf3.o)
                0x000000000000db34                __aeabi_fsub
 .text          0x000000000000de14       0x40 /home/snir2g2/.arduinocdt/packages/arduino/tools/arm-none-eabi-gcc/4.8.3-2014q1/bin/../lib/gcc/arm-none-eabi/4.8.3/armv6-m/libgcc.a(fixsfsi.o)
                0x000000000000de14                __aeabi_f2iz
 .text          0x000000000000de54       0xb8 /home/snir2g2/.arduinocdt/packages/arduino/tools/arm-none-eabi-gcc/4.8.3-2014q1/bin/../lib/gcc/arm-none-eabi/4.8.3/armv6-m/libgcc.a(floatsisf.o)
                0x000000000000de54                __aeabi_i2f
 .text          0x000000000000df0c      0x638 /home/snir2g2/.arduinocdt/packages/arduino/tools/arm-none-eabi-gcc/4.8.3-2014q1/bin/../lib/gcc/arm-none-eabi/4.8.3/armv6-m/libgcc.a(adddf3.o)
                0x000000000000df0c                __aeabi_dadd
 .text          0x000000000000e544      0x648 /home/snir2g2/.arduinocdt/packages/arduino/tools/arm-none-eabi-gcc/4.8.3-2014q1/bin/../lib/gcc/arm-none-eabi/4.8.3/armv6-m/libgcc.a(divdf3.o)
                0x000000000000e544                __aeabi_ddiv
 .text          0x000000000000eb8c       0x94 /home/snir2g2/.arduinocdt/packages/arduino/tools/arm-none-eabi-gcc/4.8.3-2014q1/bin/../lib/gcc/arm-none-eabi/4.8.3/armv6-m/libgcc.a(eqdf2.o)
                0x000000000000eb8c                __eqdf2
                0x000000000000eb8c                __nedf2