Archive member included because of file (symbol)

./core.a(delay.c.o)           project/AlfoxMainV1.cpp.o (millis)
./core.a(Stream.cpp.o)        project/../../src/Bluetooth.cpp.o (Stream::readStringUntil(char))
./core.a(new.cpp.o)           project/AlfoxMainV1.cpp.o (operator new(unsigned int))
./core.a(hooks.c.o)           ./core.a(delay.c.o) (yield)
./core.a(abi.cpp.o)           libraries/I2S/src/I2S.cpp.o (__cxa_pure_virtual)
./core.a(cortex_handlers.c.o)
                              (Reset_Handler)
./core.a(wiring_analog.c.o)   project/../../src/LedTri.cpp.o (analogWrite)
./core.a(samd21_host.c.o)     libraries/USBHost/src/Usb.cpp.o (UHD_Init)
./core.a(PluggableUSB.cpp.o)  libraries/HID/HID.cpp.o (PluggableUSB_::plug(PluggableUSBModule*))
./core.a(USBCore.cpp.o)       libraries/Arduino_Low_Power/1.2.1/src/samd/ArduinoLowPower.cpp.o (USBDeviceClass::standby())
./core.a(CDC.cpp.o)           project/../../src/CarteSD.cpp.o (Serial_::write(unsigned char))
./core.a(wiring_digital.c.o)  project/../../src/Bluetooth.cpp.o (pinMode)
./core.a(wiring.c.o)          libraries/I2S/src/I2S.cpp.o (SystemCoreClock)
./core.a(Print.cpp.o)         libraries/I2S/src/I2S.cpp.o (Print::write(unsigned char const*, unsigned int))
./core.a(startup.c.o)         ./core.a(cortex_handlers.c.o) (SystemInit)
./core.a(main.cpp.o)          /home/snir2g2/.arduinocdt/packages/arduino/tools/arm-none-eabi-gcc/4.8.3-2014q1/bin/../lib/gcc/arm-none-eabi/4.8.3/../../../../arm-none-eabi/lib/armv6-m/crt0.o (main)
./core.a(WInterrupts.c.o)     libraries/Arduino_Low_Power/1.2.1/src/samd/ArduinoLowPower.cpp.o (attachInterrupt)
./core.a(SERCOM.cpp.o)        libraries/SPI/SPI.cpp.o (SERCOM::initSPIClock(SercomSpiClockMode, unsigned long))
./core.a(wiring_private.c.o)  project/../../src/Bluetooth.cpp.o (pinPeripheral)
./core.a(Uart.cpp.o)          project/AlfoxMainV1.cpp.o (Uart::begin(unsigned long))
./core.a(WString.cpp.o)       project/../../src/Bluetooth.cpp.o (String::~String())
./core.a(Reset.cpp.o)         ./core.a(CDC.cpp.o) (initiateReset)
./core.a(variant.cpp.o)       project/AlfoxMainV1.cpp.o (Serial1)
./core.a(itoa.c.o)            ./core.a(WString.cpp.o) (ltoa)
./core.a(dtostrf.c.o)         ./core.a(WString.cpp.o) (dtostrf)
/home/snir2g2/.arduinocdt/packages/arduino/tools/arm-none-eabi-gcc/4.8.3-2014q1/bin/../lib/gcc/arm-none-eabi/4.8.3/../../../../arm-none-eabi/lib/armv6-m/libstdc++_s.a(atexit_arm.o)
                              libraries/I2S/src/utility/DMA.cpp.o (__aeabi_atexit)
/home/snir2g2/.arduinocdt/packages/arduino/tools/arm-none-eabi-gcc/4.8.3-2014q1/bin/../lib/gcc/arm-none-eabi/4.8.3/../../../../arm-none-eabi/lib/armv6-m/libm.a(lib_a-s_fpclassify.o)
                              ./core.a(Print.cpp.o) (__fpclassifyd)
/home/snir2g2/.arduinocdt/packages/arduino/tools/arm-none-eabi-gcc/4.8.3-2014q1/bin/../lib/gcc/arm-none-eabi/4.8.3/../../../../arm-none-eabi/lib/armv6-m/libm.a(lib_a-w_fmod.o)
                              libraries/Adafruit_GPS_Library/1.0.3/Adafruit_GPS.cpp.o (fmod)
/home/snir2g2/.arduinocdt/packages/arduino/tools/arm-none-eabi-gcc/4.8.3-2014q1/bin/../lib/gcc/arm-none-eabi/4.8.3/../../../../arm-none-eabi/lib/armv6-m/libm.a(lib_a-e_fmod.o)
                              /home/snir2g2/.arduinocdt/packages/arduino/tools/arm-none-eabi-gcc/4.8.3-2014q1/bin/../lib/gcc/arm-none-eabi/4.8.3/../../../../arm-none-eabi/lib/armv6-m/libm.a(lib_a-w_fmod.o) (__ieee754_fmod)
/home/snir2g2/.arduinocdt/packages/arduino/tools/arm-none-eabi-gcc/4.8.3-2014q1/bin/../lib/gcc/arm-none-eabi/4.8.3/../../../../arm-none-eabi/lib/armv6-m/libm.a(lib_a-s_lib_ver.o)
                              /home/snir2g2/.arduinocdt/packages/arduino/tools/arm-none-eabi-gcc/4.8.3-2014q1/bin/../lib/gcc/arm-none-eabi/4.8.3/../../../../arm-none-eabi/lib/armv6-m/libm.a(lib_a-w_fmod.o) (__fdlib_version)
/home/snir2g2/.arduinocdt/packages/arduino/tools/arm-none-eabi-gcc/4.8.3-2014q1/bin/../lib/gcc/arm-none-eabi/4.8.3/../../../../arm-none-eabi/lib/armv6-m/libm.a(lib_a-s_matherr.o)
                              /home/snir2g2/.arduinocdt/packages/arduino/tools/arm-none-eabi-gcc/4.8.3-2014q1/bin/../lib/gcc/arm-none-eabi/4.8.3/../../../../arm-none-eabi/lib/armv6-m/libm.a(lib_a-w_fmod.o) (matherr)
/home/snir2g2/.arduinocdt/packages/arduino/tools/arm-none-eabi-gcc/4.8.3-2014q1/bin/../lib/gcc/arm-none-eabi/4.8.3/armv6-m/libgcc.a(_thumb1_case_uqi.o)
                              project/../../src/LedTri.cpp.o (__gnu_thumb1_case_uqi)
/home/snir2g2/.arduinocdt/packages/arduino/tools/arm-none-eabi-gcc/4.8.3-2014q1/bin/../lib/gcc/arm-none-eabi/4.8.3/armv6-m/libgcc.a(_udivsi3.o)
                              libraries/Time/1.5.0/Time.cpp.o (__aeabi_uidiv)
/home/snir2g2/.arduinocdt/packages/arduino/tools/arm-none-eabi-gcc/4.8.3-2014q1/bin/../lib/gcc/arm-none-eabi/4.8.3/armv6-m/libgcc.a(_divsi3.o)
                              project/../../src/DonneesTR.cpp.o (__aeabi_idiv)
[...]
Memory Configuration

Name             Origin             Length             Attributes
FLASH            0x0000000000002000 0x000000000003e000 xr
RAM              0x0000000020000000 0x0000000000008000 xrw
*default*        0x0000000000000000 0xffffffffffffffff

Linker script and memory map

LOAD /home/snir2g2/.arduinocdt/packages/arduino/tools/arm-none-eabi-gcc/4.8.3-2014q1/bin/../lib/gcc/arm-none-eabi/4.8.3/armv6-m/crti.o
LOAD /home/snir2g2/.arduinocdt/packages/arduino/tools/arm-none-eabi-gcc/4.8.3-2014q1/bin/../lib/gcc/arm-none-eabi/4.8.3/armv6-m/crtbegin.o
LOAD /home/snir2g2/.arduinocdt/packages/arduino/tools/arm-none-eabi-gcc/4.8.3-2014q1/bin/../lib/gcc/arm-none-eabi/4.8.3/../../../../arm-none-eabi/lib/armv6-m/crt0.o
LOAD project/AlfoxMainV1.cpp.o
LOAD project/../../src/Bluetooth.cpp.o
LOAD project/../../src/CarteSD.cpp.o
LOAD project/../../src/DonneesTR.cpp.o
LOAD project/../../src/GPS.cpp.o
LOAD project/../../src/HTR.cpp.o
LOAD project/../../src/LedTri.cpp.o
LOAD project/../../src/LiaisonSimulateur.cpp.o
LOAD project/../../src/Message.cpp.o
LOAD project/../../src/OBD2.cpp.o
LOAD project/../../src/SigfoxArduino.cpp.o
LOAD libraries/SPI/SPI.cpp.o
LOAD libraries/Time/1.5.0/Time.cpp.o
LOAD libraries/Time/1.5.0/DateStrings.cpp.o
LOAD libraries/I2S/src/utility/I2SDoubleBuffer.cpp.o
LOAD libraries/I2S/src/utility/DMA.cpp.o
LOAD libraries/I2S/src/I2S.cpp.o
LOAD libraries/SDU/src/SDU.cpp.o
LOAD libraries/HID/HID.cpp.o
LOAD libraries/SD/1.2.3/src/File.cpp.o
LOAD libraries/SD/1.2.3/src/SD.cpp.o
LOAD libraries/SD/1.2.3/src/utility/SdFile.cpp.o
LOAD libraries/SD/1.2.3/src/utility/Sd2Card.cpp.o
LOAD libraries/SD/1.2.3/src/utility/SdVolume.cpp.o
LOAD libraries/Wire/Wire.cpp.o
LOAD libraries/SAMD_AnalogCorrection/src/SAMD_AnalogCorrection.cpp.o
LOAD libraries/USBHost/src/parsetools.cpp.o
LOAD libraries/USBHost/src/message.cpp.o
LOAD libraries/USBHost/src/Usb.cpp.o
LOAD libraries/USBHost/src/KeyboardController.cpp.o
LOAD libraries/USBHost/src/hidboot.cpp.o
LOAD libraries/USBHost/src/hidescriptorparser.cpp.o
LOAD libraries/USBHost/src/usbhub.cpp.o
LOAD libraries/USBHost/src/MouseController.cpp.o
LOAD libraries/USBHost/src/adk.cpp.o
LOAD libraries/USBHost/src/hiduniversal.cpp.o
LOAD libraries/USBHost/src/hid.cpp.o
LOAD libraries/Arduino_Low_Power/1.2.1/src/nrf52/ArduinoLowPower.cpp.o
LOAD libraries/Arduino_Low_Power/1.2.1/src/samd/ArduinoLowPower.cpp.o
LOAD libraries/Adafruit_GPS_Library/1.0.3/Adafruit_GPS.cpp.o
LOAD libraries/Arduino_SigFox_for_MKRFox1200/1.0.4/src/SigFox.cpp.o
LOAD libraries/RTCZero/1.5.3/src/RTCZero.cpp.o
START GROUP
LOAD /home/snir2g2/.arduinocdt/packages/arduino/tools/CMSIS/4.5.0/CMSIS/Lib/GCC//libarm_cortexM0l_math.a
LOAD ./core.a
END GROUP
LOAD /home/snir2g2/.arduinocdt/packages/arduino/tools/arm-none-eabi-gcc/4.8.3-2014q1/bin/../lib/gcc/arm-none-eabi/4.8.3/../../../../arm-none-eabi/lib/armv6-m/libstdc++_s.a
LOAD /home/snir2g2/.arduinocdt/packages/arduino/tools/arm-none-eabi-gcc/4.8.3-2014q1/bin/../lib/gcc/arm-none-eabi/4.8.3/../../../../arm-none-eabi/lib/armv6-m/libm.a
START GROUP
LOAD /home/snir2g2/.arduinocdt/packages/arduino/tools/arm-none-eabi-gcc/4.8.3-2014q1/bin/../lib/gcc/arm-none-eabi/4.8.3/armv6-m/libgcc.a
LOAD /home/snir2g2/.arduinocdt/packages/arduino/tools/arm-none-eabi-gcc/4.8.3-2014q1/bin/../lib/gcc/arm-none-eabi/4.8.3/../../../../arm-none-eabi/lib/armv6-m/libc_s.a
END GROUP
START GROUP
LOAD /home/snir2g2/.arduinocdt/packages/arduino/tools/arm-none-eabi-gcc/4.8.3-2014q1/bin/../lib/gcc/arm-none-eabi/4.8.3/armv6-m/libgcc.a
LOAD /home/snir2g2/.arduinocdt/packages/arduino/tools/arm-none-eabi-gcc/4.8.3-2014q1/bin/../lib/gcc/arm-none-eabi/4.8.3/../../../../arm-none-eabi/lib/armv6-m/libc_s.a
LOAD /home/snir2g2/.arduinocdt/packages/arduino/tools/arm-none-eabi-gcc/4.8.3-2014q1/bin/../lib/gcc/arm-none-eabi/4.8.3/../../../../arm-none-eabi/lib/armv6-m/libnosys.a
END GROUP
START GROUP
LOAD /home/snir2g2/.arduinocdt/packages/arduino/tools/arm-none-eabi-gcc/4.8.3-2014q1/bin/../lib/gcc/arm-none-eabi/4.8.3/armv6-m/libgcc.a
LOAD /home/snir2g2/.arduinocdt/packages/arduino/tools/arm-none-eabi-gcc/4.8.3-2014q1/bin/../lib/gcc/arm-none-eabi/4.8.3/../../../../arm-none-eabi/lib/armv6-m/libc_s.a
LOAD /home/snir2g2/.arduinocdt/packages/arduino/tools/arm-none-eabi-gcc/4.8.3-2014q1/bin/../lib/gcc/arm-none-eabi/4.8.3/../../../../arm-none-eabi/lib/armv6-m/libnosys.a
END GROUP
LOAD /home/snir2g2/.arduinocdt/packages/arduino/tools/arm-none-eabi-gcc/4.8.3-2014q1/bin/../lib/gcc/arm-none-eabi/4.8.3/armv6-m/crtend.o
LOAD /home/snir2g2/.arduinocdt/packages/arduino/tools/arm-none-eabi-gcc/4.8.3-2014q1/bin/../lib/gcc/arm-none-eabi/4.8.3/armv6-m/crtn.o

.text           0x0000000000002000    0x13d60
                0x0000000000002000                __text_start__ = .
 *(.sketch_boot)
 .sketch_boot   0x0000000000002000     0x4000 libraries/SDU/src/SDU.cpp.o
                0x0000000000002000                sduBoot
                0x0000000000006000                . = ALIGN (0x2000)
 *(.isr_vector)
 .isr_vector    0x0000000000006000       0xb4 ./core.a(cortex_handlers.c.o)
                0x0000000000006000                exception_table
 *(.text*)
 .text          0x00000000000060b4       0x60 /home/snir2g2/.arduinocdt/packages/arduino/tools/arm-none-eabi-gcc/4.8.3-2014q1/bin/../lib/gcc/arm-none-eabi/4.8.3/armv6-m/crtbegin.o
 .text._Z9majDataTRv
                0x0000000000006114      0x1d4 project/AlfoxMainV1.cpp.o
                0x0000000000006114                majDataTR()
 .text._Z17sendMessageNormalv
                0x00000000000062e8       0x80 project/AlfoxMainV1.cpp.o
                0x00000000000062e8                sendMessageNormal()
 .text._Z14sendMessageGPSv
                0x0000000000006368       0x50 project/AlfoxMainV1.cpp.o
                0x0000000000006368                sendMessageGPS()
 .text._Z13afficherHeurev
                0x00000000000063b8       0x90 project/AlfoxMainV1.cpp.o
                0x00000000000063b8                afficherHeure()
 .text.loop     0x0000000000006448      0x19c project/AlfoxMainV1.cpp.o
                0x0000000000006448                loop
 .text.SERCOM3_Handler
                0x00000000000065e4       0x14 project/AlfoxMainV1.cpp.o
                0x00000000000065e4                SERCOM3_Handler
 .text.TC4_Handler
                0x00000000000065f8       0x2c project/AlfoxMainV1.cpp.o
                0x00000000000065f8                TC4_Handler
 .text._Z29configureInterrupt_timer4_1msv
                0x0000000000006624       0x98 project/AlfoxMainV1.cpp.o
                0x0000000000006624                configureInterrupt_timer4_1ms()
 .text.setup    0x00000000000066bc      0x144 project/AlfoxMainV1.cpp.o
                0x00000000000066bc                setup
 .text._ZN9BluetoothC2Eii
                0x0000000000006800       0x74 project/../../src/Bluetooth.cpp.o
                0x0000000000006800                Bluetooth::Bluetooth(int, int)
                0x0000000000006800                Bluetooth::Bluetooth(int, int)
 .text._ZN9Bluetooth11getInstanceEii
                0x0000000000006874       0x28 project/../../src/Bluetooth.cpp.o
                0x0000000000006874                Bluetooth::getInstance(int, int)
 .text._ZN9Bluetooth13activerModuleE4Mode
                0x000000000000689c       0x34 project/../../src/Bluetooth.cpp.o
                0x000000000000689c                Bluetooth::activerModule(Mode)
 .text._ZN9Bluetooth7isActifEv
                0x00000000000068d0       0x78 project/../../src/Bluetooth.cpp.o
                0x00000000000068d0                Bluetooth::isActif()
 .text._ZN9Bluetooth12getLiaisonBTEv
                0x0000000000006948        0x4 project/../../src/Bluetooth.cpp.o
                0x0000000000006948                Bluetooth::getLiaisonBT()
 .text._ZN9Bluetooth10modeMasterEv
                0x000000000000694c       0x68 project/../../src/Bluetooth.cpp.o
                0x000000000000694c                Bluetooth::modeMaster()
 .text._ZN9Bluetooth13modeConnexionEv
                0x00000000000069b4       0x68 project/../../src/Bluetooth.cpp.o
                0x00000000000069b4                Bluetooth::modeConnexion()
 .text._ZN9Bluetooth10motDePasseEv
                0x0000000000006a1c       0x64 project/../../src/Bluetooth.cpp.o
                0x0000000000006a1c                Bluetooth::motDePasse()
 .text._ZN9Bluetooth14initialisationEv
                0x0000000000006a80       0x68 project/../../src/Bluetooth.cpp.o
                0x0000000000006a80                Bluetooth::initialisation()
 .text._ZN9Bluetooth9appairageE6String
                0x0000000000006ae8       0xa8 project/../../src/Bluetooth.cpp.o
                0x0000000000006ae8                Bluetooth::appairage(String)
 .text._ZN9Bluetooth4bindE6String
                0x0000000000006b90       0xa0 project/../../src/Bluetooth.cpp.o
                0x0000000000006b90                Bluetooth::bind(String)
 .text._ZN9Bluetooth14modeDeconnecteEv
                0x0000000000006c30       0x68 project/../../src/Bluetooth.cpp.o
                0x0000000000006c30                Bluetooth::modeDeconnecte()
 .text._ZN9Bluetooth4lienE6String
                0x0000000000006c98       0xa0 project/../../src/Bluetooth.cpp.o
                0x0000000000006c98                Bluetooth::lien(String)
 .text._ZN9Bluetooth9connexionE6String
                0x0000000000006d38       0xbc project/../../src/Bluetooth.cpp.o
                0x0000000000006d38                Bluetooth::connexion(String)
 .text._ZN5Print17availableForWriteEv
                0x0000000000006df4        0x4 project/../../src/CarteSD.cpp.o
                0x0000000000006df4                Print::availableForWrite()
 .text._ZN5Print5flushEv
                0x0000000000006df8        0x2 project/../../src/CarteSD.cpp.o
                0x0000000000006df8                Print::flush()
 .text._ZN5SDLib4FileaSEOS0_
                0x0000000000006dfa       0x24 project/../../src/CarteSD.cpp.o
                0x0000000000006dfa                SDLib::File::operator=(SDLib::File&&)
 *fill*         0x0000000000006e1e        0x2 
 .text._ZN7CarteSD16initialisationSDEv
                0x0000000000006e20       0x6c project/../../src/CarteSD.cpp.o
                0x0000000000006e20                CarteSD::initialisationSD()
 .text._ZN7CarteSDC2Ev
                0x0000000000006e8c       0x38 project/../../src/CarteSD.cpp.o
                0x0000000000006e8c                CarteSD::CarteSD()
                0x0000000000006e8c                CarteSD::CarteSD()
 .text._ZN7CarteSD11getInstanceEv
                0x0000000000006ec4       0x20 project/../../src/CarteSD.cpp.o
                0x0000000000006ec4                CarteSD::getInstance()
 .text._ZN9DonneesTRD2Ev
                0x0000000000006ee4        0xc project/../../src/DonneesTR.cpp.o
                0x0000000000006ee4                DonneesTR::~DonneesTR()
                0x0000000000006ee4                DonneesTR::~DonneesTR()
 .text._ZN9DonneesTRD0Ev
                0x0000000000006ef0       0x18 project/../../src/DonneesTR.cpp.o
                0x0000000000006ef0                DonneesTR::~DonneesTR()
 .text._ZN9DonneesTRC2Ev
                0x0000000000006f08       0x44 project/../../src/DonneesTR.cpp.o
                0x0000000000006f08                DonneesTR::DonneesTR()
                0x0000000000006f08                DonneesTR::DonneesTR()
 .text._ZN9DonneesTR15getConsommationEv
                0x0000000000006f4c        0x4 project/../../src/DonneesTR.cpp.o
                0x0000000000006f4c                DonneesTR::getConsommation()
 .text._ZN9DonneesTR15getConsoMoyenneEv
                0x0000000000006f50        0xa project/../../src/DonneesTR.cpp.o
                0x0000000000006f50                DonneesTR::getConsoMoyenne()
 .text._ZN9DonneesTR11getConsoMaxEv
                0x0000000000006f5a        0xa project/../../src/DonneesTR.cpp.o
                0x0000000000006f5a                DonneesTR::getConsoMax()
 .text._ZN9DonneesTR17getVitesseMoyenneEv
                0x0000000000006f64        0x4 project/../../src/DonneesTR.cpp.o
                0x0000000000006f64                DonneesTR::getVitesseMoyenne()
 .text._ZN9DonneesTR13getVitesseMaxEv
                0x0000000000006f68        0x4 project/../../src/DonneesTR.cpp.o
                0x0000000000006f68                DonneesTR::getVitesseMax()
 .text._ZN9DonneesTR10getVitesseEv
                0x0000000000006f6c        0x4 project/../../src/DonneesTR.cpp.o
                0x0000000000006f6c                DonneesTR::getVitesse()
 .text._ZN9DonneesTR14getRegimeMoyenEv
                0x0000000000006f70        0x4 project/../../src/DonneesTR.cpp.o
                0x0000000000006f70                DonneesTR::getRegimeMoyen()
 .text._ZN9DonneesTR12getRegimeMaxEv
                0x0000000000006f74        0x4 project/../../src/DonneesTR.cpp.o
                0x0000000000006f74                DonneesTR::getRegimeMax()
 .text._ZN9DonneesTR9getRegimeEv
                0x0000000000006f78        0x4 project/../../src/DonneesTR.cpp.o
                0x0000000000006f78                DonneesTR::getRegime()
 .text._ZN9DonneesTR11getNbDefautEv
                0x0000000000006f7c        0x4 project/../../src/DonneesTR.cpp.o
                0x0000000000006f7c                DonneesTR::getNbDefaut()
 .text._ZN9DonneesTR10getDefautsEi
                0x0000000000006f80        0xa project/../../src/DonneesTR.cpp.o
                0x0000000000006f80                DonneesTR::getDefauts(int)
 .text._ZN9DonneesTR10setVitesseEi
                0x0000000000006f8a       0x24 project/../../src/DonneesTR.cpp.o
                0x0000000000006f8a                DonneesTR::setVitesse(int)
 *fill*         0x0000000000006fae        0x2 
 .text._ZN9DonneesTR15setConsommationEf
                0x0000000000006fb0       0x2c project/../../src/DonneesTR.cpp.o
                0x0000000000006fb0                DonneesTR::setConsommation(float)
 .text._ZN9DonneesTR9setRegimeEi
                0x0000000000006fdc       0x24 project/../../src/DonneesTR.cpp.o
                0x0000000000006fdc                DonneesTR::setRegime(int)
 .text._ZN9DonneesTR20getDistanceParcourueEv
                0x0000000000007000        0x4 project/../../src/DonneesTR.cpp.o
                0x0000000000007000                DonneesTR::getDistanceParcourue()
 *fill*         0x0000000000007004        0x4 
 .text._ZN9DonneesTR11majDistanceEb
                0x0000000000007008       0x50 project/../../src/DonneesTR.cpp.o
                0x0000000000007008                DonneesTR::majDistance(bool)
 .text._ZN9DonneesTR11setLatitudeEf
                0x0000000000007058        0x4 project/../../src/DonneesTR.cpp.o
                0x0000000000007058                DonneesTR::setLatitude(float)
 .text._ZN9DonneesTR12setLongitudeEf
                0x000000000000705c        0x4 project/../../src/DonneesTR.cpp.o
                0x000000000000705c                DonneesTR::setLongitude(float)
 .text._ZN9DonneesTR11getLatitudeEv
                0x0000000000007060        0x4 project/../../src/DonneesTR.cpp.o
                0x0000000000007060                DonneesTR::getLatitude()
 .text._ZN9DonneesTR12getLongitudeEv
                0x0000000000007064        0x4 project/../../src/DonneesTR.cpp.o
                0x0000000000007064                DonneesTR::getLongitude()
 .text._ZN9DonneesTR11setDatationE2tm
                0x0000000000007068       0x24 project/../../src/DonneesTR.cpp.o
                0x0000000000007068                DonneesTR::setDatation(tm)
 .text._ZN9DonneesTR12getOBD2ActifEv
                0x000000000000708c        0x6 project/../../src/DonneesTR.cpp.o
                0x000000000000708c                DonneesTR::getOBD2Actif()
 .text._ZN9DonneesTR12setOBD2ActifEb
                0x0000000000007092        0x6 project/../../src/DonneesTR.cpp.o
                0x0000000000007092                DonneesTR::setOBD2Actif(bool)
 .text._ZN9DonneesTR17getBluetoothActifEv
                0x0000000000007098        0x6 project/../../src/DonneesTR.cpp.o
                0x0000000000007098                DonneesTR::getBluetoothActif()
 .text._ZN9DonneesTR17setBluetoothActifEb
                0x000000000000709e        0x6 project/../../src/DonneesTR.cpp.o
                0x000000000000709e                DonneesTR::setBluetoothActif(bool)
 .text._ZN9DonneesTR11setBatterieEf
                0x00000000000070a4        0x4 project/../../src/DonneesTR.cpp.o
                0x00000000000070a4                DonneesTR::setBatterie(float)
 .text._ZN3GPSC2Ev
                0x00000000000070a8       0x64 project/../../src/GPS.cpp.o
                0x00000000000070a8                GPS::GPS()
                0x00000000000070a8                GPS::GPS()
 .text._ZN3GPS11getInstanceEv
                0x000000000000710c       0x20 project/../../src/GPS.cpp.o
                0x000000000000710c                GPS::getInstance()
 .text._ZN3GPS3majEv
                0x000000000000712c       0x5a project/../../src/GPS.cpp.o
                0x000000000000712c                GPS::maj()
 .text._ZN3GPS8readDATAEv
                0x0000000000007186        0xa project/../../src/GPS.cpp.o
                0x0000000000007186                GPS::readDATA()
 .text._ZN3GPS7isDispoEv
                0x0000000000007190       0x10 project/../../src/GPS.cpp.o
                0x0000000000007190                GPS::isDispo()
 .text._ZN3HTR11setDatationE2tm
                0x00000000000071a0       0x24 project/../../src/HTR.cpp.o
                0x00000000000071a0                HTR::setDatation(tm)
 .text._ZN3HTR11getInstanceEv
                0x00000000000071c4       0x1c project/../../src/HTR.cpp.o
                0x00000000000071c4                HTR::getInstance()
 .text._ZN7Message6normalEP9DonneesTRPh
                0x00000000000071e0       0xec project/../../src/Message.cpp.o
                0x00000000000071e0                Message::normal(DonneesTR*, unsigned char*)
 .text._ZN7Message7degradeEP9DonneesTRPh
                0x00000000000072cc       0x7c project/../../src/Message.cpp.o
                0x00000000000072cc                Message::degrade(DonneesTR*, unsigned char*)
 .text._ZN7Message3gpsEP9DonneesTRPh
                0x0000000000007348      0x1a0 project/../../src/Message.cpp.o
                0x0000000000007348                Message::gps(DonneesTR*, unsigned char*)
 .text._ZN7Message6dmdGPSEP9DonneesTRPh
                0x00000000000074e8       0x16 project/../../src/Message.cpp.o
                0x00000000000074e8                Message::dmdGPS(DonneesTR*, unsigned char*)
 .text._ZN7Message6dormirEP9DonneesTRPh
                0x00000000000074fe       0x16 project/../../src/Message.cpp.o
                0x00000000000074fe                Message::dormir(DonneesTR*, unsigned char*)
 .text._ZN7Message4initEP9DonneesTRPh
                0x0000000000007514       0x16 project/../../src/Message.cpp.o
                0x0000000000007514                Message::init(DonneesTR*, unsigned char*)
 .text._ZN7Message7nouveauE4EtatP9DonneesTRPh
                0x000000000000752a       0x4c project/../../src/Message.cpp.o
                0x000000000000752a                Message::nouveau(Etat, DonneesTR*, unsigned char*)
 .text._Z10hex2uint16PKc
                0x0000000000007576       0x54 project/../../src/OBD2.cpp.o
                0x0000000000007576                hex2uint16(char const*)
 .text._Z9hex2uint8PKc
                0x00000000000075ca       0x62 project/../../src/OBD2.cpp.o
                0x00000000000075ca                hex2uint8(char const*)
 .text._ZN4OBD211lireReponseEv
                0x000000000000762c       0x44 project/../../src/OBD2.cpp.o
                0x000000000000762c                OBD2::lireReponse()
 .text._ZN4OBD27demandeE5TCode
                0x0000000000007670       0x20 project/../../src/OBD2.cpp.o
                0x0000000000007670                OBD2::demande(TCode)
 .text._ZN4OBD2C2EP9Bluetooth
                0x0000000000007690      0x190 project/../../src/OBD2.cpp.o
                0x0000000000007690                OBD2::OBD2(Bluetooth*)
                0x0000000000007690                OBD2::OBD2(Bluetooth*)
 .text._ZN4OBD211getInstanceEP9Bluetooth
                0x0000000000007820       0x24 project/../../src/OBD2.cpp.o
                0x0000000000007820                OBD2::getInstance(Bluetooth*)
 .text._ZN4OBD211testReponseE5TCode
                0x0000000000007844       0xb8 project/../../src/OBD2.cpp.o
                0x0000000000007844                OBD2::testReponse(TCode)
 .text._ZN4OBD211lireVitesseEv
                0x00000000000078fc        0xa project/../../src/OBD2.cpp.o
                0x00000000000078fc                OBD2::lireVitesse()
 *fill*         0x0000000000007906        0x2 
 .text._ZN4OBD216lireRegimeMoteurEv
                0x0000000000007908       0xf0 project/../../src/OBD2.cpp.o
                0x0000000000007908                OBD2::lireRegimeMoteur()
 .text._ZN4OBD28lireDairEv
                0x00000000000079f8       0x38 project/../../src/OBD2.cpp.o
                0x00000000000079f8                OBD2::lireDair()
 .text._ZN4OBD29lireSondeEv
                0x0000000000007a30        0xe project/../../src/OBD2.cpp.o
                0x0000000000007a30                OBD2::lireSonde()
 *fill*         0x0000000000007a3e        0x2 
 .text._ZN4OBD215lireConsomationEv
                0x0000000000007a40       0xe8 project/../../src/OBD2.cpp.o
                0x0000000000007a40                OBD2::lireConsomation()
 .text._ZN4OBD211isConnectedEv
                0x0000000000007b28        0x6 project/../../src/OBD2.cpp.o
                0x0000000000007b28                OBD2::isConnected()
 .text._ZN4OBD212lireBatterieEv
                0x0000000000007b2e        0xe project/../../src/OBD2.cpp.o
                0x0000000000007b2e                OBD2::lireBatterie()
 .text._ZN13SigfoxArduino11getInstanceEv
                0x0000000000007b3c       0x1c project/../../src/SigfoxArduino.cpp.o
                0x0000000000007b3c                SigfoxArduino::getInstance()
 .text._ZN13SigfoxArduino7envoyerEPh
                0x0000000000007b58       0x70 project/../../src/SigfoxArduino.cpp.o
                0x0000000000007b58                SigfoxArduino::envoyer(unsigned char*)
 .text._ZN8SPIClass4initEv
                0x0000000000007bc8       0x12 libraries/SPI/SPI.cpp.o
                0x0000000000007bc8                SPIClass::init()
 .text._ZN8SPIClass6configE11SPISettings
                0x0000000000007bda       0x36 libraries/SPI/SPI.cpp.o
                0x0000000000007bda                SPIClass::config(SPISettings)
 .text._ZN8SPIClass5beginEv
                0x0000000000007c10       0x50 libraries/SPI/SPI.cpp.o
                0x0000000000007c10                SPIClass::begin()
 .text._ZN8SPIClass16beginTransactionE11SPISettings
                0x0000000000007c60       0x38 libraries/SPI/SPI.cpp.o
                0x0000000000007c60                SPIClass::beginTransaction(SPISettings)
 .text._ZN8SPIClass14endTransactionEv
                0x0000000000007c98       0x24 libraries/SPI/SPI.cpp.o
                0x0000000000007c98                SPIClass::endTransaction()
 .text._ZN8SPIClass11setBitOrderE8BitOrder
                0x0000000000007cbc       0x14 libraries/SPI/SPI.cpp.o
                0x0000000000007cbc                SPIClass::setBitOrder(BitOrder)
 .text._ZN8SPIClass11setDataModeEh
                0x0000000000007cd0       0x30 libraries/SPI/SPI.cpp.o
                0x0000000000007cd0                SPIClass::setDataMode(unsigned char)
 .text._ZN8SPIClass8transferEh
                0x0000000000007d00        0xa libraries/SPI/SPI.cpp.o
                0x0000000000007d00                SPIClass::transfer(unsigned char)
 .text._ZN8SPIClass8transferEPvj
                0x0000000000007d0a       0x1c libraries/SPI/SPI.cpp.o
                0x0000000000007d0a                SPIClass::transfer(void*, unsigned int)
 *fill*         0x0000000000007d26        0x2 
 .text.startup._GLOBAL__sub_I__ZN8SPIClassC2EP6SERCOMhhh14SercomSpiTXPad11SercomRXPad
                0x0000000000007d28       0x58 libraries/SPI/SPI.cpp.o
 .text._ZN15I2SDoubleBufferD2Ev
                0x0000000000007d80        0xc libraries/I2S/src/utility/I2SDoubleBuffer.cpp.o
                0x0000000000007d80                I2SDoubleBuffer::~I2SDoubleBuffer()
                0x0000000000007d80                I2SDoubleBuffer::~I2SDoubleBuffer()
 .text._ZN15I2SDoubleBufferD0Ev
                0x0000000000007d8c       0x18 libraries/I2S/src/utility/I2SDoubleBuffer.cpp.o
                0x0000000000007d8c                I2SDoubleBuffer::~I2SDoubleBuffer()
 .text._ZN15I2SDoubleBuffer5resetEv
                0x0000000000007da4       0x28 libraries/I2S/src/utility/I2SDoubleBuffer.cpp.o
                0x0000000000007da4                I2SDoubleBuffer::reset()
 .text._ZN15I2SDoubleBufferC2Ev
                0x0000000000007dcc       0x18 libraries/I2S/src/utility/I2SDoubleBuffer.cpp.o
                0x0000000000007dcc                I2SDoubleBuffer::I2SDoubleBuffer()
                0x0000000000007dcc                I2SDoubleBuffer::I2SDoubleBuffer()
 .text._ZN15I2SDoubleBuffer17availableForWriteEv
                0x0000000000007de4       0x28 libraries/I2S/src/utility/I2SDoubleBuffer.cpp.o
                0x0000000000007de4                I2SDoubleBuffer::availableForWrite()
 .text._ZN15I2SDoubleBuffer5writeEPKvj
                0x0000000000007e0c       0x54 libraries/I2S/src/utility/I2SDoubleBuffer.cpp.o
                0x0000000000007e0c                I2SDoubleBuffer::write(void const*, unsigned int)
 .text._ZN15I2SDoubleBuffer4readEPvj
                0x0000000000007e60       0x64 libraries/I2S/src/utility/I2SDoubleBuffer.cpp.o
                0x0000000000007e60                I2SDoubleBuffer::read(void*, unsigned int)
 .text._ZN15I2SDoubleBuffer4peekEPvj
                0x0000000000007ec4       0x54 libraries/I2S/src/utility/I2SDoubleBuffer.cpp.o
                0x0000000000007ec4                I2SDoubleBuffer::peek(void*, unsigned int)
 .text._ZN15I2SDoubleBuffer4dataEv
                0x0000000000007f18       0x10 libraries/I2S/src/utility/I2SDoubleBuffer.cpp.o
                0x0000000000007f18                I2SDoubleBuffer::data()
 .text._ZN15I2SDoubleBuffer9availableEv
                0x0000000000007f28       0x24 libraries/I2S/src/utility/I2SDoubleBuffer.cpp.o
                0x0000000000007f28                I2SDoubleBuffer::available()
 .text._ZN15I2SDoubleBuffer4swapEi
                0x0000000000007f4c       0x30 libraries/I2S/src/utility/I2SDoubleBuffer.cpp.o
                0x0000000000007f4c                I2SDoubleBuffer::swap(int)
 .text._ZN8DMAClassD2Ev
                0x0000000000007f7c        0xc libraries/I2S/src/utility/DMA.cpp.o
                0x0000000000007f7c                DMAClass::~DMAClass()
                0x0000000000007f7c                DMAClass::~DMAClass()
 .text._ZN8DMAClassD0Ev
                0x0000000000007f88       0x18 libraries/I2S/src/utility/DMA.cpp.o
                0x0000000000007f88                DMAClass::~DMAClass()
 .text._ZN8DMAClassC2Ev
                0x0000000000007fa0       0x48 libraries/I2S/src/utility/DMA.cpp.o
                0x0000000000007fa0                DMAClass::DMAClass()
                0x0000000000007fa0                DMAClass::DMAClass()
 .text._ZN8DMAClass16setTriggerSourceEii
                0x0000000000007fe8       0x50 libraries/I2S/src/utility/DMA.cpp.o
                0x0000000000007fe8                DMAClass::setTriggerSource(int, int)
 .text._ZN8DMAClass16setTransferWidthEii
                0x0000000000008038       0x30 libraries/I2S/src/utility/DMA.cpp.o
                0x0000000000008038                DMAClass::setTransferWidth(int, int)
 .text._ZN8DMAClass6incSrcEi
                0x0000000000008068       0x1a libraries/I2S/src/utility/DMA.cpp.o
                0x0000000000008068                DMAClass::incSrc(int)
 *fill*         0x0000000000008082        0x2 
 .text._ZN8DMAClass6incDstEi
                0x0000000000008084       0x1c libraries/I2S/src/utility/DMA.cpp.o
                0x0000000000008084                DMAClass::incDst(int)
 .text._ZN8DMAClass8transferEiPvS0_t
                0x00000000000080a0       0xf4 libraries/I2S/src/utility/DMA.cpp.o
                0x00000000000080a0                DMAClass::transfer(int, void*, void*, unsigned short)
 .text._ZN8DMAClass18onTransferCompleteEiPFviE
                0x0000000000008194        0x8 libraries/I2S/src/utility/DMA.cpp.o
                0x0000000000008194                DMAClass::onTransferComplete(int, void (*)(int))
 .text._ZN8DMAClass9onServiceEv
                0x000000000000819c       0x70 libraries/I2S/src/utility/DMA.cpp.o
                0x000000000000819c                DMAClass::onService()
 .text.DMAC_Handler
                0x000000000000820c       0x10 libraries/I2S/src/utility/DMA.cpp.o
                0x000000000000820c                DMAC_Handler
 .text.startup._GLOBAL__sub_I__ZN8DMAClass11_beginCountE
                0x000000000000821c       0x24 libraries/I2S/src/utility/DMA.cpp.o
 .text._ZN8I2SClass5flushEv
                0x0000000000008240        0x2 libraries/I2S/src/I2S.cpp.o
                0x0000000000008240                I2SClass::flush()
 .text._ZN8I2SClass4peekEv
                0x0000000000008242       0x46 libraries/I2S/src/I2S.cpp.o
                0x0000000000008242                I2SClass::peek()
 .text._ZN20I2SDevice_SAMD21G18x15enableClockUnitEi
                0x0000000000008288       0x22 libraries/I2S/src/I2S.cpp.o
                0x0000000000008288                I2SDevice_SAMD21G18x::enableClockUnit(int)
 .text._ZN20I2SDevice_SAMD21G18x16enableSerializerEi
                0x00000000000082aa       0x22 libraries/I2S/src/I2S.cpp.o
                0x00000000000082aa                I2SDevice_SAMD21G18x::enableSerializer(int)
 .text._ZN8I2SClassC2Ehhhhh
                0x00000000000082cc       0x54 libraries/I2S/src/I2S.cpp.o
                0x00000000000082cc                I2SClass::I2SClass(unsigned char, unsigned char, unsigned char, unsigned char, unsigned char)
                0x00000000000082cc                I2SClass::I2SClass(unsigned char, unsigned char, unsigned char, unsigned char, unsigned char)
 .text._ZN8I2SClass17enableTransmitterEv
                0x0000000000008320       0x80 libraries/I2S/src/I2S.cpp.o
                0x0000000000008320                I2SClass::enableTransmitter()
 .text._ZN8I2SClass17availableForWriteEv
                0x00000000000083a0       0x24 libraries/I2S/src/I2S.cpp.o
                0x00000000000083a0                I2SClass::availableForWrite()
 .text._ZN8I2SClass5writeEl
                0x00000000000083c4       0x60 libraries/I2S/src/I2S.cpp.o
                0x00000000000083c4                I2SClass::write(long)
 .text._ZN8I2SClass5writeEh
                0x0000000000008424        0x8 libraries/I2S/src/I2S.cpp.o
                0x0000000000008424                I2SClass::write(unsigned char)
 .text._ZN8I2SClass5writeEPKvj
                0x000000000000842c       0x98 libraries/I2S/src/I2S.cpp.o
                0x000000000000842c                I2SClass::write(void const*, unsigned int)
 .text._ZN8I2SClass5writeEPKhj
                0x00000000000084c4        0x8 libraries/I2S/src/I2S.cpp.o
                0x00000000000084c4                I2SClass::write(unsigned char const*, unsigned int)
 .text._ZN8I2SClass14enableReceiverEv
                0x00000000000084cc       0x7c libraries/I2S/src/I2S.cpp.o
                0x00000000000084cc                I2SClass::enableReceiver()
 .text._ZN8I2SClass9availableEv
                0x0000000000008548       0x90 libraries/I2S/src/I2S.cpp.o
                0x0000000000008548                I2SClass::available()
 .text._ZN8I2SClass4readEPvj
                0x00000000000085d8       0x98 libraries/I2S/src/I2S.cpp.o
                0x00000000000085d8                I2SClass::read(void*, unsigned int)
 .text._ZN8I2SClass4readEv
                0x0000000000008670       0x38 libraries/I2S/src/I2S.cpp.o
                0x0000000000008670                I2SClass::read()
 .text._ZN8I2SClass18onTransferCompleteEv
                0x00000000000086a8       0xc4 libraries/I2S/src/I2S.cpp.o
                0x00000000000086a8                I2SClass::onTransferComplete()
 .text._ZN8I2SClass21onDmaTransferCompleteEi
                0x000000000000876c       0x18 libraries/I2S/src/I2S.cpp.o
                0x000000000000876c                I2SClass::onDmaTransferComplete(int)
 .text.startup._GLOBAL__sub_I__ZN8I2SClass11_beginCountE
                0x0000000000008784       0x3c libraries/I2S/src/I2S.cpp.o
 .text._ZN8I2SClassD2Ev
                0x00000000000087c0       0x18 libraries/I2S/src/I2S.cpp.o
                0x00000000000087c0                I2SClass::~I2SClass()
                0x00000000000087c0                I2SClass::~I2SClass()
 .text._ZN5SDLib4File5writeEh
                0x00000000000087d8       0x14 libraries/SD/1.2.3/src/File.cpp.o
                0x00000000000087d8                SDLib::File::write(unsigned char)
 .text._ZN5SDLib4File5writeEPKhj
                0x00000000000087ec       0x2a libraries/SD/1.2.3/src/File.cpp.o
                0x00000000000087ec                SDLib::File::write(unsigned char const*, unsigned int)
 .text._ZN5SDLib4File5flushEv
                0x0000000000008816        0xe libraries/SD/1.2.3/src/File.cpp.o
                0x0000000000008816                SDLib::File::flush()
 .text._ZN6SdFile4readEv
                0x0000000000008824       0x20 libraries/SD/1.2.3/src/File.cpp.o
                0x0000000000008824                SdFile::read()
 .text._ZN5SDLib4File4readEv
                0x0000000000008844       0x14 libraries/SD/1.2.3/src/File.cpp.o
                0x0000000000008844                SDLib::File::read()
 .text._ZN5SDLib4File4peekEv
                0x0000000000008858       0x22 libraries/SD/1.2.3/src/File.cpp.o
                0x0000000000008858                SDLib::File::peek()
 *fill*         0x000000000000887a        0x2 
 .text._ZN5SDLib4FileC2E6SdFilePKc
                0x000000000000887c       0x44 libraries/SD/1.2.3/src/File.cpp.o
                0x000000000000887c                SDLib::File::File(SdFile, char const*)
                0x000000000000887c                SDLib::File::File(SdFile, char const*)
 .text._ZN5SDLib4FileC2Ev
                0x00000000000088c0       0x1c libraries/SD/1.2.3/src/File.cpp.o
                0x00000000000088c0                SDLib::File::File()
                0x00000000000088c0                SDLib::File::File()
 .text._ZN5SDLib4File8positionEv
                0x00000000000088dc       0x10 libraries/SD/1.2.3/src/File.cpp.o
                0x00000000000088dc                SDLib::File::position()
 .text._ZN5SDLib4File4sizeEv
                0x00000000000088ec        0xa libraries/SD/1.2.3/src/File.cpp.o
                0x00000000000088ec                SDLib::File::size()
 *fill*         0x00000000000088f6        0x2 
 .text._ZN5SDLib4File9availableEv
                0x00000000000088f8       0x28 libraries/SD/1.2.3/src/File.cpp.o
                0x00000000000088f8                SDLib::File::available()
 .text._ZN8SdVolume4initEP7Sd2Card
                0x0000000000008920       0x1e libraries/SD/1.2.3/src/SD.cpp.o
                0x0000000000008920                SdVolume::init(Sd2Card*)
 .text._ZN5SDLib7SDClass5beginEh
                0x000000000000893e       0x4a libraries/SD/1.2.3/src/SD.cpp.o
                0x000000000000893e                SDLib::SDClass::begin(unsigned char)
 .text._ZN6SdFileC2ERKS_
                0x0000000000008988       0x34 libraries/SD/1.2.3/src/SD.cpp.o
                0x0000000000008988                SdFile::SdFile(SdFile const&)
                0x0000000000008988                SdFile::SdFile(SdFile const&)
 .text._ZN5SDLib7SDClass12getParentDirEPKcPi
                0x00000000000089bc       0xac libraries/SD/1.2.3/src/SD.cpp.o
                0x00000000000089bc                SDLib::SDClass::getParentDir(char const*, int*)
 .text._ZN5SDLib7SDClass4openEPKch
                0x0000000000008a68       0x90 libraries/SD/1.2.3/src/SD.cpp.o
                0x0000000000008a68                SDLib::SDClass::open(char const*, unsigned char)
 .text.startup._GLOBAL__sub_I__ZN5SDLib20getNextPathComponentEPKcPjPc
                0x0000000000008af8       0x2c libraries/SD/1.2.3/src/SD.cpp.o
 .text._ZN6SdFile10addClusterEv
                0x0000000000008b24       0x2c libraries/SD/1.2.3/src/utility/SdFile.cpp.o
                0x0000000000008b24                SdFile::addCluster()
 .text._ZN6SdFile13addDirClusterEv
                0x0000000000008b50       0x4a libraries/SD/1.2.3/src/utility/SdFile.cpp.o
                0x0000000000008b50                SdFile::addDirCluster()
 *fill*         0x0000000000008b9a        0x2 
 .text._ZN6SdFile13cacheDirEntryEh
                0x0000000000008b9c       0x1c libraries/SD/1.2.3/src/utility/SdFile.cpp.o
                0x0000000000008b9c                SdFile::cacheDirEntry(unsigned char)
 .text._ZN6SdFile10make83NameEPKcPh
                0x0000000000008bb8       0x8c libraries/SD/1.2.3/src/utility/SdFile.cpp.o
                0x0000000000008bb8                SdFile::make83Name(char const*, unsigned char*)
 .text._ZN6SdFile8openRootEP8SdVolume
                0x0000000000008c44       0x52 libraries/SD/1.2.3/src/utility/SdFile.cpp.o
                0x0000000000008c44                SdFile::openRoot(SdVolume*)
 *fill*         0x0000000000008c96        0x2 
 .text._ZN6SdFile4readEPvt
                0x0000000000008c98      0x10c libraries/SD/1.2.3/src/utility/SdFile.cpp.o
                0x0000000000008c98                SdFile::read(void*, unsigned short)
 .text._ZN6SdFile12readDirCacheEv
                0x0000000000008da4       0x48 libraries/SD/1.2.3/src/utility/SdFile.cpp.o
                0x0000000000008da4                SdFile::readDirCache()
 .text._ZN6SdFile7seekSetEm
                0x0000000000008dec       0x64 libraries/SD/1.2.3/src/utility/SdFile.cpp.o
                0x0000000000008dec                SdFile::seekSet(unsigned long)
 .text._ZN6SdFile4syncEv
                0x0000000000008e50       0x78 libraries/SD/1.2.3/src/utility/SdFile.cpp.o
                0x0000000000008e50                SdFile::sync()
 .text._ZN6SdFile5closeEv
                0x0000000000008ec8       0x14 libraries/SD/1.2.3/src/utility/SdFile.cpp.o
                0x0000000000008ec8                SdFile::close()
 .text._ZN6SdFile8truncateEm
                0x0000000000008edc       0xb4 libraries/SD/1.2.3/src/utility/SdFile.cpp.o
                0x0000000000008edc                SdFile::truncate(unsigned long)
 .text._ZN6SdFile15openCachedEntryEhh
                0x0000000000008f90       0x98 libraries/SD/1.2.3/src/utility/SdFile.cpp.o
                0x0000000000008f90                SdFile::openCachedEntry(unsigned char, unsigned char)
 .text._ZN6SdFile4openEPS_PKch
                0x0000000000009028      0x134 libraries/SD/1.2.3/src/utility/SdFile.cpp.o
                0x0000000000009028                SdFile::open(SdFile*, char const*, unsigned char)
 .text._ZN6SdFile5writeEPKvt
                0x000000000000915c      0x1ac libraries/SD/1.2.3/src/utility/SdFile.cpp.o
                0x000000000000915c                SdFile::write(void const*, unsigned short)
 .text._ZN6SdFile5writeEh
                0x0000000000009308       0x12 libraries/SD/1.2.3/src/utility/SdFile.cpp.o
                0x0000000000009308                SdFile::write(unsigned char)
 *fill*         0x000000000000931a        0x2 
 .text._ZL7spiSendh
                0x000000000000931c       0x10 libraries/SD/1.2.3/src/utility/Sd2Card.cpp.o
 .text._ZL6spiRecv
                0x000000000000932c       0x10 libraries/SD/1.2.3/src/utility/Sd2Card.cpp.o
 .text._ZN7Sd2Card14chipSelectHighEv
                0x000000000000933c       0x28 libraries/SD/1.2.3/src/utility/Sd2Card.cpp.o
                0x000000000000933c                Sd2Card::chipSelectHigh()
 .text._ZN7Sd2Card13chipSelectLowEv
                0x0000000000009364       0x30 libraries/SD/1.2.3/src/utility/Sd2Card.cpp.o
                0x0000000000009364                Sd2Card::chipSelectLow()
 .text._ZN7Sd2Card7readEndEv
                0x0000000000009394       0x2c libraries/SD/1.2.3/src/utility/Sd2Card.cpp.o
                0x0000000000009394                Sd2Card::readEnd()
 .text._ZN7Sd2Card10setSckRateEh
                0x00000000000093c0       0x6c libraries/SD/1.2.3/src/utility/Sd2Card.cpp.o
                0x00000000000093c0                Sd2Card::setSckRate(unsigned char)
 .text._ZN7Sd2Card11waitNotBusyEj
                0x000000000000942c       0x24 libraries/SD/1.2.3/src/utility/Sd2Card.cpp.o
                0x000000000000942c                Sd2Card::waitNotBusy(unsigned int)
 .text._ZN7Sd2Card11cardCommandEhm
                0x0000000000009450       0x64 libraries/SD/1.2.3/src/utility/Sd2Card.cpp.o
                0x0000000000009450                Sd2Card::cardCommand(unsigned char, unsigned long)
 .text._ZN7Sd2Card4initEhh
                0x00000000000094b4      0x140 libraries/SD/1.2.3/src/utility/Sd2Card.cpp.o
                0x00000000000094b4                Sd2Card::init(unsigned char, unsigned char)
 .text._ZN7Sd2Card14waitStartBlockEv
                0x00000000000095f4       0x3c libraries/SD/1.2.3/src/utility/Sd2Card.cpp.o
                0x00000000000095f4                Sd2Card::waitStartBlock()
 .text._ZN7Sd2Card8readDataEmttPh
                0x0000000000009630       0xac libraries/SD/1.2.3/src/utility/Sd2Card.cpp.o
                0x0000000000009630                Sd2Card::readData(unsigned long, unsigned short, unsigned short, unsigned char*)
 .text._ZN7Sd2Card9readBlockEmPh
                0x00000000000096dc       0x10 libraries/SD/1.2.3/src/utility/Sd2Card.cpp.o
                0x00000000000096dc                Sd2Card::readBlock(unsigned long, unsigned char*)
 .text._ZN7Sd2Card9writeDataEhPKh
                0x00000000000096ec       0x48 libraries/SD/1.2.3/src/utility/Sd2Card.cpp.o
                0x00000000000096ec                Sd2Card::writeData(unsigned char, unsigned char const*)
 .text._ZN7Sd2Card10writeBlockEmPKh
                0x0000000000009734       0x78 libraries/SD/1.2.3/src/utility/Sd2Card.cpp.o
                0x0000000000009734                Sd2Card::writeBlock(unsigned long, unsigned char const*)
 .text.startup._GLOBAL__sub_I__ZN7Sd2Card11cardCommandEhm
                0x00000000000097ac       0x18 libraries/SD/1.2.3/src/utility/Sd2Card.cpp.o
 .text._ZN8SdVolume10cacheFlushEv
                0x00000000000097c4       0x54 libraries/SD/1.2.3/src/utility/SdVolume.cpp.o
                0x00000000000097c4                SdVolume::cacheFlush()
 .text._ZN8SdVolume13cacheRawBlockEmh
                0x0000000000009818       0x48 libraries/SD/1.2.3/src/utility/SdVolume.cpp.o
                0x0000000000009818                SdVolume::cacheRawBlock(unsigned long, unsigned char)
 .text._ZN8SdVolume14cacheZeroBlockEm
                0x0000000000009860       0x3c libraries/SD/1.2.3/src/utility/SdVolume.cpp.o
                0x0000000000009860                SdVolume::cacheZeroBlock(unsigned long)
 .text._ZNK8SdVolume6fatGetEmPm
                0x000000000000989c       0x60 libraries/SD/1.2.3/src/utility/SdVolume.cpp.o
                0x000000000000989c                SdVolume::fatGet(unsigned long, unsigned long*) const
 .text._ZNK8SdVolume9chainSizeEmPm
                0x00000000000098fc       0x44 libraries/SD/1.2.3/src/utility/SdVolume.cpp.o
                0x00000000000098fc                SdVolume::chainSize(unsigned long, unsigned long*) const
 .text._ZN8SdVolume6fatPutEmm
                0x0000000000009940       0x88 libraries/SD/1.2.3/src/utility/SdVolume.cpp.o
                0x0000000000009940                SdVolume::fatPut(unsigned long, unsigned long)
 .text._ZN8SdVolume15allocContiguousEmPm
                0x00000000000099c8       0xc8 libraries/SD/1.2.3/src/utility/SdVolume.cpp.o
                0x00000000000099c8                SdVolume::allocContiguous(unsigned long, unsigned long*)
 .text._ZN8SdVolume9freeChainEm
                0x0000000000009a90       0x4c libraries/SD/1.2.3/src/utility/SdVolume.cpp.o
                0x0000000000009a90                SdVolume::freeChain(unsigned long)
 .text._ZN8SdVolume4initEP7Sd2Cardh
                0x0000000000009adc      0x128 libraries/SD/1.2.3/src/utility/SdVolume.cpp.o
                0x0000000000009adc                SdVolume::init(Sd2Card*, unsigned char)
 .text._ZN7TwoWire5writeEPKhj
                0x0000000000009c04       0x24 libraries/Wire/Wire.cpp.o
                0x0000000000009c04                TwoWire::write(unsigned char const*, unsigned int)
 .text._ZN7TwoWire5flushEv
                0x0000000000009c28        0x2 libraries/Wire/Wire.cpp.o
                0x0000000000009c28                TwoWire::flush()
 .text._ZN7TwoWire4peekEv
                0x0000000000009c2a       0x1a libraries/Wire/Wire.cpp.o
                0x0000000000009c2a                TwoWire::peek()
 .text._ZN7TwoWire9availableEv
                0x0000000000009c44       0x12 libraries/Wire/Wire.cpp.o
                0x0000000000009c44                TwoWire::available()
 *fill*         0x0000000000009c56        0x2 
 .text._ZN7TwoWireC2EP6SERCOMhh
                0x0000000000009c58       0x5c libraries/Wire/Wire.cpp.o
                0x0000000000009c58                TwoWire::TwoWire(SERCOM*, unsigned char, unsigned char)
                0x0000000000009c58                TwoWire::TwoWire(SERCOM*, unsigned char, unsigned char)
 .text._ZN11RingBufferNILi256EE10store_charEh
                0x0000000000009cb4       0x1a libraries/Wire/Wire.cpp.o
                0x0000000000009cb4                RingBufferN<256>::store_char(unsigned char)
 .text._ZN7TwoWire5writeEh
                0x0000000000009cce       0x2a libraries/Wire/Wire.cpp.o
                0x0000000000009cce                TwoWire::write(unsigned char)
 .text._ZN11RingBufferNILi256EE9read_charEv
                0x0000000000009cf8       0x20 libraries/Wire/Wire.cpp.o
                0x0000000000009cf8                RingBufferN<256>::read_char()
 .text._ZN7TwoWire4readEv
                0x0000000000009d18        0xa libraries/Wire/Wire.cpp.o
                0x0000000000009d18                TwoWire::read()
 .text._ZN7TwoWire9onServiceEv
                0x0000000000009d22      0x11c libraries/Wire/Wire.cpp.o
                0x0000000000009d22                TwoWire::onService()
 *fill*         0x0000000000009e3e        0x2 
 .text.SERCOM0_Handler
                0x0000000000009e40       0x10 libraries/Wire/Wire.cpp.o
                0x0000000000009e40                SERCOM0_Handler
 .text.startup._GLOBAL__sub_I__ZN7TwoWireC2EP6SERCOMhh
                0x0000000000009e50       0x18 libraries/Wire/Wire.cpp.o
 .text._ZN20ArduinoLowPowerClass5sleepEv
                0x0000000000009e68       0x48 libraries/Arduino_Low_Power/1.2.1/src/samd/ArduinoLowPower.cpp.o
                0x0000000000009e68                ArduinoLowPowerClass::sleep()
 .text._ZN20ArduinoLowPowerClass21attachInterruptWakeupEmPFvvEm
                0x0000000000009eb0       0xb4 libraries/Arduino_Low_Power/1.2.1/src/samd/ArduinoLowPower.cpp.o
                0x0000000000009eb0                ArduinoLowPowerClass::attachInterruptWakeup(unsigned long, void (*)(), unsigned long)
 .text._ZN20ArduinoLowPowerClass10setAlarmInEm
                0x0000000000009f64       0x38 libraries/Arduino_Low_Power/1.2.1/src/samd/ArduinoLowPower.cpp.o
                0x0000000000009f64                ArduinoLowPowerClass::setAlarmIn(unsigned long)
 .text._ZN20ArduinoLowPowerClass5sleepEm
                0x0000000000009f9c       0x10 libraries/Arduino_Low_Power/1.2.1/src/samd/ArduinoLowPower.cpp.o
                0x0000000000009f9c                ArduinoLowPowerClass::sleep(unsigned long)
 .text.startup._GLOBAL__sub_I__ZN20ArduinoLowPowerClass4idleEv
                0x0000000000009fac       0x10 libraries/Arduino_Low_Power/1.2.1/src/samd/ArduinoLowPower.cpp.o
 .text._ZN12Adafruit_GPS4readEv
                0x0000000000009fbc       0x8c libraries/Adafruit_GPS_Library/1.0.3/Adafruit_GPS.cpp.o
                0x0000000000009fbc                Adafruit_GPS::read()
 .text._ZN12Adafruit_GPS11common_initEv
                0x000000000000a048       0x70 libraries/Adafruit_GPS_Library/1.0.3/Adafruit_GPS.cpp.o
                0x000000000000a048                Adafruit_GPS::common_init()
 .text._ZN12Adafruit_GPSC2EP14HardwareSerial
                0x000000000000a0b8       0x10 libraries/Adafruit_GPS_Library/1.0.3/Adafruit_GPS.cpp.o
                0x000000000000a0b8                Adafruit_GPS::Adafruit_GPS(HardwareSerial*)
                0x000000000000a0b8                Adafruit_GPS::Adafruit_GPS(HardwareSerial*)
 .text._ZN12Adafruit_GPS11sendCommandEPKc
                0x000000000000a0c8        0xa libraries/Adafruit_GPS_Library/1.0.3/Adafruit_GPS.cpp.o
                0x000000000000a0c8                Adafruit_GPS::sendCommand(char const*)
 *fill*         0x000000000000a0d2        0x2 
 .text._ZN12Adafruit_GPS15newNMEAreceivedEv
                0x000000000000a0d4        0xc libraries/Adafruit_GPS_Library/1.0.3/Adafruit_GPS.cpp.o
                0x000000000000a0d4                Adafruit_GPS::newNMEAreceived()
 .text._ZN12Adafruit_GPS8lastNMEAEv
                0x000000000000a0e0       0x14 libraries/Adafruit_GPS_Library/1.0.3/Adafruit_GPS.cpp.o
                0x000000000000a0e0                Adafruit_GPS::lastNMEA()
 .text._ZN12Adafruit_GPS8parseHexEc
                0x000000000000a0f4       0x1c libraries/Adafruit_GPS_Library/1.0.3/Adafruit_GPS.cpp.o
                0x000000000000a0f4                Adafruit_GPS::parseHex(char)
 .text._ZN12Adafruit_GPS5parseEPc
                0x000000000000a110      0x690 libraries/Adafruit_GPS_Library/1.0.3/Adafruit_GPS.cpp.o
                0x000000000000a110                Adafruit_GPS::parse(char*)
 .text._ZN11SIGFOXClass5flushEv
                0x000000000000a7a0        0x2 libraries/Arduino_SigFox_for_MKRFox1200/1.0.4/src/SigFox.cpp.o
                0x000000000000a7a0                SIGFOXClass::flush()
 .text._ZN11SIGFOXClass5writeEh
                0x000000000000a7a2       0x18 libraries/Arduino_SigFox_for_MKRFox1200/1.0.4/src/SigFox.cpp.o
                0x000000000000a7a2                SIGFOXClass::write(unsigned char)
 .text._ZN11SIGFOXClass9availableEv
                0x000000000000a7ba        0x6 libraries/Arduino_SigFox_for_MKRFox1200/1.0.4/src/SigFox.cpp.o
                0x000000000000a7ba                SIGFOXClass::available()
 .text._ZN11SIGFOXClass4readEv
                0x000000000000a7c0       0x2c libraries/Arduino_SigFox_for_MKRFox1200/1.0.4/src/SigFox.cpp.o
                0x000000000000a7c0                SIGFOXClass::read()
 .text._ZN11SIGFOXClass4peekEv
                0x000000000000a7ec        0x6 libraries/Arduino_SigFox_for_MKRFox1200/1.0.4/src/SigFox.cpp.o
                0x000000000000a7ec                SIGFOXClass::peek()
 .text._ZN11SIGFOXClass5writeEPKhj
                0x000000000000a7f2       0x32 libraries/Arduino_SigFox_for_MKRFox1200/1.0.4/src/SigFox.cpp.o
                0x000000000000a7f2                SIGFOXClass::write(unsigned char const*, unsigned int)
 .text._ZN11SIGFOXClass11beginPacketEv
                0x000000000000a824        0xe libraries/Arduino_SigFox_for_MKRFox1200/1.0.4/src/SigFox.cpp.o
                0x000000000000a824                SIGFOXClass::beginPacket()
 *fill*         0x000000000000a832        0x2 
 .text._ZN11SIGFOXClass6statusEv
                0x000000000000a834       0x78 libraries/Arduino_SigFox_for_MKRFox1200/1.0.4/src/SigFox.cpp.o
                0x000000000000a834                SIGFOXClass::status()
 .text._ZN11SIGFOXClass7sendBitEb
                0x000000000000a8ac       0xd0 libraries/Arduino_SigFox_for_MKRFox1200/1.0.4/src/SigFox.cpp.o
                0x000000000000a8ac                SIGFOXClass::sendBit(bool)
 .text._ZN11SIGFOXClass16calibrateCrystalEv
                0x000000000000a97c       0x9c libraries/Arduino_SigFox_for_MKRFox1200/1.0.4/src/SigFox.cpp.o
                0x000000000000a97c                SIGFOXClass::calibrateCrystal()
 .text._ZN11SIGFOXClass4sendEPhib
                0x000000000000aa18      0x1f0 libraries/Arduino_SigFox_for_MKRFox1200/1.0.4/src/SigFox.cpp.o
                0x000000000000aa18                SIGFOXClass::send(unsigned char*, int, bool)
 .text._ZN11SIGFOXClass9endPacketEb
                0x000000000000ac08       0x18 libraries/Arduino_SigFox_for_MKRFox1200/1.0.4/src/SigFox.cpp.o
                0x000000000000ac08                SIGFOXClass::endPacket(bool)
 .text._ZN11SIGFOXClass10SigVersionEv
                0x000000000000ac20       0x88 libraries/Arduino_SigFox_for_MKRFox1200/1.0.4/src/SigFox.cpp.o
                0x000000000000ac20                SIGFOXClass::SigVersion()
 .text._ZN11SIGFOXClass5beginEv
                0x000000000000aca8       0xcc libraries/Arduino_SigFox_for_MKRFox1200/1.0.4/src/SigFox.cpp.o
                0x000000000000aca8                SIGFOXClass::begin()
 .text._ZN11SIGFOXClass3endEv
                0x000000000000ad74       0x64 libraries/Arduino_SigFox_for_MKRFox1200/1.0.4/src/SigFox.cpp.o
                0x000000000000ad74                SIGFOXClass::end()
 .text.startup._GLOBAL__sub_I_sigstr
                0x000000000000add8       0x30 libraries/Arduino_SigFox_for_MKRFox1200/1.0.4/src/SigFox.cpp.o
 .text._ZN7RTCZeroC2Ev
                0x000000000000ae08        0x6 libraries/RTCZero/1.5.3/src/RTCZero.cpp.o
                0x000000000000ae08                RTCZero::RTCZero()
                0x000000000000ae08                RTCZero::RTCZero()
 *fill*         0x000000000000ae0e        0x2 
 .text.RTC_Handler
                0x000000000000ae10       0x1c libraries/RTCZero/1.5.3/src/RTCZero.cpp.o
                0x000000000000ae10                RTC_Handler
 .text._ZN7RTCZero11enableAlarmENS_11Alarm_MatchE
                0x000000000000ae2c       0x24 libraries/RTCZero/1.5.3/src/RTCZero.cpp.o
                0x000000000000ae2c                RTCZero::enableAlarm(RTCZero::Alarm_Match)
 .text._ZN7RTCZero15attachInterruptEPFvvE
                0x000000000000ae50        0xc libraries/RTCZero/1.5.3/src/RTCZero.cpp.o
                0x000000000000ae50                RTCZero::attachInterrupt(void (*)())
 .text._ZN7RTCZero15setAlarmSecondsEh
                0x000000000000ae5c       0x24 libraries/RTCZero/1.5.3/src/RTCZero.cpp.o
                0x000000000000ae5c                RTCZero::setAlarmSeconds(unsigned char)
 .text._ZN7RTCZero15setAlarmMinutesEh
                0x000000000000ae80       0x28 libraries/RTCZero/1.5.3/src/RTCZero.cpp.o
                0x000000000000ae80                RTCZero::setAlarmMinutes(unsigned char)
 .text._ZN7RTCZero13setAlarmHoursEh
                0x000000000000aea8       0x28 libraries/RTCZero/1.5.3/src/RTCZero.cpp.o
                0x000000000000aea8                RTCZero::setAlarmHours(unsigned char)
 .text._ZN7RTCZero12setAlarmTimeEhhh
                0x000000000000aed0       0x26 libraries/RTCZero/1.5.3/src/RTCZero.cpp.o
                0x000000000000aed0                RTCZero::setAlarmTime(unsigned char, unsigned char, unsigned char)
 *fill*         0x000000000000aef6        0x2 
 .text._ZN7RTCZero11setAlarmDayEh
                0x000000000000aef8       0x28 libraries/RTCZero/1.5.3/src/RTCZero.cpp.o
                0x000000000000aef8                RTCZero::setAlarmDay(unsigned char)
 .text._ZN7RTCZero13setAlarmMonthEh
                0x000000000000af20       0x28 libraries/RTCZero/1.5.3/src/RTCZero.cpp.o
                0x000000000000af20                RTCZero::setAlarmMonth(unsigned char)
 .text._ZN7RTCZero12setAlarmYearEh
                0x000000000000af48       0x20 libraries/RTCZero/1.5.3/src/RTCZero.cpp.o
                0x000000000000af48                RTCZero::setAlarmYear(unsigned char)
 .text._ZN7RTCZero12setAlarmDateEhhh
                0x000000000000af68       0x24 libraries/RTCZero/1.5.3/src/RTCZero.cpp.o
                0x000000000000af68                RTCZero::setAlarmDate(unsigned char, unsigned char, unsigned char)
 .text._ZN7RTCZero13setAlarmEpochEm
                0x000000000000af8c       0x48 libraries/RTCZero/1.5.3/src/RTCZero.cpp.o
                0x000000000000af8c                RTCZero::setAlarmEpoch(unsigned long)
 .text._ZN7RTCZero14configureClockEv
                0x000000000000afd4       0x3c libraries/RTCZero/1.5.3/src/RTCZero.cpp.o
                0x000000000000afd4                RTCZero::configureClock()
 .text._ZN7RTCZero14RTCreadRequestEv
                0x000000000000b010       0x1c libraries/RTCZero/1.5.3/src/RTCZero.cpp.o
                0x000000000000b010                RTCZero::RTCreadRequest()
 .text._ZN7RTCZero8getEpochEv
                0x000000000000b02c       0x4c libraries/RTCZero/1.5.3/src/RTCZero.cpp.o
                0x000000000000b02c                RTCZero::getEpoch()
 .text._ZN7RTCZero10RTCdisableEv
                0x000000000000b078       0x18 libraries/RTCZero/1.5.3/src/RTCZero.cpp.o
                0x000000000000b078                RTCZero::RTCdisable()
 .text._ZN7RTCZero9RTCenableEv
                0x000000000000b090       0x18 libraries/RTCZero/1.5.3/src/RTCZero.cpp.o
                0x000000000000b090                RTCZero::RTCenable()
 .text._ZN7RTCZero8RTCresetEv
                0x000000000000b0a8       0x18 libraries/RTCZero/1.5.3/src/RTCZero.cpp.o
                0x000000000000b0a8                RTCZero::RTCreset()
 .text._ZN7RTCZero14RTCresetRemoveEv
                0x000000000000b0c0       0x18 libraries/RTCZero/1.5.3/src/RTCZero.cpp.o
                0x000000000000b0c0                RTCZero::RTCresetRemove()
 .text._ZN7RTCZero5beginEb
                0x000000000000b0d8       0xdc libraries/RTCZero/1.5.3/src/RTCZero.cpp.o
                0x000000000000b0d8                RTCZero::begin(bool)
 .text.millis   0x000000000000b1b4        0xc ./core.a(delay.c.o)
                0x000000000000b1b4                millis
 .text.delay    0x000000000000b1c0       0x20 ./core.a(delay.c.o)
                0x000000000000b1c0                delay
 .text.SysTick_DefaultHandler
                0x000000000000b1e0       0x14 ./core.a(delay.c.o)
                0x000000000000b1e0                SysTick_DefaultHandler
 .text._ZN6Stream9timedReadEv
                0x000000000000b1f4       0x2a ./core.a(Stream.cpp.o)
                0x000000000000b1f4                Stream::timedRead()
 *fill*         0x000000000000b21e        0x2 
 .text._ZN6Stream15readStringUntilEc
                0x000000000000b220       0x30 ./core.a(Stream.cpp.o)
                0x000000000000b220                Stream::readStringUntil(char)
 .text._Znwj    0x000000000000b250        0x8 ./core.a(new.cpp.o)
                0x000000000000b250                operator new(unsigned int)
 .text._ZdlPv   0x000000000000b258        0x8 ./core.a(new.cpp.o)
                0x000000000000b258                operator delete(void*)
 .text.__empty  0x000000000000b260        0x2 ./core.a(hooks.c.o)
                0x000000000000b260                yield
 .text.__false  0x000000000000b262        0x4 ./core.a(hooks.c.o)
                0x000000000000b262                sysTickHook
 .text.Dummy_Handler
                0x000000000000b266        0x2 ./core.a(cortex_handlers.c.o)
                0x000000000000b266                HardFault_Handler
                0x000000000000b266                AC_Handler
                0x000000000000b266                PendSV_Handler
                0x000000000000b266                NMI_Handler
                0x000000000000b266                TC7_Handler
                0x000000000000b266                SERCOM1_Handler
                0x000000000000b266                ADC_Handler
                0x000000000000b266                TCC1_Handler
                0x000000000000b266                SERCOM2_Handler
                0x000000000000b266                TCC0_Handler
                0x000000000000b266                TC6_Handler
                0x000000000000b266                WDT_Handler
                0x000000000000b266                TC3_Handler
                0x000000000000b266                Dummy_Handler
                0x000000000000b266                PM_Handler
                0x000000000000b266                SVC_Handler
                0x000000000000b266                TCC2_Handler
                0x000000000000b266                EVSYS_Handler
                0x000000000000b266                SERCOM4_Handler
                0x000000000000b266                I2S_Handler
                0x000000000000b266                NVMCTRL_Handler
                0x000000000000b266                DAC_Handler
                0x000000000000b266                PTC_Handler
                0x000000000000b266                SYSCTRL_Handler
 .text.USB_Handler
                0x000000000000b268       0x14 ./core.a(cortex_handlers.c.o)
                0x000000000000b268                USB_Handler
 .text.Reset_Handler
                0x000000000000b27c       0x54 ./core.a(cortex_handlers.c.o)
                0x000000000000b27c                Reset_Handler
 .text.SysTick_Handler
                0x000000000000b2d0       0x10 ./core.a(cortex_handlers.c.o)
                0x000000000000b2d0                SysTick_Handler
 .text.USB_SetHandler
                0x000000000000b2e0        0xc ./core.a(cortex_handlers.c.o)
                0x000000000000b2e0                USB_SetHandler
 .text.analogReference
                0x000000000000b2ec       0x5c ./core.a(wiring_analog.c.o)
                0x000000000000b2ec                analogReference
 .text._ZN13PluggableUSB_12getInterfaceEPh
                0x000000000000b348       0x2a ./core.a(PluggableUSB.cpp.o)
                0x000000000000b348                PluggableUSB_::getInterface(unsigned char*)
 .text._ZN13PluggableUSB_13getDescriptorER8USBSetup
                0x000000000000b372       0x20 ./core.a(PluggableUSB.cpp.o)
                0x000000000000b372                PluggableUSB_::getDescriptor(USBSetup&)
 .text._ZN13PluggableUSB_12getShortNameEPc
                0x000000000000b392       0x1e ./core.a(PluggableUSB.cpp.o)
                0x000000000000b392                PluggableUSB_::getShortName(char*)
 .text._ZN13PluggableUSB_5setupER8USBSetup
                0x000000000000b3b0       0x24 ./core.a(PluggableUSB.cpp.o)
                0x000000000000b3b0                PluggableUSB_::setup(USBSetup&)
 .text._Z12PluggableUSBv
                0x000000000000b3d4       0x24 ./core.a(PluggableUSB.cpp.o)
                0x000000000000b3d4                PluggableUSB()
 .text._ZL5utox8mPc
                0x000000000000b3f8       0x1c ./core.a(USBCore.cpp.o)
 .text._ZN26DoubleBufferedEPOutHandlerD2Ev
                0x000000000000b414       0x1c ./core.a(USBCore.cpp.o)
                0x000000000000b414                DoubleBufferedEPOutHandler::~DoubleBufferedEPOutHandler()
                0x000000000000b414                DoubleBufferedEPOutHandler::~DoubleBufferedEPOutHandler()
 .text._ZN26DoubleBufferedEPOutHandlerD0Ev
                0x000000000000b430       0x12 ./core.a(USBCore.cpp.o)
                0x000000000000b430                DoubleBufferedEPOutHandler::~DoubleBufferedEPOutHandler()
 *fill*         0x000000000000b442        0x2 
 .text._ZN14USBDeviceClass6initEPEmm.part.4
                0x000000000000b444       0xc8 ./core.a(USBCore.cpp.o)
 .text._ZN20USBDevice_SAMD21G18x5resetEv
                0x000000000000b50c       0x28 ./core.a(USBCore.cpp.o)
                0x000000000000b50c                USBDevice_SAMD21G18x::reset()
 .text._ZN20USBDevice_SAMD21G18x9calibrateEv
                0x000000000000b534       0x5c ./core.a(USBCore.cpp.o)
                0x000000000000b534                USBDevice_SAMD21G18x::calibrate()
 .text._ZN7__GuardC2Ev
                0x000000000000b590        0xe ./core.a(USBCore.cpp.o)
                0x000000000000b590                __Guard::__Guard()
                0x000000000000b590                __Guard::__Guard()
 .text._ZN7__GuardD2Ev
                0x000000000000b59e        0xe ./core.a(USBCore.cpp.o)
                0x000000000000b59e                __Guard::~__Guard()
                0x000000000000b59e                __Guard::~__Guard()
 .text._ZNK26DoubleBufferedEPOutHandler9availableEv
                0x000000000000b5ac       0x5e ./core.a(USBCore.cpp.o)
                0x000000000000b5ac                DoubleBufferedEPOutHandler::available() const
 *fill*         0x000000000000b60a        0x2 
 .text._ZN26DoubleBufferedEPOutHandler7releaseEv
                0x000000000000b60c       0x58 ./core.a(USBCore.cpp.o)
                0x000000000000b60c                DoubleBufferedEPOutHandler::release()
 .text._ZN26DoubleBufferedEPOutHandler4recvEPvm
                0x000000000000b664      0x11c ./core.a(USBCore.cpp.o)
                0x000000000000b664                DoubleBufferedEPOutHandler::recv(void*, unsigned long)
 .text._ZN26DoubleBufferedEPOutHandler14handleEndpointEv
                0x000000000000b780       0xc8 ./core.a(USBCore.cpp.o)
                0x000000000000b780                DoubleBufferedEPOutHandler::handleEndpoint()
 .text._ZN14USBDeviceClass14SendInterfacesEPm
                0x000000000000b848       0x2c ./core.a(USBCore.cpp.o)
                0x000000000000b848                USBDeviceClass::SendInterfaces(unsigned long*)
 .text._ZN14USBDeviceClass7standbyEv
                0x000000000000b874       0x14 ./core.a(USBCore.cpp.o)
                0x000000000000b874                USBDeviceClass::standby()
 .text._ZN14USBDeviceClass14handleEndpointEh
                0x000000000000b888       0x40 ./core.a(USBCore.cpp.o)
                0x000000000000b888                USBDeviceClass::handleEndpoint(unsigned char)
 .text._ZN14USBDeviceClass4initEv
                0x000000000000b8c8       0xc0 ./core.a(USBCore.cpp.o)
                0x000000000000b8c8                USBDeviceClass::init()
 .text._ZN14USBDeviceClass6attachEv
                0x000000000000b988       0x34 ./core.a(USBCore.cpp.o)
                0x000000000000b988                USBDeviceClass::attach()
 .text._ZN14USBDeviceClass10setAddressEm
                0x000000000000b9bc       0x48 ./core.a(USBCore.cpp.o)
                0x000000000000b9bc                USBDeviceClass::setAddress(unsigned long)
 .text._ZN14USBDeviceClass6detachEv
                0x000000000000ba04       0x18 ./core.a(USBCore.cpp.o)
                0x000000000000ba04                USBDeviceClass::detach()
 .text._ZN14USBDeviceClass25handleClassInterfaceSetupER8USBSetup
                0x000000000000ba1c       0x40 ./core.a(USBCore.cpp.o)
                0x000000000000ba1c                USBDeviceClass::handleClassInterfaceSetup(USBSetup&)
 .text._ZN14USBDeviceClass6initEPEmm
                0x000000000000ba5c       0xf8 ./core.a(USBCore.cpp.o)
                0x000000000000ba5c                USBDeviceClass::initEP(unsigned long, unsigned long)
 .text._ZN14USBDeviceClass13initEndpointsEv
                0x000000000000bb54       0x24 ./core.a(USBCore.cpp.o)
                0x000000000000bb54                USBDeviceClass::initEndpoints()
 .text._ZN14USBDeviceClass9availableEm
                0x000000000000bb78       0x2c ./core.a(USBCore.cpp.o)
                0x000000000000bb78                USBDeviceClass::available(unsigned long)
 .text._ZN14USBDeviceClass5flushEm
                0x000000000000bba4       0x2c ./core.a(USBCore.cpp.o)
                0x000000000000bba4                USBDeviceClass::flush(unsigned long)
 .text._ZN14USBDeviceClass14armRecvCtrlOUTEm
                0x000000000000bbd0       0x60 ./core.a(USBCore.cpp.o)
                0x000000000000bbd0                USBDeviceClass::armRecvCtrlOUT(unsigned long)
 .text._ZN14USBDeviceClass11recvControlEPvm
                0x000000000000bc30       0x3c ./core.a(USBCore.cpp.o)
                0x000000000000bc30                USBDeviceClass::recvControl(void*, unsigned long)
 .text._ZN14USBDeviceClass7armRecvEm
                0x000000000000bc6c       0x3c ./core.a(USBCore.cpp.o)
                0x000000000000bc6c                USBDeviceClass::armRecv(unsigned long)
 .text._ZN14USBDeviceClass4recvEmPvm
                0x000000000000bca8       0xc0 ./core.a(USBCore.cpp.o)
                0x000000000000bca8                USBDeviceClass::recv(unsigned long, void*, unsigned long)
 .text._ZN14USBDeviceClass4recvEm
                0x000000000000bd68       0x1c ./core.a(USBCore.cpp.o)
                0x000000000000bd68                USBDeviceClass::recv(unsigned long)
 .text._ZN14USBDeviceClass4sendEmPKvm
                0x000000000000bd84      0x10c ./core.a(USBCore.cpp.o)
                0x000000000000bd84                USBDeviceClass::send(unsigned long, void const*, unsigned long)
 .text._ZN14USBDeviceClass7armSendEmPKvm
                0x000000000000be90       0x48 ./core.a(USBCore.cpp.o)
                0x000000000000be90                USBDeviceClass::armSend(unsigned long, void const*, unsigned long)
 .text._ZN14USBDeviceClass11sendControlEPKvm
                0x000000000000bed8       0x58 ./core.a(USBCore.cpp.o)
                0x000000000000bed8                USBDeviceClass::sendControl(void const*, unsigned long)
 .text._ZN14USBDeviceClass20sendStringDescriptorEPKhh
                0x000000000000bf30       0x68 ./core.a(USBCore.cpp.o)
                0x000000000000bf30                USBDeviceClass::sendStringDescriptor(unsigned char const*, unsigned char)
 .text._ZN14USBDeviceClass12packMessagesEb.part.6
                0x000000000000bf98       0x20 ./core.a(USBCore.cpp.o)
 .text._ZN14USBDeviceClass17sendConfigurationEm
                0x000000000000bfb8       0x90 ./core.a(USBCore.cpp.o)
                0x000000000000bfb8                USBDeviceClass::sendConfiguration(unsigned long)
 .text._ZN14USBDeviceClass14sendDescriptorER8USBSetup
                0x000000000000c048       0xec ./core.a(USBCore.cpp.o)
                0x000000000000c048                USBDeviceClass::sendDescriptor(USBSetup&)
 .text._ZN14USBDeviceClass19handleStandardSetupER8USBSetup
                0x000000000000c134      0x118 ./core.a(USBCore.cpp.o)
                0x000000000000c134                USBDeviceClass::handleStandardSetup(USBSetup&)
 .text._ZN14USBDeviceClass10ISRHandlerEv
                0x000000000000c24c      0x108 ./core.a(USBCore.cpp.o)
                0x000000000000c24c                USBDeviceClass::ISRHandler()
 .text.UDD_Handler
                0x000000000000c354       0x10 ./core.a(USBCore.cpp.o)
                0x000000000000c354                UDD_Handler
 .text.startup._GLOBAL__sub_I__ZN20USBDevice_SAMD21G18x5resetEv
                0x000000000000c364       0x10 ./core.a(USBCore.cpp.o)
 .text._ZN7Serial_17availableForWriteEv
                0x000000000000c374        0x4 ./core.a(CDC.cpp.o)
                0x000000000000c374                Serial_::availableForWrite()
 .text._ZN7Serial_5writeEh
                0x000000000000c378       0x14 ./core.a(CDC.cpp.o)
                0x000000000000c378                Serial_::write(unsigned char)
 .text._ZN7Serial_9availableEv
                0x000000000000c38c        0xc ./core.a(CDC.cpp.o)
                0x000000000000c38c                Serial_::available()
 .text._ZN7Serial_5flushEv
                0x000000000000c398        0xc ./core.a(CDC.cpp.o)
                0x000000000000c398                Serial_::flush()
 .text._ZN7Serial_5writeEPKhj
                0x000000000000c3a4       0x1c ./core.a(CDC.cpp.o)
                0x000000000000c3a4                Serial_::write(unsigned char const*, unsigned int)
 .text._ZN7Serial_4peekEv
                0x000000000000c3c0       0x1c ./core.a(CDC.cpp.o)
                0x000000000000c3c0                Serial_::peek()
 .text._ZN7Serial_4readEv
                0x000000000000c3dc       0x24 ./core.a(CDC.cpp.o)
                0x000000000000c3dc                Serial_::read()
 .text._Z16CDC_GetInterfacePh
                0x000000000000c400       0x1c ./core.a(CDC.cpp.o)
                0x000000000000c400                CDC_GetInterface(unsigned char*)
 .text._Z9CDC_SetupR8USBSetup
                0x000000000000c41c       0x80 ./core.a(CDC.cpp.o)
                0x000000000000c41c                CDC_Setup(USBSetup&)
 .text._ZN7Serial_5beginEm
                0x000000000000c49c        0x2 ./core.a(CDC.cpp.o)
                0x000000000000c49c                Serial_::begin(unsigned long)
 *fill*         0x000000000000c49e        0x2 
 .text._ZN7Serial_cvbEv
                0x000000000000c4a0       0x28 ./core.a(CDC.cpp.o)
                0x000000000000c4a0                Serial_::operator bool()
 .text.startup._GLOBAL__sub_I__Z17_CDC_GetInterfacev
                0x000000000000c4c8       0x28 ./core.a(CDC.cpp.o)
 .text.pinMode  0x000000000000c4f0       0xb4 ./core.a(wiring_digital.c.o)
                0x000000000000c4f0                pinMode
 .text.digitalWrite
                0x000000000000c5a4       0x60 ./core.a(wiring_digital.c.o)
                0x000000000000c5a4                digitalWrite
 .text.digitalRead
                0x000000000000c604       0x30 ./core.a(wiring_digital.c.o)
                0x000000000000c604                digitalRead
 .text.init     0x000000000000c634       0xf0 ./core.a(wiring.c.o)
                0x000000000000c634                init
 .text._ZN5Print5writeEPKhj
                0x000000000000c724       0x28 ./core.a(Print.cpp.o)
                0x000000000000c724                Print::write(unsigned char const*, unsigned int)
 .text._ZN5Print5writeEPKc
                0x000000000000c74c       0x1c ./core.a(Print.cpp.o)
                0x000000000000c74c                Print::write(char const*)
 .text._ZN5Print5printERK6String
                0x000000000000c768       0x10 ./core.a(Print.cpp.o)
                0x000000000000c768                Print::print(String const&)
 .text._ZN5Print5printEPKc
                0x000000000000c778        0x8 ./core.a(Print.cpp.o)
                0x000000000000c778                Print::print(char const*)
 .text._ZN5Print5printEc
                0x000000000000c780        0xa ./core.a(Print.cpp.o)
                0x000000000000c780                Print::print(char)
 *fill*         0x000000000000c78a        0x2 
 .text._ZN5Print7printlnEv
                0x000000000000c78c       0x10 ./core.a(Print.cpp.o)
                0x000000000000c78c                Print::println()
 .text._ZN5Print7printlnEPK19__FlashStringHelper
                0x000000000000c79c       0x14 ./core.a(Print.cpp.o)
                0x000000000000c79c                Print::println(__FlashStringHelper const*)
 .text._ZN5Print7printlnERK6String
                0x000000000000c7b0       0x14 ./core.a(Print.cpp.o)
                0x000000000000c7b0                Print::println(String const&)
 .text._ZN5Print7printlnEPKc
                0x000000000000c7c4       0x14 ./core.a(Print.cpp.o)
                0x000000000000c7c4                Print::println(char const*)
 .text._ZN5Print11printNumberEmh
                0x000000000000c7d8       0x4e ./core.a(Print.cpp.o)
                0x000000000000c7d8                Print::printNumber(unsigned long, unsigned char)
 .text._ZN5Print5printEli
                0x000000000000c826       0x3c ./core.a(Print.cpp.o)
                0x000000000000c826                Print::print(long, int)
 .text._ZN5Print5printEii
                0x000000000000c862        0x8 ./core.a(Print.cpp.o)
                0x000000000000c862                Print::print(int, int)
 .text._ZN5Print7printlnEii
                0x000000000000c86a       0x14 ./core.a(Print.cpp.o)
                0x000000000000c86a                Print::println(int, int)
 *fill*         0x000000000000c87e        0x2 
 .text._ZN5Print10printFloatEdh
                0x000000000000c880      0x170 ./core.a(Print.cpp.o)
                0x000000000000c880                Print::printFloat(double, unsigned char)
 .text._ZN5Print7printlnEdi
                0x000000000000c9f0       0x1c ./core.a(Print.cpp.o)
                0x000000000000c9f0                Print::println(double, int)
 .text.SystemInit
                0x000000000000ca0c      0x168 ./core.a(startup.c.o)
                0x000000000000ca0c                SystemInit
 .text._Z11initVariantv
                0x000000000000cb74        0x2 ./core.a(main.cpp.o)
                0x000000000000cb74                initVariant()
 *fill*         0x000000000000cb76        0x2 
 .text.startup.main
                0x000000000000cb78       0x40 ./core.a(main.cpp.o)
                0x000000000000cb78                main
 .text.attachInterrupt
                0x000000000000cbb8      0x130 ./core.a(WInterrupts.c.o)
                0x000000000000cbb8                attachInterrupt
 .text.EIC_Handler
                0x000000000000cce8       0x3c ./core.a(WInterrupts.c.o)
                0x000000000000cce8                EIC_Handler
 .text._ZN6SERCOMC2EP6Sercom
                0x000000000000cd24        0x4 ./core.a(SERCOM.cpp.o)
                0x000000000000cd24                SERCOM::SERCOM(Sercom*)
                0x000000000000cd24                SERCOM::SERCOM(Sercom*)
 .text._ZN6SERCOM9initFrameE18SercomUartCharSize15SercomDataOrder16SercomParityMode19SercomNumberStopBit
                0x000000000000cd28       0x38 ./core.a(SERCOM.cpp.o)
                0x000000000000cd28                SERCOM::initFrame(SercomUartCharSize, SercomDataOrder, SercomParityMode, SercomNumberStopBit)
 .text._ZN6SERCOM8initPadsE15SercomUartTXPad11SercomRXPad
                0x000000000000cd60       0x26 ./core.a(SERCOM.cpp.o)
                0x000000000000cd60                SERCOM::initPads(SercomUartTXPad, SercomRXPad)
 .text._ZN6SERCOM9resetUARTEv
                0x000000000000cd86       0x1c ./core.a(SERCOM.cpp.o)
                0x000000000000cd86                SERCOM::resetUART()
 .text._ZN6SERCOM10enableUARTEv
                0x000000000000cda2       0x14 ./core.a(SERCOM.cpp.o)
                0x000000000000cda2                SERCOM::enableUART()
 .text._ZN6SERCOM9flushUARTEv
                0x000000000000cdb6       0x10 ./core.a(SERCOM.cpp.o)
                0x000000000000cdb6                SERCOM::flushUART()
 .text._ZN6SERCOM15clearStatusUARTEv
                0x000000000000cdc6        0x8 ./core.a(SERCOM.cpp.o)
                0x000000000000cdc6                SERCOM::clearStatusUART()
 .text._ZN6SERCOM17availableDataUARTEv
                0x000000000000cdce        0xa ./core.a(SERCOM.cpp.o)
                0x000000000000cdce                SERCOM::availableDataUART()
 .text._ZN6SERCOM11isUARTErrorEv
                0x000000000000cdd8        0x8 ./core.a(SERCOM.cpp.o)
                0x000000000000cdd8                SERCOM::isUARTError()
 .text._ZN6SERCOM20acknowledgeUARTErrorEv
                0x000000000000cde0        0xe ./core.a(SERCOM.cpp.o)
                0x000000000000cde0                SERCOM::acknowledgeUARTError()
 .text._ZN6SERCOM16isFrameErrorUARTEv
                0x000000000000cdee        0xa ./core.a(SERCOM.cpp.o)
                0x000000000000cdee                SERCOM::isFrameErrorUART()
 .text._ZN6SERCOM19clearFrameErrorUARTEv
                0x000000000000cdf8        0xc ./core.a(SERCOM.cpp.o)
                0x000000000000cdf8                SERCOM::clearFrameErrorUART()
 .text._ZN6SERCOM23isDataRegisterEmptyUARTEv
                0x000000000000ce04        0xa ./core.a(SERCOM.cpp.o)
                0x000000000000ce04                SERCOM::isDataRegisterEmptyUART()
 .text._ZN6SERCOM12readDataUARTEv
                0x000000000000ce0e        0x8 ./core.a(SERCOM.cpp.o)
                0x000000000000ce0e                SERCOM::readDataUART()
 .text._ZN6SERCOM13writeDataUARTEh
                0x000000000000ce16        0xe ./core.a(SERCOM.cpp.o)
                0x000000000000ce16                SERCOM::writeDataUART(unsigned char)
 .text._ZN6SERCOM36enableDataRegisterEmptyInterruptUARTEv
                0x000000000000ce24        0x8 ./core.a(SERCOM.cpp.o)
                0x000000000000ce24                SERCOM::enableDataRegisterEmptyInterruptUART()
 .text._ZN6SERCOM37disableDataRegisterEmptyInterruptUARTEv
                0x000000000000ce2c        0x8 ./core.a(SERCOM.cpp.o)
                0x000000000000ce2c                SERCOM::disableDataRegisterEmptyInterruptUART()
 .text._ZN6SERCOM12initSPIClockE18SercomSpiClockModem
                0x000000000000ce34       0x30 ./core.a(SERCOM.cpp.o)
                0x000000000000ce34                SERCOM::initSPIClock(SercomSpiClockMode, unsigned long)
 .text._ZN6SERCOM8resetSPIEv
                0x000000000000ce64       0x1c ./core.a(SERCOM.cpp.o)
                0x000000000000ce64                SERCOM::resetSPI()
 .text._ZN6SERCOM9enableSPIEv
                0x000000000000ce80       0x14 ./core.a(SERCOM.cpp.o)
                0x000000000000ce80                SERCOM::enableSPI()
 .text._ZN6SERCOM10disableSPIEv
                0x000000000000ce94       0x12 ./core.a(SERCOM.cpp.o)
                0x000000000000ce94                SERCOM::disableSPI()
 *fill*         0x000000000000cea6        0x2 
 .text._ZN6SERCOM15setDataOrderSPIE15SercomDataOrder
                0x000000000000cea8       0x28 ./core.a(SERCOM.cpp.o)
                0x000000000000cea8                SERCOM::setDataOrderSPI(SercomDataOrder)
 .text._ZN6SERCOM15setClockModeSPIE18SercomSpiClockMode
                0x000000000000ced0       0x3c ./core.a(SERCOM.cpp.o)
                0x000000000000ced0                SERCOM::setClockModeSPI(SercomSpiClockMode)
 .text._ZN6SERCOM15transferDataSPIEh
                0x000000000000cf0c       0x1a ./core.a(SERCOM.cpp.o)
                0x000000000000cf0c                SERCOM::transferDataSPI(unsigned char)
 .text._ZN6SERCOM18prepareNackBitWIREEv
                0x000000000000cf26       0x10 ./core.a(SERCOM.cpp.o)
                0x000000000000cf26                SERCOM::prepareNackBitWIRE()
 *fill*         0x000000000000cf36        0x2 
 .text._ZN6SERCOM17prepareAckBitWIREEv
                0x000000000000cf38       0x14 ./core.a(SERCOM.cpp.o)
                0x000000000000cf38                SERCOM::prepareAckBitWIRE()
 .text._ZN6SERCOM22prepareCommandBitsWireEh
                0x000000000000cf4c       0x2c ./core.a(SERCOM.cpp.o)
                0x000000000000cf4c                SERCOM::prepareCommandBitsWire(unsigned char)
 .text._ZN6SERCOM17sendDataSlaveWIREEh
                0x000000000000cf78       0x1a ./core.a(SERCOM.cpp.o)
                0x000000000000cf78                SERCOM::sendDataSlaveWIRE(unsigned char)
 .text._ZN6SERCOM11isSlaveWIREEv
                0x000000000000cf92       0x12 ./core.a(SERCOM.cpp.o)
                0x000000000000cf92                SERCOM::isSlaveWIRE()
 .text._ZN6SERCOM15isDataReadyWIREEv
                0x000000000000cfa4        0xa ./core.a(SERCOM.cpp.o)
                0x000000000000cfa4                SERCOM::isDataReadyWIRE()
 .text._ZN6SERCOM18isStopDetectedWIREEv
                0x000000000000cfae        0xa ./core.a(SERCOM.cpp.o)
                0x000000000000cfae                SERCOM::isStopDetectedWIRE()
 .text._ZN6SERCOM21isRestartDetectedWIREEv
                0x000000000000cfb8        0xa ./core.a(SERCOM.cpp.o)
                0x000000000000cfb8                SERCOM::isRestartDetectedWIRE()
 .text._ZN6SERCOM14isAddressMatchEv
                0x000000000000cfc2        0xa ./core.a(SERCOM.cpp.o)
                0x000000000000cfc2                SERCOM::isAddressMatch()
 .text._ZN6SERCOM25isMasterReadOperationWIREEv
                0x000000000000cfcc        0xa ./core.a(SERCOM.cpp.o)
                0x000000000000cfcc                SERCOM::isMasterReadOperationWIRE()
 .text._ZN6SERCOM12readDataWIREEv
                0x000000000000cfd6       0x1a ./core.a(SERCOM.cpp.o)
                0x000000000000cfd6                SERCOM::readDataWIRE()
 .text._ZN6SERCOM13initClockNVICEv
                0x000000000000cff0       0xac ./core.a(SERCOM.cpp.o)
                0x000000000000cff0                SERCOM::initClockNVIC()
 .text._ZN6SERCOM8initUARTE14SercomUartMode20SercomUartSampleRatem
                0x000000000000d09c       0x6c ./core.a(SERCOM.cpp.o)
                0x000000000000d09c                SERCOM::initUART(SercomUartMode, SercomUartSampleRate, unsigned long)
 .text._ZN6SERCOM7initSPIE14SercomSpiTXPad11SercomRXPad17SercomSpiCharSize15SercomDataOrder
                0x000000000000d108       0x48 ./core.a(SERCOM.cpp.o)
                0x000000000000d108                SERCOM::initSPI(SercomSpiTXPad, SercomRXPad, SercomSpiCharSize, SercomDataOrder)
 .text.pinPeripheral
                0x000000000000d150       0xc4 ./core.a(wiring_private.c.o)
                0x000000000000d150                pinPeripheral
 .text._ZN4UartcvbEv
                0x000000000000d214        0x4 ./core.a(Uart.cpp.o)
                0x000000000000d214                Uart::operator bool()
 .text._ZN4Uart5beginEm
                0x000000000000d218       0x10 ./core.a(Uart.cpp.o)
                0x000000000000d218                Uart::begin(unsigned long)
 .text._ZN4Uart4peekEv
                0x000000000000d228       0x1a ./core.a(Uart.cpp.o)
                0x000000000000d228                Uart::peek()
 .text._ZN4Uart3endEv
                0x000000000000d242       0x20 ./core.a(Uart.cpp.o)
                0x000000000000d242                Uart::end()
 *fill*         0x000000000000d262        0x2 
 .text._ZN4UartC2EP6SERCOMhh11SercomRXPad15SercomUartTXPadhh
                0x000000000000d264       0xa4 ./core.a(Uart.cpp.o)
                0x000000000000d264                Uart::Uart(SERCOM*, unsigned char, unsigned char, SercomRXPad, SercomUartTXPad, unsigned char, unsigned char)
                0x000000000000d264                Uart::Uart(SERCOM*, unsigned char, unsigned char, SercomRXPad, SercomUartTXPad, unsigned char, unsigned char)
 .text._ZN4UartC2EP6SERCOMhh11SercomRXPad15SercomUartTXPad
                0x000000000000d308       0x24 ./core.a(Uart.cpp.o)
                0x000000000000d308                Uart::Uart(SERCOM*, unsigned char, unsigned char, SercomRXPad, SercomUartTXPad)
                0x000000000000d308                Uart::Uart(SERCOM*, unsigned char, unsigned char, SercomRXPad, SercomUartTXPad)
 .text._ZN4Uart16extractNbStopBitEt
                0x000000000000d32c        0xe ./core.a(Uart.cpp.o)
                0x000000000000d32c                Uart::extractNbStopBit(unsigned short)
 .text._ZN4Uart15extractCharSizeEt
                0x000000000000d33a       0x2c ./core.a(Uart.cpp.o)
                0x000000000000d33a                Uart::extractCharSize(unsigned short)
 .text._ZN4Uart13extractParityEt
                0x000000000000d366       0x18 ./core.a(Uart.cpp.o)
                0x000000000000d366                Uart::extractParity(unsigned short)
 *fill*         0x000000000000d37e        0x2 
 .text._ZN4Uart5beginEmt
                0x000000000000d380       0xf8 ./core.a(Uart.cpp.o)
                0x000000000000d380                Uart::begin(unsigned long, unsigned short)
 .text._ZN11RingBufferNILi256EE9availableEv
                0x000000000000d478       0x12 ./core.a(Uart.cpp.o)
                0x000000000000d478                RingBufferN<256>::available()
 .text._ZN4Uart5flushEv
                0x000000000000d48a       0x1a ./core.a(Uart.cpp.o)
                0x000000000000d48a                Uart::flush()
 .text._ZN4Uart9availableEv
                0x000000000000d4a4        0xa ./core.a(Uart.cpp.o)
                0x000000000000d4a4                Uart::available()
 .text._ZN11RingBufferNILi256EE17availableForStoreEv
                0x000000000000d4ae       0x1e ./core.a(Uart.cpp.o)
                0x000000000000d4ae                RingBufferN<256>::availableForStore()
 .text._ZN4Uart17availableForWriteEv
                0x000000000000d4cc        0xc ./core.a(Uart.cpp.o)
                0x000000000000d4cc                Uart::availableForWrite()
 .text._ZN4Uart10IrqHandlerEv
                0x000000000000d4d8       0xc8 ./core.a(Uart.cpp.o)
                0x000000000000d4d8                Uart::IrqHandler()
 .text._ZN4Uart5writeEh
                0x000000000000d5a0       0xb4 ./core.a(Uart.cpp.o)
                0x000000000000d5a0                Uart::write(unsigned char)
 .text._ZN4Uart4readEv
                0x000000000000d654       0x4c ./core.a(Uart.cpp.o)
                0x000000000000d654                Uart::read()
 .text._ZNK6String14StringIfHelperEv
                0x000000000000d6a0        0x2 ./core.a(WString.cpp.o)
                0x000000000000d6a0                String::StringIfHelper() const
 .text._ZN6StringD2Ev
                0x000000000000d6a2        0xe ./core.a(WString.cpp.o)
                0x000000000000d6a2                String::~String()
                0x000000000000d6a2                String::~String()
 .text._ZN6String10invalidateEv
                0x000000000000d6b0       0x18 ./core.a(WString.cpp.o)
                0x000000000000d6b0                String::invalidate()
 .text._ZN6String12changeBufferEj
                0x000000000000d6c8       0x18 ./core.a(WString.cpp.o)
                0x000000000000d6c8                String::changeBuffer(unsigned int)
 .text._ZN6String7reserveEj
                0x000000000000d6e0       0x28 ./core.a(WString.cpp.o)
                0x000000000000d6e0                String::reserve(unsigned int)
 .text._ZN6String4copyEPKcj
                0x000000000000d708       0x28 ./core.a(WString.cpp.o)
                0x000000000000d708                String::copy(char const*, unsigned int)
 .text._ZN6StringC2EPKc
                0x000000000000d730       0x26 ./core.a(WString.cpp.o)
                0x000000000000d730                String::String(char const*)
                0x000000000000d730                String::String(char const*)
 *fill*         0x000000000000d756        0x2 
 .text._ZN6String4moveERS_
                0x000000000000d758       0x4c ./core.a(WString.cpp.o)
                0x000000000000d758                String::move(String&)
 .text._ZN6StringaSERKS_
                0x000000000000d7a4       0x20 ./core.a(WString.cpp.o)
                0x000000000000d7a4                String::operator=(String const&)
 .text._ZN6StringC2ERKS_
                0x000000000000d7c4       0x14 ./core.a(WString.cpp.o)
                0x000000000000d7c4                String::String(String const&)
                0x000000000000d7c4                String::String(String const&)
 .text._ZN6StringaSEOS_
                0x000000000000d7d8       0x10 ./core.a(WString.cpp.o)
                0x000000000000d7d8                String::operator=(String&&)
 .text._ZN6StringaSEPKc
                0x000000000000d7e8       0x22 ./core.a(WString.cpp.o)
                0x000000000000d7e8                String::operator=(char const*)
 .text._ZN6String6concatEPKcj
                0x000000000000d80a       0x32 ./core.a(WString.cpp.o)
                0x000000000000d80a                String::concat(char const*, unsigned int)
 .text._ZN6String6concatERKS_
                0x000000000000d83c        0xe ./core.a(WString.cpp.o)
                0x000000000000d83c                String::concat(String const&)
 .text._ZN6String6concatEc
                0x000000000000d84a       0x14 ./core.a(WString.cpp.o)
                0x000000000000d84a                String::concat(char)
 .text._ZplRK15StringSumHelperRK6String
                0x000000000000d85e       0x1c ./core.a(WString.cpp.o)
                0x000000000000d85e                operator+(StringSumHelper const&, String const&)
 .text._ZplRK15StringSumHelperPKc
                0x000000000000d87a       0x26 ./core.a(WString.cpp.o)
                0x000000000000d87a                operator+(StringSumHelper const&, char const*)
 .text._ZNK6String6equalsEPKc
                0x000000000000d8a0       0x2a ./core.a(WString.cpp.o)
                0x000000000000d8a0                String::equals(char const*) const
 *fill*         0x000000000000d8ca        0x2 
 .text._ZNK6String9substringEjj
                0x000000000000d8cc       0x4c ./core.a(WString.cpp.o)
                0x000000000000d8cc                String::substring(unsigned int, unsigned int) const
 .text.initiateReset
                0x000000000000d918        0xc ./core.a(Reset.cpp.o)
                0x000000000000d918                initiateReset
 .text.cancelReset
                0x000000000000d924       0x10 ./core.a(Reset.cpp.o)
                0x000000000000d924                cancelReset
 .text.tickReset
                0x000000000000d934       0x74 ./core.a(Reset.cpp.o)
                0x000000000000d934                tickReset
 .text.SERCOM5_Handler
                0x000000000000d9a8       0x10 ./core.a(variant.cpp.o)
                0x000000000000d9a8                SERCOM5_Handler
 .text.startup._GLOBAL__sub_I_g_APinDescription
                0x000000000000d9b8       0x80 ./core.a(variant.cpp.o)
 .text.__aeabi_atexit
                0x000000000000da38        0xe /home/snir2g2/.arduinocdt/packages/arduino/tools/arm-none-eabi-gcc/4.8.3-2014q1/bin/../lib/gcc/arm-none-eabi/4.8.3/../../../../arm-none-eabi/lib/armv6-m/libstdc++_s.a(atexit_arm.o)
                0x000000000000da38                __aeabi_atexit
 *fill*         0x000000000000da46        0x2 
 .text.__fpclassifyd
                0x000000000000da48       0x60 /home/snir2g2/.arduinocdt/packages/arduino/tools/arm-none-eabi-gcc/4.8.3-2014q1/bin/../lib/gcc/arm-none-eabi/4.8.3/../../../../arm-none-eabi/lib/armv6-m/libm.a(lib_a-s_fpclassify.o)
                0x000000000000da48                __fpclassifyd
 .text.fmod     0x000000000000daa8       0xd0 /home/snir2g2/.arduinocdt/packages/arduino/tools/arm-none-eabi-gcc/4.8.3-2014q1/bin/../lib/gcc/arm-none-eabi/4.8.3/../../../../arm-none-eabi/lib/armv6-m/libm.a(lib_a-w_fmod.o)
                0x000000000000daa8                fmod
 .text.__ieee754_fmod
                0x000000000000db78      0x29c /home/snir2g2/.arduinocdt/packages/arduino/tools/arm-none-eabi-gcc/4.8.3-2014q1/bin/../lib/gcc/arm-none-eabi/4.8.3/../../../../arm-none-eabi/lib/armv6-m/libm.a(lib_a-e_fmod.o)
                0x000000000000db78                __ieee754_fmod
 .text.matherr  0x000000000000de14        0x4 /home/snir2g2/.arduinocdt/packages/arduino/tools/arm-none-eabi-gcc/4.8.3-2014q1/bin/../lib/gcc/arm-none-eabi/4.8.3/../../../../arm-none-eabi/lib/armv6-m/libm.a(lib_a-s_matherr.o)
                0x000000000000de14                matherr